******************************************************************************
                  TI ARM Linker Unix v18.12.4                  
******************************************************************************
>> Linked Tue Dec  3 05:52:43 2019

OUTPUT FILE NAME:   <esd_project.out>
ENTRY POINT SYMBOL: "_c_int00_noargs"  address: 000032f5


MEMORY CONFIGURATION

         name            origin    length      used     unused   attr    fill
----------------------  --------  ---------  --------  --------  ----  --------
  MAIN                  00000000   00040000  00003b03  0003c4fd  R  X
  INFO                  00200000   00004000  00000000  00004000  R  X
  SRAM_CODE             01000000   00010000  000009b4  0000f64c  RW X
  SRAM_DATA             20000000   00010000  000009b4  0000f64c  RW  


SEGMENT ALLOCATION MAP

run origin  load origin   length   init length attrs members
----------  ----------- ---------- ----------- ----- -------
00000000    00000000    00003b08   00003b08    r-x
  00000000    00000000    000000e4   000000e4    r-- .intvecs
  000000e4    000000e4    0000347c   0000347c    r-x .text
  00003560    00003560    0000050b   0000050b    r-- .const
  00003a70    00003a70    00000098   00000098    r-- .cinit
20000000    20000000    000007b4   00000000    rw-
  20000000    20000000    00000400   00000000    rw- .sysmem
  20000400    20000400    000001ec   00000000    rw- .data
  200005ec    200005ec    000001c8   00000000    rw- .bss
2000fe00    2000fe00    00000200   00000000    rw-
  2000fe00    2000fe00    00000200   00000000    rw- .stack


SECTION ALLOCATION MAP

 output                                  attributes/
section   page    origin      length       input sections
--------  ----  ----------  ----------   ----------------
.intvecs   0    00000000    000000e4     
                  00000000    000000e4     startup_msp432p401r_ccs.obj (.intvecs:retain)

.text      0    000000e4    0000347c     
                  000000e4    00000a4e     rtsv7M4_T_le_v4SPD16_eabi.lib : _printfi.c.obj (.text:__TI_printfi)
                  00000b32    00000002                                   : _lock.c.obj (.text:_nop)
                  00000b34    00000730     main.obj (.text)
                  00001264    00000334     system_msp432p401r.obj (.text)
                  00001598    00000270     rtsv7M4_T_le_v4SPD16_eabi.lib : _printfi.c.obj (.text:_pconv_a)
                  00001808    000001d0                                   : _printfi.c.obj (.text:_pconv_g)
                  000019d8    000001b6                                   : fd_add_t2.asm.obj (.text)
                  00001b8e    00000002                                   : div0.asm.obj (.text)
                  00001b90    0000013c                                   : _printfi.c.obj (.text:_pconv_e)
                  00001ccc    00000136                                   : fd_div_t2.asm.obj (.text)
                  00001e02    00000002     --HOLE-- [fill = 0]
                  00001e04    00000124                                   : _printfi.c.obj (.text:fcvt)
                  00001f28    00000118                                   : memory.c.obj (.text:aligned_alloc)
                  00002040    00000114                                   : fputs.c.obj (.text:fputs)
                  00002154    00000110                                   : s_scalbn.c.obj (.text:scalbn)
                  00002264    000000fc                                   : fd_mul_t2.asm.obj (.text)
                  00002360    000000e4                                   : memory.c.obj (.text:free)
                  00002444    000000dc                                   : setvbuf.c.obj (.text:setvbuf)
                  00002520    000000b1                                   : _printfi.c.obj (.text:_ltostr)
                  000025d1    00000001     --HOLE-- [fill = 0]
                  000025d2    0000009c                                   : memcpy_t2.asm.obj (.text)
                  0000266e    00000096                                   : ull_div_t2.asm.obj (.text)
                  00002704    0000008c                                   : fputc.c.obj (.text:fputc)
                  00002790    00000086                                   : fd_cmp_t2.asm.obj (.text:__aeabi_cdcmple)
                  00002816    00000086                                   : fd_cmp_t2.asm.obj (.text:__aeabi_cdrcmple)
                  0000289c    0000007a                                   : memset_t2.asm.obj (.text)
                  00002916    00000002     --HOLE-- [fill = 0]
                  00002918    00000074                                   : fclose.c.obj (.text:__TI_closefile)
                  0000298c    00000070                                   : memory.c.obj (.text:split)
                  000029fc    0000006e                                   : _printfi.c.obj (.text:_mcpy)
                  00002a6a    00000002     --HOLE-- [fill = 0]
                  00002a6c    0000006c                                   : hostrename.c.obj (.text:HOSTrename)
                  00002ad8    00000068                                   : hostlseek.c.obj (.text:HOSTlseek)
                  00002b40    00000068                                   : copy_decompress_lzss.c.obj (.text:decompress:lzss:__TI_decompress_lzss)
                  00002ba8    00000068                                   : printf.c.obj (.text:printf)
                  00002c10    00000064                                   : s_frexp.c.obj (.text:frexp)
                  00002c74    00000064                                   : fseek.c.obj (.text:fseek)
                  00002cd8    00000062                                   : _io_perm.c.obj (.text:__TI_wrt_ok)
                  00002d3a    00000002     --HOLE-- [fill = 0]
                  00002d3c    00000060                                   : hostopen.c.obj (.text:HOSTopen)
                  00002d9c    0000005c                                   : close.c.obj (.text:close)
                  00002df8    00000058                                   : hostread.c.obj (.text:HOSTread)
                  00002e50    00000058                                   : hostwrite.c.obj (.text:HOSTwrite)
                  00002ea8    00000056                                   : _printfi.c.obj (.text:_pconv_f)
                  00002efe    00000054                                   : ltoa.c.obj (.text:ltoa)
                  00002f52    00000052                                   : _printfi.c.obj (.text:_ecpy)
                  00002fa4    0000004c                                   : fflush.c.obj (.text:__TI_doflush)
                  00002ff0    0000004c                                   : atoi.c.obj (.text:atoi)
                  0000303c    00000048                                   : exit.c.obj (.text:exit)
                  00003084    00000048                                   : fd_toi_t2.asm.obj (.text)
                  000030cc    00000044                                   : hostclose.c.obj (.text:HOSTclose)
                  00003110    00000044                                   : hostunlink.c.obj (.text:HOSTunlink)
                  00003154    00000044                                   : autoinit.c.obj (.text:__TI_auto_init_nobinit_nopinit:__TI_auto_init_nobinit_nopinit)
                  00003198    00000044                                   : getdevice.c.obj (.text:getdevice)
                  000031dc    0000003e                                   : _printfi.c.obj (.text:_fcpy)
                  0000321a    00000002     --HOLE-- [fill = 0]
                  0000321c    00000038                                   : trgmsg.c.obj (.text:__TI_writemsg)
                  00003254    00000036                                   : strncpy.c.obj (.text:strncpy)
                  0000328a    00000002     --HOLE-- [fill = 0]
                  0000328c    00000034                                   : fopen.c.obj (.text:__TI_cleanup)
                  000032c0    00000034                                   : trgmsg.c.obj (.text:__TI_readmsg)
                  000032f4    00000034                                   : boot_cortex_m.c.obj (.text:_c_int00_noargs:_c_int00_noargs)
                  00003328    00000030                                   : getdevice.c.obj (.text:finddevice)
                  00003358    0000002e                                   : i_tofd_t2.asm.obj (.text)
                  00003386    00000002     --HOLE-- [fill = 0]
                  00003388    0000002c                                   : unlink.c.obj (.text:unlink)
                  000033b4    00000028                                   : memory.c.obj (.text:free_list_insert)
                  000033dc    00000028                                   : lseek.c.obj (.text:lseek)
                  00003404    00000028                                   : write.c.obj (.text:write)
                  0000342c    00000020                                   : memchr.c.obj (.text:memchr)
                  0000344c    0000001c                                   : copy_zero_init.c.obj (.text:decompress:ZI:__TI_zero_init_nomemset:__TI_zero_init_nomemset)
                  00003468    0000001c                                   : memory.c.obj (.text:free_list_remove)
                  00003484    0000001c                                   : memccpy.c.obj (.text:memccpy)
                  000034a0    0000001a                                   : s_copysign.c.obj (.text:copysign)
                  000034ba    00000018                                   : strcmp.c.obj (.text:strcmp)
                  000034d2    00000016                                   : strchr.c.obj (.text:strchr)
                  000034e8    00000014                                   : strcpy.c.obj (.text:strcpy)
                  000034fc    00000014                                   : strlen.c.obj (.text:strlen)
                  00003510    00000012                                   : wcslen.c.obj (.text:wcslen)
                  00003522    0000000e                                   : copy_decompress_none.c.obj (.text:decompress:none:__TI_decompress_none)
                  00003530    0000000e     startup_msp432p401r_ccs.obj (.text)
                  0000353e    00000002     --HOLE-- [fill = 0]
                  00003540    00000008     rtsv7M4_T_le_v4SPD16_eabi.lib : errno.c.obj (.text:__aeabi_errno_addr)
                  00003548    00000008                                   : memory.c.obj (.text:malloc)
                  00003550    00000004                                   : printf.c.obj (.text:_outc)
                  00003554    00000004                                   : printf.c.obj (.text:_outs)
                  00003558    00000004                                   : pre_init.c.obj (.text:_system_pre_init)
                  0000355c    00000004                                   : exit.c.obj (.text:abort:abort)

.const     0    00003560    0000050b     
                  00003560    0000040a     Lucida_Console_8pts_narrow.obj (.const:.string:lucidaConsole_8ptBitmaps_narrow)
                  0000396a    00000101     rtsv7M4_T_le_v4SPD16_eabi.lib : ctype.c.obj (.const:.string:_ctypes_)

.cinit     0    00003a70    00000098     
                  00003a70    0000006e     (.cinit..data.load) [load image, compression = lzss]
                  00003ade    00000002     --HOLE-- [fill = 0]
                  00003ae0    0000000c     (__TI_handler_table)
                  00003aec    00000004     --HOLE-- [fill = 0]
                  00003af0    00000008     (.cinit..bss.load) [load image, compression = zero_init]
                  00003af8    00000010     (__TI_cinit_table)

.init_array 
*          0    00000000    00000000     UNINITIALIZED

.binit     0    00000000    00000000     

.sysmem    0    20000000    00000400     UNINITIALIZED
                  20000000    00000010     rtsv7M4_T_le_v4SPD16_eabi.lib : memory.c.obj (.sysmem)
                  20000010    000003f0     --HOLE--

.data      0    20000400    000001ec     UNINITIALIZED
                  20000400    000000f0     rtsv7M4_T_le_v4SPD16_eabi.lib : defs.c.obj (.data:_ftable)
                  200004f0    00000078                                   : host_device.c.obj (.data:_device)
                  20000568    00000050                                   : host_device.c.obj (.data:_stream)
                  200005b8    00000010                                   : defs.c.obj (.data)
                  200005c8    0000000c                                   : exit.c.obj (.data:$O1$$)
                  200005d4    00000008                                   : _lock.c.obj (.data:$O1$$)
                  200005dc    00000008                                   : memory.c.obj (.data:$O1$$)
                  200005e4    00000004                                   : errno.c.obj (.data)
                  200005e8    00000004     system_msp432p401r.obj (.data)

.bss       0    200005ec    000001c8     UNINITIALIZED
                  200005ec    00000120     rtsv7M4_T_le_v4SPD16_eabi.lib : trgmsg.c.obj (.bss:_CIOBUF_)
                  2000070c    000000a0     (.common:__TI_tmpnams)
                  200007ac    00000008     (.common:parmbuf)

.stack     0    2000fe00    00000200     UNINITIALIZED
                  2000fe00    00000004     rtsv7M4_T_le_v4SPD16_eabi.lib : boot_cortex_m.c.obj (.stack)
                  2000fe04    000001fc     --HOLE--

MODULE SUMMARY

       Module                           code    ro data   rw data
       ------                           ----    -------   -------
    ./
       main.obj                         1840    0         0      
       Lucida_Console_8pts_narrow.obj   0       1034      0      
       system_msp432p401r.obj           820     0         8      
       startup_msp432p401r_ccs.obj      14      228       0      
    +--+--------------------------------+-------+---------+---------+
       Total:                           2674    1262      8      
                                                                 
    /Applications/ti/ccs910/ccs/tools/compiler/ti-cgt-arm_18.12.4.LTS/lib/rtsv7M4_T_le_v4SPD16_eabi.lib
       _printfi.c.obj                   4851    0         0      
       defs.c.obj                       0       0         832    
       memory.c.obj                     696     0         16     
       trgmsg.c.obj                     108     0         576    
       fd_add_t2.asm.obj                438     0         0      
       host_device.c.obj                0       0         400    
       fd_div_t2.asm.obj                310     0         0      
       fputs.c.obj                      276     0         0      
       s_scalbn.c.obj                   272     0         0      
       fd_cmp_t2.asm.obj                268     0         0      
       ctype.c.obj                      0       257       0      
       fd_mul_t2.asm.obj                252     0         0      
       setvbuf.c.obj                    220     0         0      
       memcpy_t2.asm.obj                156     0         0      
       ull_div_t2.asm.obj               150     0         0      
       fputc.c.obj                      140     0         0      
       memset_t2.asm.obj                122     0         0      
       fclose.c.obj                     116     0         0      
       getdevice.c.obj                  116     0         0      
       hostopen.c.obj                   96      0         16     
       printf.c.obj                     112     0         0      
       hostrename.c.obj                 108     0         0      
       copy_decompress_lzss.c.obj       104     0         0      
       hostlseek.c.obj                  104     0         0      
       exit.c.obj                       76      0         24     
       fseek.c.obj                      100     0         0      
       s_frexp.c.obj                    100     0         0      
       _io_perm.c.obj                   98      0         0      
       close.c.obj                      92      0         0      
       hostread.c.obj                   88      0         0      
       hostwrite.c.obj                  88      0         0      
       ltoa.c.obj                       84      0         0      
       atoi.c.obj                       76      0         0      
       fflush.c.obj                     76      0         0      
       fd_toi_t2.asm.obj                72      0         0      
       autoinit.c.obj                   68      0         0      
       hostclose.c.obj                  68      0         0      
       hostunlink.c.obj                 68      0         0      
       strncpy.c.obj                    54      0         0      
       boot_cortex_m.c.obj              52      0         0      
       fopen.c.obj                      52      0         0      
       i_tofd_t2.asm.obj                46      0         0      
       unlink.c.obj                     44      0         0      
       lseek.c.obj                      40      0         0      
       write.c.obj                      40      0         0      
       memchr.c.obj                     32      0         0      
       copy_zero_init.c.obj             28      0         0      
       memccpy.c.obj                    28      0         0      
       s_copysign.c.obj                 26      0         0      
       strcmp.c.obj                     24      0         0      
       strchr.c.obj                     22      0         0      
       strcpy.c.obj                     20      0         0      
       strlen.c.obj                     20      0         0      
       _lock.c.obj                      2       0         16     
       wcslen.c.obj                     18      0         0      
       errno.c.obj                      8       0         8      
       copy_decompress_none.c.obj       14      0         0      
       pre_init.c.obj                   4       0         0      
       div0.asm.obj                     2       0         0      
    +--+--------------------------------+-------+---------+---------+
       Total:                           10745   257       1888   
                                                                 
       Heap:                            0       0         2048   
       Stack:                           0       0         1024   
       Linker Generated:                0       146       0      
    +--+--------------------------------+-------+---------+---------+
       Grand Total:                     13419   1665      4968   


LINKER GENERATED COPY TABLES

__TI_cinit_table @ 00003af8 records: 2, size/record: 8, table size: 16
	.data: load addr=00003a70, load size=0000006e bytes, run addr=20000400, run size=000001ec bytes, compression=lzss
	.bss: load addr=00003af0, load size=00000008 bytes, run addr=200005ec, run size=000001c8 bytes, compression=zero_init


LINKER GENERATED HANDLER TABLE

__TI_handler_table @ 00003ae0 records: 3, size/record: 4, table size: 12
	index: 0, handler: __TI_decompress_lzss
	index: 1, handler: __TI_decompress_none
	index: 2, handler: __TI_zero_init


GLOBAL SYMBOLS: SORTED ALPHABETICALLY BY Name 

address   name                           
-------   ----                           
0000353d  ADC14_IRQHandler               
0000353d  AES256_IRQHandler              
0000353d  BusFault_Handler               
0000355d  C$$EXIT                        
0000324b  C$$IO$$                        
0000353d  COMP_E0_IRQHandler             
0000353d  COMP_E1_IRQHandler             
0000353d  CS_IRQHandler                  
0000353d  DMA_ERR_IRQHandler             
0000353d  DMA_INT0_IRQHandler            
0000353d  DMA_INT1_IRQHandler            
0000353d  DMA_INT2_IRQHandler            
0000353d  DMA_INT3_IRQHandler            
0000353d  DebugMon_Handler               
0000353d  Default_Handler                
0000353d  EUSCIA0_IRQHandler             
0000353d  EUSCIA1_IRQHandler             
0000353d  EUSCIA2_IRQHandler             
0000353d  EUSCIA3_IRQHandler             
0000101d  EUSCIB0_IRQHandler             
0000101d  EUSCIB0_IRQHandler             
0000353d  EUSCIB1_IRQHandler             
0000353d  EUSCIB2_IRQHandler             
0000353d  EUSCIB3_IRQHandler             
0000353d  FLCTL_IRQHandler               
0000353d  FPU_IRQHandler                 
000030cd  HOSTclose                      
00002ad9  HOSTlseek                      
00002d3d  HOSTopen                       
00002df9  HOSTread                       
00002a6d  HOSTrename                     
00003111  HOSTunlink                     
00002e51  HOSTwrite                      
0000353d  HardFault_Handler              
0000353d  MemManage_Handler              
0000353d  NMI_Handler                    
0000353d  PCM_IRQHandler                 
0000353d  PORT1_IRQHandler               
0000353d  PORT2_IRQHandler               
0000353d  PORT3_IRQHandler               
0000353d  PORT4_IRQHandler               
0000353d  PORT5_IRQHandler               
0000353d  PORT6_IRQHandler               
0000353d  PSS_IRQHandler                 
0000353d  PendSV_Handler                 
0000353d  RTC_C_IRQHandler               
00003531  Reset_Handler                  
0000353d  SVC_Handler                    
0000353d  SysTick_Handler                
200005e8  SystemCoreClock                
00001265  SystemCoreClockUpdate          
000014dd  SystemInit                     
0000353d  T32_INT1_IRQHandler            
0000353d  T32_INT2_IRQHandler            
0000353d  T32_INTC_IRQHandler            
0000353d  TA0_0_IRQHandler               
0000353d  TA0_N_IRQHandler               
0000353d  TA1_0_IRQHandler               
0000353d  TA1_N_IRQHandler               
0000353d  TA2_0_IRQHandler               
0000353d  TA2_N_IRQHandler               
0000353d  TA3_0_IRQHandler               
0000353d  TA3_N_IRQHandler               
0000353d  UsageFault_Handler             
4000480c  WDTCTL_SYM                     
0000353d  WDT_A_IRQHandler               
200005ec  __CIOBUF_                      
20010000  __STACK_END                    
00000200  __STACK_SIZE                   
00000400  __SYSMEM_SIZE                  
00003af8  __TI_CINIT_Base                
00003b08  __TI_CINIT_Limit               
00003ae0  __TI_Handler_Table_Base        
00003aec  __TI_Handler_Table_Limit       
00003155  __TI_auto_init_nobinit_nopinit 
0000328d  __TI_cleanup                   
200005c8  __TI_cleanup_ptr               
00002919  __TI_closefile                 
00002b41  __TI_decompress_lzss           
00003523  __TI_decompress_none           
00002fa5  __TI_doflush                   
200005cc  __TI_dtors_ptr                 
200005d0  __TI_enable_exit_profile_output
200005b8  __TI_ft_end                    
ffffffff  __TI_pprof_out_hndl            
000000e5  __TI_printfi                   
ffffffff  __TI_prof_data_size            
ffffffff  __TI_prof_data_start           
000032c1  __TI_readmsg                   
00000000  __TI_static_base__             
2000070c  __TI_tmpnams                   
0000321d  __TI_writemsg                  
00002cd9  __TI_wrt_ok                    
0000344d  __TI_zero_init_nomemset        
00002791  __aeabi_cdcmpeq                
00002791  __aeabi_cdcmple                
00002817  __aeabi_cdrcmple               
00003085  __aeabi_d2iz                   
000019e3  __aeabi_dadd                   
00001ccd  __aeabi_ddiv                   
00002265  __aeabi_dmul                   
000019d9  __aeabi_dsub                   
00003541  __aeabi_errno_addr             
00003359  __aeabi_i2d                    
00001b8f  __aeabi_idiv0                  
00001b8f  __aeabi_ldiv0                  
0000289d  __aeabi_memclr                 
0000289d  __aeabi_memclr4                
0000289d  __aeabi_memclr8                
000025d3  __aeabi_memcpy                 
000025d3  __aeabi_memcpy4                
000025d3  __aeabi_memcpy8                
0000289f  __aeabi_memset                 
0000289f  __aeabi_memset4                
0000289f  __aeabi_memset8                
200005c4  __aeabi_stderr                 
200005bc  __aeabi_stdin                  
200005c0  __aeabi_stdout                 
0000266f  __aeabi_uldivmod               
ffffffff  __binit__                      
ffffffff  __c_args__                     
UNDEFED   __mpu_init                     
2000fe00  __stack                        
000032f5  _c_int00_noargs                
0000396a  _ctypes_                       
200004f0  _device                        
20000400  _ftable                        
200005d4  _lock                          
00000b33  _nop                           
20000568  _stream                        
20000000  _sys_memory                    
UNDEFED   _system_post_cinit             
00003559  _system_pre_init               
200005d8  _unlock                        
0000355d  abort                          
00001f29  aligned_alloc                  
00002ff1  atoi                           
ffffffff  binit                          
00002d9d  close                          
000034a1  copysign                       
000034a1  copysignl                      
00000c71  delay                          
00000d89  drawLineX                      
00000def  drawLineY                      
200005e4  errno                          
0000303d  exit                           
00003329  finddevice                     
00002705  fputc                          
00002041  fputs                          
00002361  free                           
00002c11  frexp                          
00002c11  frexpl                         
00002c75  fseek                          
00003199  getdevice                      
00000000  interruptVectors               
00001035  lcdInit                        
00000cad  lcdSendCommand                 
00002155  ldexp                          
00002155  ldexpl                         
000033dd  lseek                          
00002eff  ltoa                           
00003560  lucidaConsole_8ptBitmaps_narrow
00000b35  main                           
00003549  malloc                         
00001f29  memalign                       
00003485  memccpy                        
0000342d  memchr                         
000025d3  memcpy                         
000028a5  memset                         
200007ac  parmbuf                        
00002ba9  printf                         
00002705  putc                           
00003389  remove                         
00002155  scalbn                         
00002155  scalbnl                        
00000d19  selectCS                       
00000d3d  selectDC                       
00000c2d  setCursorMode                  
00000d61  setCursorXY                    
00002445  setvbuf                        
00000cc9  spi16bytes                     
00000cfd  spi8bytes                      
000034d3  strchr                         
000034bb  strcmp                         
000034e9  strcpy                         
000034fd  strlen                         
00003255  strncpy                        
00003389  unlink                         
00003511  wcslen                         
00003405  write                          
00000f31  writeLetter                    
00000e81  writeString                    


GLOBAL SYMBOLS: SORTED BY Symbol Address 

address   name                           
-------   ----                           
00000000  __TI_static_base__             
00000000  interruptVectors               
000000e5  __TI_printfi                   
00000200  __STACK_SIZE                   
00000400  __SYSMEM_SIZE                  
00000b33  _nop                           
00000b35  main                           
00000c2d  setCursorMode                  
00000c71  delay                          
00000cad  lcdSendCommand                 
00000cc9  spi16bytes                     
00000cfd  spi8bytes                      
00000d19  selectCS                       
00000d3d  selectDC                       
00000d61  setCursorXY                    
00000d89  drawLineX                      
00000def  drawLineY                      
00000e81  writeString                    
00000f31  writeLetter                    
0000101d  EUSCIB0_IRQHandler             
0000101d  EUSCIB0_IRQHandler             
00001035  lcdInit                        
00001265  SystemCoreClockUpdate          
000014dd  SystemInit                     
000019d9  __aeabi_dsub                   
000019e3  __aeabi_dadd                   
00001b8f  __aeabi_idiv0                  
00001b8f  __aeabi_ldiv0                  
00001ccd  __aeabi_ddiv                   
00001f29  aligned_alloc                  
00001f29  memalign                       
00002041  fputs                          
00002155  ldexp                          
00002155  ldexpl                         
00002155  scalbn                         
00002155  scalbnl                        
00002265  __aeabi_dmul                   
00002361  free                           
00002445  setvbuf                        
000025d3  __aeabi_memcpy                 
000025d3  __aeabi_memcpy4                
000025d3  __aeabi_memcpy8                
000025d3  memcpy                         
0000266f  __aeabi_uldivmod               
00002705  fputc                          
00002705  putc                           
00002791  __aeabi_cdcmpeq                
00002791  __aeabi_cdcmple                
00002817  __aeabi_cdrcmple               
0000289d  __aeabi_memclr                 
0000289d  __aeabi_memclr4                
0000289d  __aeabi_memclr8                
0000289f  __aeabi_memset                 
0000289f  __aeabi_memset4                
0000289f  __aeabi_memset8                
000028a5  memset                         
00002919  __TI_closefile                 
00002a6d  HOSTrename                     
00002ad9  HOSTlseek                      
00002b41  __TI_decompress_lzss           
00002ba9  printf                         
00002c11  frexp                          
00002c11  frexpl                         
00002c75  fseek                          
00002cd9  __TI_wrt_ok                    
00002d3d  HOSTopen                       
00002d9d  close                          
00002df9  HOSTread                       
00002e51  HOSTwrite                      
00002eff  ltoa                           
00002fa5  __TI_doflush                   
00002ff1  atoi                           
0000303d  exit                           
00003085  __aeabi_d2iz                   
000030cd  HOSTclose                      
00003111  HOSTunlink                     
00003155  __TI_auto_init_nobinit_nopinit 
00003199  getdevice                      
0000321d  __TI_writemsg                  
0000324b  C$$IO$$                        
00003255  strncpy                        
0000328d  __TI_cleanup                   
000032c1  __TI_readmsg                   
000032f5  _c_int00_noargs                
00003329  finddevice                     
00003359  __aeabi_i2d                    
00003389  remove                         
00003389  unlink                         
000033dd  lseek                          
00003405  write                          
0000342d  memchr                         
0000344d  __TI_zero_init_nomemset        
00003485  memccpy                        
000034a1  copysign                       
000034a1  copysignl                      
000034bb  strcmp                         
000034d3  strchr                         
000034e9  strcpy                         
000034fd  strlen                         
00003511  wcslen                         
00003523  __TI_decompress_none           
00003531  Reset_Handler                  
0000353d  ADC14_IRQHandler               
0000353d  AES256_IRQHandler              
0000353d  BusFault_Handler               
0000353d  COMP_E0_IRQHandler             
0000353d  COMP_E1_IRQHandler             
0000353d  CS_IRQHandler                  
0000353d  DMA_ERR_IRQHandler             
0000353d  DMA_INT0_IRQHandler            
0000353d  DMA_INT1_IRQHandler            
0000353d  DMA_INT2_IRQHandler            
0000353d  DMA_INT3_IRQHandler            
0000353d  DebugMon_Handler               
0000353d  Default_Handler                
0000353d  EUSCIA0_IRQHandler             
0000353d  EUSCIA1_IRQHandler             
0000353d  EUSCIA2_IRQHandler             
0000353d  EUSCIA3_IRQHandler             
0000353d  EUSCIB1_IRQHandler             
0000353d  EUSCIB2_IRQHandler             
0000353d  EUSCIB3_IRQHandler             
0000353d  FLCTL_IRQHandler               
0000353d  FPU_IRQHandler                 
0000353d  HardFault_Handler              
0000353d  MemManage_Handler              
0000353d  NMI_Handler                    
0000353d  PCM_IRQHandler                 
0000353d  PORT1_IRQHandler               
0000353d  PORT2_IRQHandler               
0000353d  PORT3_IRQHandler               
0000353d  PORT4_IRQHandler               
0000353d  PORT5_IRQHandler               
0000353d  PORT6_IRQHandler               
0000353d  PSS_IRQHandler                 
0000353d  PendSV_Handler                 
0000353d  RTC_C_IRQHandler               
0000353d  SVC_Handler                    
0000353d  SysTick_Handler                
0000353d  T32_INT1_IRQHandler            
0000353d  T32_INT2_IRQHandler            
0000353d  T32_INTC_IRQHandler            
0000353d  TA0_0_IRQHandler               
0000353d  TA0_N_IRQHandler               
0000353d  TA1_0_IRQHandler               
0000353d  TA1_N_IRQHandler               
0000353d  TA2_0_IRQHandler               
0000353d  TA2_N_IRQHandler               
0000353d  TA3_0_IRQHandler               
0000353d  TA3_N_IRQHandler               
0000353d  UsageFault_Handler             
0000353d  WDT_A_IRQHandler               
00003541  __aeabi_errno_addr             
00003549  malloc                         
00003559  _system_pre_init               
0000355d  C$$EXIT                        
0000355d  abort                          
00003560  lucidaConsole_8ptBitmaps_narrow
0000396a  _ctypes_                       
00003ae0  __TI_Handler_Table_Base        
00003aec  __TI_Handler_Table_Limit       
00003af8  __TI_CINIT_Base                
00003b08  __TI_CINIT_Limit               
20000000  _sys_memory                    
20000400  _ftable                        
200004f0  _device                        
20000568  _stream                        
200005b8  __TI_ft_end                    
200005bc  __aeabi_stdin                  
200005c0  __aeabi_stdout                 
200005c4  __aeabi_stderr                 
200005c8  __TI_cleanup_ptr               
200005cc  __TI_dtors_ptr                 
200005d0  __TI_enable_exit_profile_output
200005d4  _lock                          
200005d8  _unlock                        
200005e4  errno                          
200005e8  SystemCoreClock                
200005ec  __CIOBUF_                      
2000070c  __TI_tmpnams                   
200007ac  parmbuf                        
2000fe00  __stack                        
20010000  __STACK_END                    
4000480c  WDTCTL_SYM                     
ffffffff  __TI_pprof_out_hndl            
ffffffff  __TI_prof_data_size            
ffffffff  __TI_prof_data_start           
ffffffff  __binit__                      
ffffffff  __c_args__                     
ffffffff  binit                          
UNDEFED   __mpu_init                     
UNDEFED   _system_post_cinit             

[192 symbols]
