<?xml version="1.0" encoding="ISO-8859-1" ?>
<link_info>
   <banner>TI ARM Linker Unix v18.12.4.LTS</banner>
   <copyright>Copyright (c) 1996-2018 Texas Instruments Incorporated</copyright>
   <link_time>0x5df49022</link_time>
   <link_errors>0x0</link_errors>
   <output_file>esd_project.out</output_file>
   <entry_point>
      <name>_c_int00_noargs</name>
      <address>0x473d</address>
   </entry_point>
   <input_file_list>
      <input_file id="fl-1">
         <path>./</path>
         <kind>object</kind>
         <file>Lucida_Console_8pts.obj</file>
         <name>Lucida_Console_8pts.obj</name>
      </input_file>
      <input_file id="fl-2">
         <path>./</path>
         <kind>object</kind>
         <file>Lucida_Console_8pts_narrow.obj</file>
         <name>Lucida_Console_8pts_narrow.obj</name>
      </input_file>
      <input_file id="fl-3">
         <path>./</path>
         <kind>object</kind>
         <file>lcd_driver.obj</file>
         <name>lcd_driver.obj</name>
      </input_file>
      <input_file id="fl-4">
         <path>./</path>
         <kind>object</kind>
         <file>lcd_touch_driver.obj</file>
         <name>lcd_touch_driver.obj</name>
      </input_file>
      <input_file id="fl-5">
         <path>./</path>
         <kind>object</kind>
         <file>main.obj</file>
         <name>main.obj</name>
      </input_file>
      <input_file id="fl-6">
         <path>./</path>
         <kind>object</kind>
         <file>startup_msp432p401r_ccs.obj</file>
         <name>startup_msp432p401r_ccs.obj</name>
      </input_file>
      <input_file id="fl-7">
         <path>./</path>
         <kind>object</kind>
         <file>system_msp432p401r.obj</file>
         <name>system_msp432p401r.obj</name>
      </input_file>
      <input_file id="fl-b">
         <kind>object</kind>
         <file>&lt;internal&gt;</file>
         <name>&lt;internal&gt;</name>
      </input_file>
      <input_file id="fl-c1">
         <path>/Applications/ti/ccs910/ccs/tools/compiler/ti-cgt-arm_18.12.4.LTS/lib/</path>
         <kind>archive</kind>
         <file>rtsv7M4_T_le_v4SPD16_eabi.lib</file>
         <name>s_sin.c.obj</name>
      </input_file>
      <input_file id="fl-c2">
         <path>/Applications/ti/ccs910/ccs/tools/compiler/ti-cgt-arm_18.12.4.LTS/lib/</path>
         <kind>archive</kind>
         <file>rtsv7M4_T_le_v4SPD16_eabi.lib</file>
         <name>printf.c.obj</name>
      </input_file>
      <input_file id="fl-c3">
         <path>/Applications/ti/ccs910/ccs/tools/compiler/ti-cgt-arm_18.12.4.LTS/lib/</path>
         <kind>archive</kind>
         <file>rtsv7M4_T_le_v4SPD16_eabi.lib</file>
         <name>_printfi.c.obj</name>
      </input_file>
      <input_file id="fl-c4">
         <path>/Applications/ti/ccs910/ccs/tools/compiler/ti-cgt-arm_18.12.4.LTS/lib/</path>
         <kind>archive</kind>
         <file>rtsv7M4_T_le_v4SPD16_eabi.lib</file>
         <name>fputc.c.obj</name>
      </input_file>
      <input_file id="fl-c5">
         <path>/Applications/ti/ccs910/ccs/tools/compiler/ti-cgt-arm_18.12.4.LTS/lib/</path>
         <kind>archive</kind>
         <file>rtsv7M4_T_le_v4SPD16_eabi.lib</file>
         <name>fputs.c.obj</name>
      </input_file>
      <input_file id="fl-c6">
         <path>/Applications/ti/ccs910/ccs/tools/compiler/ti-cgt-arm_18.12.4.LTS/lib/</path>
         <kind>archive</kind>
         <file>rtsv7M4_T_le_v4SPD16_eabi.lib</file>
         <name>_io_perm.c.obj</name>
      </input_file>
      <input_file id="fl-c7">
         <path>/Applications/ti/ccs910/ccs/tools/compiler/ti-cgt-arm_18.12.4.LTS/lib/</path>
         <kind>archive</kind>
         <file>rtsv7M4_T_le_v4SPD16_eabi.lib</file>
         <name>setvbuf.c.obj</name>
      </input_file>
      <input_file id="fl-c8">
         <path>/Applications/ti/ccs910/ccs/tools/compiler/ti-cgt-arm_18.12.4.LTS/lib/</path>
         <kind>archive</kind>
         <file>rtsv7M4_T_le_v4SPD16_eabi.lib</file>
         <name>fd_add_t2.asm.obj</name>
      </input_file>
      <input_file id="fl-c9">
         <path>/Applications/ti/ccs910/ccs/tools/compiler/ti-cgt-arm_18.12.4.LTS/lib/</path>
         <kind>archive</kind>
         <file>rtsv7M4_T_le_v4SPD16_eabi.lib</file>
         <name>fd_cmp_t2.asm.obj</name>
      </input_file>
      <input_file id="fl-ca">
         <path>/Applications/ti/ccs910/ccs/tools/compiler/ti-cgt-arm_18.12.4.LTS/lib/</path>
         <kind>archive</kind>
         <file>rtsv7M4_T_le_v4SPD16_eabi.lib</file>
         <name>fd_div_t2.asm.obj</name>
      </input_file>
      <input_file id="fl-cb">
         <path>/Applications/ti/ccs910/ccs/tools/compiler/ti-cgt-arm_18.12.4.LTS/lib/</path>
         <kind>archive</kind>
         <file>rtsv7M4_T_le_v4SPD16_eabi.lib</file>
         <name>fd_mul_t2.asm.obj</name>
      </input_file>
      <input_file id="fl-cc">
         <path>/Applications/ti/ccs910/ccs/tools/compiler/ti-cgt-arm_18.12.4.LTS/lib/</path>
         <kind>archive</kind>
         <file>rtsv7M4_T_le_v4SPD16_eabi.lib</file>
         <name>fd_toi_t2.asm.obj</name>
      </input_file>
      <input_file id="fl-cd">
         <path>/Applications/ti/ccs910/ccs/tools/compiler/ti-cgt-arm_18.12.4.LTS/lib/</path>
         <kind>archive</kind>
         <file>rtsv7M4_T_le_v4SPD16_eabi.lib</file>
         <name>i_tofd_t2.asm.obj</name>
      </input_file>
      <input_file id="fl-ce">
         <path>/Applications/ti/ccs910/ccs/tools/compiler/ti-cgt-arm_18.12.4.LTS/lib/</path>
         <kind>archive</kind>
         <file>rtsv7M4_T_le_v4SPD16_eabi.lib</file>
         <name>memcpy_t2.asm.obj</name>
      </input_file>
      <input_file id="fl-cf">
         <path>/Applications/ti/ccs910/ccs/tools/compiler/ti-cgt-arm_18.12.4.LTS/lib/</path>
         <kind>archive</kind>
         <file>rtsv7M4_T_le_v4SPD16_eabi.lib</file>
         <name>u_tofd_t2.asm.obj</name>
      </input_file>
      <input_file id="fl-d0">
         <path>/Applications/ti/ccs910/ccs/tools/compiler/ti-cgt-arm_18.12.4.LTS/lib/</path>
         <kind>archive</kind>
         <file>rtsv7M4_T_le_v4SPD16_eabi.lib</file>
         <name>ull_div_t2.asm.obj</name>
      </input_file>
      <input_file id="fl-d1">
         <path>/Applications/ti/ccs910/ccs/tools/compiler/ti-cgt-arm_18.12.4.LTS/lib/</path>
         <kind>archive</kind>
         <file>rtsv7M4_T_le_v4SPD16_eabi.lib</file>
         <name>memset_t2.asm.obj</name>
      </input_file>
      <input_file id="fl-d2">
         <path>/Applications/ti/ccs910/ccs/tools/compiler/ti-cgt-arm_18.12.4.LTS/lib/</path>
         <kind>archive</kind>
         <file>rtsv7M4_T_le_v4SPD16_eabi.lib</file>
         <name>copy_zero_init.c.obj</name>
      </input_file>
      <input_file id="fl-d3">
         <path>/Applications/ti/ccs910/ccs/tools/compiler/ti-cgt-arm_18.12.4.LTS/lib/</path>
         <kind>archive</kind>
         <file>rtsv7M4_T_le_v4SPD16_eabi.lib</file>
         <name>copy_decompress_none.c.obj</name>
      </input_file>
      <input_file id="fl-d4">
         <path>/Applications/ti/ccs910/ccs/tools/compiler/ti-cgt-arm_18.12.4.LTS/lib/</path>
         <kind>archive</kind>
         <file>rtsv7M4_T_le_v4SPD16_eabi.lib</file>
         <name>copy_decompress_lzss.c.obj</name>
      </input_file>
      <input_file id="fl-d5">
         <path>/Applications/ti/ccs910/ccs/tools/compiler/ti-cgt-arm_18.12.4.LTS/lib/</path>
         <kind>archive</kind>
         <file>rtsv7M4_T_le_v4SPD16_eabi.lib</file>
         <name>k_rem_pio2.c.obj</name>
      </input_file>
      <input_file id="fl-d6">
         <path>/Applications/ti/ccs910/ccs/tools/compiler/ti-cgt-arm_18.12.4.LTS/lib/</path>
         <kind>archive</kind>
         <file>rtsv7M4_T_le_v4SPD16_eabi.lib</file>
         <name>exit.c.obj</name>
      </input_file>
      <input_file id="fl-d7">
         <path>/Applications/ti/ccs910/ccs/tools/compiler/ti-cgt-arm_18.12.4.LTS/lib/</path>
         <kind>archive</kind>
         <file>rtsv7M4_T_le_v4SPD16_eabi.lib</file>
         <name>_lock.c.obj</name>
      </input_file>
      <input_file id="fl-d8">
         <path>/Applications/ti/ccs910/ccs/tools/compiler/ti-cgt-arm_18.12.4.LTS/lib/</path>
         <kind>archive</kind>
         <file>rtsv7M4_T_le_v4SPD16_eabi.lib</file>
         <name>atoi.c.obj</name>
      </input_file>
      <input_file id="fl-d9">
         <path>/Applications/ti/ccs910/ccs/tools/compiler/ti-cgt-arm_18.12.4.LTS/lib/</path>
         <kind>archive</kind>
         <file>rtsv7M4_T_le_v4SPD16_eabi.lib</file>
         <name>ctype.c.obj</name>
      </input_file>
      <input_file id="fl-da">
         <path>/Applications/ti/ccs910/ccs/tools/compiler/ti-cgt-arm_18.12.4.LTS/lib/</path>
         <kind>archive</kind>
         <file>rtsv7M4_T_le_v4SPD16_eabi.lib</file>
         <name>defs.c.obj</name>
      </input_file>
      <input_file id="fl-db">
         <path>/Applications/ti/ccs910/ccs/tools/compiler/ti-cgt-arm_18.12.4.LTS/lib/</path>
         <kind>archive</kind>
         <file>rtsv7M4_T_le_v4SPD16_eabi.lib</file>
         <name>ltoa.c.obj</name>
      </input_file>
      <input_file id="fl-dc">
         <path>/Applications/ti/ccs910/ccs/tools/compiler/ti-cgt-arm_18.12.4.LTS/lib/</path>
         <kind>archive</kind>
         <file>rtsv7M4_T_le_v4SPD16_eabi.lib</file>
         <name>memccpy.c.obj</name>
      </input_file>
      <input_file id="fl-dd">
         <path>/Applications/ti/ccs910/ccs/tools/compiler/ti-cgt-arm_18.12.4.LTS/lib/</path>
         <kind>archive</kind>
         <file>rtsv7M4_T_le_v4SPD16_eabi.lib</file>
         <name>memchr.c.obj</name>
      </input_file>
      <input_file id="fl-de">
         <path>/Applications/ti/ccs910/ccs/tools/compiler/ti-cgt-arm_18.12.4.LTS/lib/</path>
         <kind>archive</kind>
         <file>rtsv7M4_T_le_v4SPD16_eabi.lib</file>
         <name>memory.c.obj</name>
      </input_file>
      <input_file id="fl-df">
         <path>/Applications/ti/ccs910/ccs/tools/compiler/ti-cgt-arm_18.12.4.LTS/lib/</path>
         <kind>archive</kind>
         <file>rtsv7M4_T_le_v4SPD16_eabi.lib</file>
         <name>strchr.c.obj</name>
      </input_file>
      <input_file id="fl-e0">
         <path>/Applications/ti/ccs910/ccs/tools/compiler/ti-cgt-arm_18.12.4.LTS/lib/</path>
         <kind>archive</kind>
         <file>rtsv7M4_T_le_v4SPD16_eabi.lib</file>
         <name>strlen.c.obj</name>
      </input_file>
      <input_file id="fl-e1">
         <path>/Applications/ti/ccs910/ccs/tools/compiler/ti-cgt-arm_18.12.4.LTS/lib/</path>
         <kind>archive</kind>
         <file>rtsv7M4_T_le_v4SPD16_eabi.lib</file>
         <name>write.c.obj</name>
      </input_file>
      <input_file id="fl-e2">
         <path>/Applications/ti/ccs910/ccs/tools/compiler/ti-cgt-arm_18.12.4.LTS/lib/</path>
         <kind>archive</kind>
         <file>rtsv7M4_T_le_v4SPD16_eabi.lib</file>
         <name>host_device.c.obj</name>
      </input_file>
      <input_file id="fl-e3">
         <path>/Applications/ti/ccs910/ccs/tools/compiler/ti-cgt-arm_18.12.4.LTS/lib/</path>
         <kind>archive</kind>
         <file>rtsv7M4_T_le_v4SPD16_eabi.lib</file>
         <name>boot_cortex_m.c.obj</name>
      </input_file>
      <input_file id="fl-e4">
         <path>/Applications/ti/ccs910/ccs/tools/compiler/ti-cgt-arm_18.12.4.LTS/lib/</path>
         <kind>archive</kind>
         <file>rtsv7M4_T_le_v4SPD16_eabi.lib</file>
         <name>errno.c.obj</name>
      </input_file>
      <input_file id="fl-e5">
         <path>/Applications/ti/ccs910/ccs/tools/compiler/ti-cgt-arm_18.12.4.LTS/lib/</path>
         <kind>archive</kind>
         <file>rtsv7M4_T_le_v4SPD16_eabi.lib</file>
         <name>wcslen.c.obj</name>
      </input_file>
      <input_file id="fl-e6">
         <path>/Applications/ti/ccs910/ccs/tools/compiler/ti-cgt-arm_18.12.4.LTS/lib/</path>
         <kind>archive</kind>
         <file>rtsv7M4_T_le_v4SPD16_eabi.lib</file>
         <name>k_cos.c.obj</name>
      </input_file>
      <input_file id="fl-e7">
         <path>/Applications/ti/ccs910/ccs/tools/compiler/ti-cgt-arm_18.12.4.LTS/lib/</path>
         <kind>archive</kind>
         <file>rtsv7M4_T_le_v4SPD16_eabi.lib</file>
         <name>k_sin.c.obj</name>
      </input_file>
      <input_file id="fl-e8">
         <path>/Applications/ti/ccs910/ccs/tools/compiler/ti-cgt-arm_18.12.4.LTS/lib/</path>
         <kind>archive</kind>
         <file>rtsv7M4_T_le_v4SPD16_eabi.lib</file>
         <name>s_floor.c.obj</name>
      </input_file>
      <input_file id="fl-e9">
         <path>/Applications/ti/ccs910/ccs/tools/compiler/ti-cgt-arm_18.12.4.LTS/lib/</path>
         <kind>archive</kind>
         <file>rtsv7M4_T_le_v4SPD16_eabi.lib</file>
         <name>s_frexp.c.obj</name>
      </input_file>
      <input_file id="fl-ea">
         <path>/Applications/ti/ccs910/ccs/tools/compiler/ti-cgt-arm_18.12.4.LTS/lib/</path>
         <kind>archive</kind>
         <file>rtsv7M4_T_le_v4SPD16_eabi.lib</file>
         <name>s_scalbn.c.obj</name>
      </input_file>
      <input_file id="fl-eb">
         <path>/Applications/ti/ccs910/ccs/tools/compiler/ti-cgt-arm_18.12.4.LTS/lib/</path>
         <kind>archive</kind>
         <file>rtsv7M4_T_le_v4SPD16_eabi.lib</file>
         <name>fflush.c.obj</name>
      </input_file>
      <input_file id="fl-ec">
         <path>/Applications/ti/ccs910/ccs/tools/compiler/ti-cgt-arm_18.12.4.LTS/lib/</path>
         <kind>archive</kind>
         <file>rtsv7M4_T_le_v4SPD16_eabi.lib</file>
         <name>fopen.c.obj</name>
      </input_file>
      <input_file id="fl-ed">
         <path>/Applications/ti/ccs910/ccs/tools/compiler/ti-cgt-arm_18.12.4.LTS/lib/</path>
         <kind>archive</kind>
         <file>rtsv7M4_T_le_v4SPD16_eabi.lib</file>
         <name>fseek.c.obj</name>
      </input_file>
      <input_file id="fl-ee">
         <path>/Applications/ti/ccs910/ccs/tools/compiler/ti-cgt-arm_18.12.4.LTS/lib/</path>
         <kind>archive</kind>
         <file>rtsv7M4_T_le_v4SPD16_eabi.lib</file>
         <name>div0.asm.obj</name>
      </input_file>
      <input_file id="fl-ef">
         <path>/Applications/ti/ccs910/ccs/tools/compiler/ti-cgt-arm_18.12.4.LTS/lib/</path>
         <kind>archive</kind>
         <file>rtsv7M4_T_le_v4SPD16_eabi.lib</file>
         <name>autoinit.c.obj</name>
      </input_file>
      <input_file id="fl-f0">
         <path>/Applications/ti/ccs910/ccs/tools/compiler/ti-cgt-arm_18.12.4.LTS/lib/</path>
         <kind>archive</kind>
         <file>rtsv7M4_T_le_v4SPD16_eabi.lib</file>
         <name>pre_init.c.obj</name>
      </input_file>
      <input_file id="fl-f1">
         <path>/Applications/ti/ccs910/ccs/tools/compiler/ti-cgt-arm_18.12.4.LTS/lib/</path>
         <kind>archive</kind>
         <file>rtsv7M4_T_le_v4SPD16_eabi.lib</file>
         <name>cpy_tbl.c.obj</name>
      </input_file>
      <input_file id="fl-f2">
         <path>/Applications/ti/ccs910/ccs/tools/compiler/ti-cgt-arm_18.12.4.LTS/lib/</path>
         <kind>archive</kind>
         <file>rtsv7M4_T_le_v4SPD16_eabi.lib</file>
         <name>args_main.c.obj</name>
      </input_file>
      <input_file id="fl-f3">
         <path>/Applications/ti/ccs910/ccs/tools/compiler/ti-cgt-arm_18.12.4.LTS/lib/</path>
         <kind>archive</kind>
         <file>rtsv7M4_T_le_v4SPD16_eabi.lib</file>
         <name>hostclose.c.obj</name>
      </input_file>
      <input_file id="fl-f4">
         <path>/Applications/ti/ccs910/ccs/tools/compiler/ti-cgt-arm_18.12.4.LTS/lib/</path>
         <kind>archive</kind>
         <file>rtsv7M4_T_le_v4SPD16_eabi.lib</file>
         <name>hostlseek.c.obj</name>
      </input_file>
      <input_file id="fl-f5">
         <path>/Applications/ti/ccs910/ccs/tools/compiler/ti-cgt-arm_18.12.4.LTS/lib/</path>
         <kind>archive</kind>
         <file>rtsv7M4_T_le_v4SPD16_eabi.lib</file>
         <name>hostopen.c.obj</name>
      </input_file>
      <input_file id="fl-f6">
         <path>/Applications/ti/ccs910/ccs/tools/compiler/ti-cgt-arm_18.12.4.LTS/lib/</path>
         <kind>archive</kind>
         <file>rtsv7M4_T_le_v4SPD16_eabi.lib</file>
         <name>hostread.c.obj</name>
      </input_file>
      <input_file id="fl-f7">
         <path>/Applications/ti/ccs910/ccs/tools/compiler/ti-cgt-arm_18.12.4.LTS/lib/</path>
         <kind>archive</kind>
         <file>rtsv7M4_T_le_v4SPD16_eabi.lib</file>
         <name>hostrename.c.obj</name>
      </input_file>
      <input_file id="fl-f8">
         <path>/Applications/ti/ccs910/ccs/tools/compiler/ti-cgt-arm_18.12.4.LTS/lib/</path>
         <kind>archive</kind>
         <file>rtsv7M4_T_le_v4SPD16_eabi.lib</file>
         <name>hostunlink.c.obj</name>
      </input_file>
      <input_file id="fl-f9">
         <path>/Applications/ti/ccs910/ccs/tools/compiler/ti-cgt-arm_18.12.4.LTS/lib/</path>
         <kind>archive</kind>
         <file>rtsv7M4_T_le_v4SPD16_eabi.lib</file>
         <name>hostwrite.c.obj</name>
      </input_file>
      <input_file id="fl-fa">
         <path>/Applications/ti/ccs910/ccs/tools/compiler/ti-cgt-arm_18.12.4.LTS/lib/</path>
         <kind>archive</kind>
         <file>rtsv7M4_T_le_v4SPD16_eabi.lib</file>
         <name>trgmsg.c.obj</name>
      </input_file>
      <input_file id="fl-fb">
         <path>/Applications/ti/ccs910/ccs/tools/compiler/ti-cgt-arm_18.12.4.LTS/lib/</path>
         <kind>archive</kind>
         <file>rtsv7M4_T_le_v4SPD16_eabi.lib</file>
         <name>open.c.obj</name>
      </input_file>
      <input_file id="fl-fc">
         <path>/Applications/ti/ccs910/ccs/tools/compiler/ti-cgt-arm_18.12.4.LTS/lib/</path>
         <kind>archive</kind>
         <file>rtsv7M4_T_le_v4SPD16_eabi.lib</file>
         <name>lseek.c.obj</name>
      </input_file>
      <input_file id="fl-fd">
         <path>/Applications/ti/ccs910/ccs/tools/compiler/ti-cgt-arm_18.12.4.LTS/lib/</path>
         <kind>archive</kind>
         <file>rtsv7M4_T_le_v4SPD16_eabi.lib</file>
         <name>s_copysign.c.obj</name>
      </input_file>
      <input_file id="fl-fe">
         <path>/Applications/ti/ccs910/ccs/tools/compiler/ti-cgt-arm_18.12.4.LTS/lib/</path>
         <kind>archive</kind>
         <file>rtsv7M4_T_le_v4SPD16_eabi.lib</file>
         <name>fclose.c.obj</name>
      </input_file>
      <input_file id="fl-ff">
         <path>/Applications/ti/ccs910/ccs/tools/compiler/ti-cgt-arm_18.12.4.LTS/lib/</path>
         <kind>archive</kind>
         <file>rtsv7M4_T_le_v4SPD16_eabi.lib</file>
         <name>getdevice.c.obj</name>
      </input_file>
      <input_file id="fl-100">
         <path>/Applications/ti/ccs910/ccs/tools/compiler/ti-cgt-arm_18.12.4.LTS/lib/</path>
         <kind>archive</kind>
         <file>rtsv7M4_T_le_v4SPD16_eabi.lib</file>
         <name>strcmp.c.obj</name>
      </input_file>
      <input_file id="fl-101">
         <path>/Applications/ti/ccs910/ccs/tools/compiler/ti-cgt-arm_18.12.4.LTS/lib/</path>
         <kind>archive</kind>
         <file>rtsv7M4_T_le_v4SPD16_eabi.lib</file>
         <name>strcpy.c.obj</name>
      </input_file>
      <input_file id="fl-102">
         <path>/Applications/ti/ccs910/ccs/tools/compiler/ti-cgt-arm_18.12.4.LTS/lib/</path>
         <kind>archive</kind>
         <file>rtsv7M4_T_le_v4SPD16_eabi.lib</file>
         <name>strncpy.c.obj</name>
      </input_file>
      <input_file id="fl-103">
         <path>/Applications/ti/ccs910/ccs/tools/compiler/ti-cgt-arm_18.12.4.LTS/lib/</path>
         <kind>archive</kind>
         <file>rtsv7M4_T_le_v4SPD16_eabi.lib</file>
         <name>remove.c.obj</name>
      </input_file>
      <input_file id="fl-104">
         <path>/Applications/ti/ccs910/ccs/tools/compiler/ti-cgt-arm_18.12.4.LTS/lib/</path>
         <kind>archive</kind>
         <file>rtsv7M4_T_le_v4SPD16_eabi.lib</file>
         <name>close.c.obj</name>
      </input_file>
      <input_file id="fl-105">
         <path>/Applications/ti/ccs910/ccs/tools/compiler/ti-cgt-arm_18.12.4.LTS/lib/</path>
         <kind>archive</kind>
         <file>rtsv7M4_T_le_v4SPD16_eabi.lib</file>
         <name>unlink.c.obj</name>
      </input_file>
   </input_file_list>
   <object_component_list>
      <object_component id="oc-23">
         <name>.intvecs:retain</name>
         <load_address>0x0</load_address>
         <run_address>0x0</run_address>
         <size>0xe4</size>
         <input_file_ref idref="fl-6"/>
      </object_component>
      <object_component id="oc-158">
         <name>.text:__TI_printfi</name>
         <load_address>0xe4</load_address>
         <run_address>0xe4</run_address>
         <size>0xa4e</size>
         <input_file_ref idref="fl-c3"/>
      </object_component>
      <object_component id="oc-22b">
         <name>.text:_nop</name>
         <load_address>0xb32</load_address>
         <run_address>0xb32</run_address>
         <size>0x2</size>
         <input_file_ref idref="fl-d7"/>
      </object_component>
      <object_component id="oc-1ac">
         <name>.text:__kernel_rem_pio2</name>
         <load_address>0xb34</load_address>
         <run_address>0xb34</run_address>
         <size>0x738</size>
         <input_file_ref idref="fl-d5"/>
      </object_component>
      <object_component id="oc-102">
         <name>.text:sin</name>
         <load_address>0x126c</load_address>
         <run_address>0x126c</run_address>
         <size>0x5c4</size>
         <input_file_ref idref="fl-c1"/>
      </object_component>
      <object_component id="oc-6d">
         <name>.text</name>
         <load_address>0x1830</load_address>
         <run_address>0x1830</run_address>
         <size>0x59c</size>
         <input_file_ref idref="fl-3"/>
      </object_component>
      <object_component id="oc-b5">
         <name>.text</name>
         <load_address>0x1dcc</load_address>
         <run_address>0x1dcc</run_address>
         <size>0x334</size>
         <input_file_ref idref="fl-7"/>
      </object_component>
      <object_component id="oc-a3">
         <name>.text</name>
         <load_address>0x2100</load_address>
         <run_address>0x2100</run_address>
         <size>0x2c4</size>
         <input_file_ref idref="fl-5"/>
      </object_component>
      <object_component id="oc-207">
         <name>.text:_pconv_a</name>
         <load_address>0x23c4</load_address>
         <run_address>0x23c4</run_address>
         <size>0x270</size>
         <input_file_ref idref="fl-c3"/>
      </object_component>
      <object_component id="oc-73">
         <name>.text</name>
         <load_address>0x2634</load_address>
         <run_address>0x2634</run_address>
         <size>0x244</size>
         <input_file_ref idref="fl-4"/>
      </object_component>
      <object_component id="oc-1f5">
         <name>.text:_pconv_g</name>
         <load_address>0x2878</load_address>
         <run_address>0x2878</run_address>
         <size>0x1d0</size>
         <input_file_ref idref="fl-c3"/>
      </object_component>
      <object_component id="oc-108">
         <name>.text</name>
         <load_address>0x2a48</load_address>
         <run_address>0x2a48</run_address>
         <size>0x1b6</size>
         <input_file_ref idref="fl-c8"/>
      </object_component>
      <object_component id="oc-33c">
         <name>.text</name>
         <load_address>0x2bfe</load_address>
         <run_address>0x2bfe</run_address>
         <size>0x2</size>
         <input_file_ref idref="fl-ee"/>
      </object_component>
      <object_component id="oc-19c">
         <name>.text:__kernel_sin</name>
         <load_address>0x2c00</load_address>
         <run_address>0x2c00</run_address>
         <size>0x174</size>
         <input_file_ref idref="fl-e7"/>
      </object_component>
      <object_component id="oc-1b2">
         <name>.text:__kernel_cos</name>
         <load_address>0x2d74</load_address>
         <run_address>0x2d74</run_address>
         <size>0x16c</size>
         <input_file_ref idref="fl-e6"/>
      </object_component>
      <object_component id="oc-201">
         <name>.text:_pconv_e</name>
         <load_address>0x2ee0</load_address>
         <run_address>0x2ee0</run_address>
         <size>0x13c</size>
         <input_file_ref idref="fl-c3"/>
      </object_component>
      <object_component id="oc-f8">
         <name>.text</name>
         <load_address>0x301c</load_address>
         <run_address>0x301c</run_address>
         <size>0x136</size>
         <input_file_ref idref="fl-ca"/>
      </object_component>
      <object_component id="oc-2b6">
         <name>.text:fcvt</name>
         <load_address>0x3154</load_address>
         <run_address>0x3154</run_address>
         <size>0x124</size>
         <input_file_ref idref="fl-c3"/>
      </object_component>
      <object_component id="oc-3d1">
         <name>.text:aligned_alloc</name>
         <load_address>0x3278</load_address>
         <run_address>0x3278</run_address>
         <size>0x118</size>
         <input_file_ref idref="fl-de"/>
      </object_component>
      <object_component id="oc-239">
         <name>.text:fputs</name>
         <load_address>0x3390</load_address>
         <run_address>0x3390</run_address>
         <size>0x114</size>
         <input_file_ref idref="fl-c5"/>
      </object_component>
      <object_component id="oc-258">
         <name>.text:scalbn</name>
         <load_address>0x34a4</load_address>
         <run_address>0x34a4</run_address>
         <size>0x110</size>
         <input_file_ref idref="fl-ea"/>
      </object_component>
      <object_component id="oc-fd">
         <name>.text</name>
         <load_address>0x35b4</load_address>
         <run_address>0x35b4</run_address>
         <size>0xfc</size>
         <input_file_ref idref="fl-cb"/>
      </object_component>
      <object_component id="oc-25e">
         <name>.text:floor</name>
         <load_address>0x36b0</load_address>
         <run_address>0x36b0</run_address>
         <size>0xf8</size>
         <input_file_ref idref="fl-e8"/>
      </object_component>
      <object_component id="oc-38f">
         <name>.text:free</name>
         <load_address>0x37a8</load_address>
         <run_address>0x37a8</run_address>
         <size>0xe4</size>
         <input_file_ref idref="fl-de"/>
      </object_component>
      <object_component id="oc-364">
         <name>.text:setvbuf</name>
         <load_address>0x388c</load_address>
         <run_address>0x388c</run_address>
         <size>0xdc</size>
         <input_file_ref idref="fl-c7"/>
      </object_component>
      <object_component id="oc-1ef">
         <name>.text:_ltostr</name>
         <load_address>0x3968</load_address>
         <run_address>0x3968</run_address>
         <size>0xb1</size>
         <input_file_ref idref="fl-c3"/>
      </object_component>
      <object_component id="oc-37">
         <name>.text</name>
         <load_address>0x3a1a</load_address>
         <run_address>0x3a1a</run_address>
         <size>0x9c</size>
         <input_file_ref idref="fl-ce"/>
      </object_component>
      <object_component id="oc-29d">
         <name>.text</name>
         <load_address>0x3ab6</load_address>
         <run_address>0x3ab6</run_address>
         <size>0x96</size>
         <input_file_ref idref="fl-d0"/>
      </object_component>
      <object_component id="oc-240">
         <name>.text:fputc</name>
         <load_address>0x3b4c</load_address>
         <run_address>0x3b4c</run_address>
         <size>0x8c</size>
         <input_file_ref idref="fl-c4"/>
      </object_component>
      <object_component id="oc-1a7">
         <name>.text:__aeabi_cdcmple</name>
         <load_address>0x3bd8</load_address>
         <run_address>0x3bd8</run_address>
         <size>0x86</size>
         <input_file_ref idref="fl-c9"/>
      </object_component>
      <object_component id="oc-264">
         <name>.text:__aeabi_cdrcmple</name>
         <load_address>0x3c5e</load_address>
         <run_address>0x3c5e</run_address>
         <size>0x86</size>
         <input_file_ref idref="fl-c9"/>
      </object_component>
      <object_component id="oc-97">
         <name>.text</name>
         <load_address>0x3ce4</load_address>
         <run_address>0x3ce4</run_address>
         <size>0x7a</size>
         <input_file_ref idref="fl-d1"/>
      </object_component>
      <object_component id="oc-3d8">
         <name>.text:__TI_closefile</name>
         <load_address>0x3d60</load_address>
         <run_address>0x3d60</run_address>
         <size>0x74</size>
         <input_file_ref idref="fl-fe"/>
      </object_component>
      <object_component id="oc-419">
         <name>.text:split</name>
         <load_address>0x3dd4</load_address>
         <run_address>0x3dd4</run_address>
         <size>0x70</size>
         <input_file_ref idref="fl-de"/>
      </object_component>
      <object_component id="oc-2af">
         <name>.text:_mcpy</name>
         <load_address>0x3e44</load_address>
         <run_address>0x3e44</run_address>
         <size>0x6e</size>
         <input_file_ref idref="fl-c3"/>
      </object_component>
      <object_component id="oc-408">
         <name>.text:HOSTrename</name>
         <load_address>0x3eb4</load_address>
         <run_address>0x3eb4</run_address>
         <size>0x6c</size>
         <input_file_ref idref="fl-f7"/>
      </object_component>
      <object_component id="oc-3fc">
         <name>.text:HOSTlseek</name>
         <load_address>0x3f20</load_address>
         <run_address>0x3f20</run_address>
         <size>0x68</size>
         <input_file_ref idref="fl-f4"/>
      </object_component>
      <object_component id="oc-14">
         <name>.text:decompress:lzss:__TI_decompress_lzss</name>
         <load_address>0x3f88</load_address>
         <run_address>0x3f88</run_address>
         <size>0x68</size>
         <input_file_ref idref="fl-d4"/>
      </object_component>
      <object_component id="oc-bc">
         <name>.text:printf</name>
         <load_address>0x3ff0</load_address>
         <run_address>0x3ff0</run_address>
         <size>0x68</size>
         <input_file_ref idref="fl-c2"/>
      </object_component>
      <object_component id="oc-2c4">
         <name>.text:frexp</name>
         <load_address>0x4058</load_address>
         <run_address>0x4058</run_address>
         <size>0x64</size>
         <input_file_ref idref="fl-e9"/>
      </object_component>
      <object_component id="oc-35e">
         <name>.text:fseek</name>
         <load_address>0x40bc</load_address>
         <run_address>0x40bc</run_address>
         <size>0x64</size>
         <input_file_ref idref="fl-ed"/>
      </object_component>
      <object_component id="oc-2f5">
         <name>.text:__TI_wrt_ok</name>
         <load_address>0x4120</load_address>
         <run_address>0x4120</run_address>
         <size>0x62</size>
         <input_file_ref idref="fl-c6"/>
      </object_component>
      <object_component id="oc-3e4">
         <name>.text:HOSTopen</name>
         <load_address>0x4184</load_address>
         <run_address>0x4184</run_address>
         <size>0x60</size>
         <input_file_ref idref="fl-f5"/>
      </object_component>
      <object_component id="oc-420">
         <name>.text:close</name>
         <load_address>0x41e4</load_address>
         <run_address>0x41e4</run_address>
         <size>0x5c</size>
         <input_file_ref idref="fl-104"/>
      </object_component>
      <object_component id="oc-3f0">
         <name>.text:HOSTread</name>
         <load_address>0x4240</load_address>
         <run_address>0x4240</run_address>
         <size>0x58</size>
         <input_file_ref idref="fl-f6"/>
      </object_component>
      <object_component id="oc-3f6">
         <name>.text:HOSTwrite</name>
         <load_address>0x4298</load_address>
         <run_address>0x4298</run_address>
         <size>0x58</size>
         <input_file_ref idref="fl-f9"/>
      </object_component>
      <object_component id="oc-1fb">
         <name>.text:_pconv_f</name>
         <load_address>0x42f0</load_address>
         <run_address>0x42f0</run_address>
         <size>0x56</size>
         <input_file_ref idref="fl-c3"/>
      </object_component>
      <object_component id="oc-2a3">
         <name>.text:ltoa</name>
         <load_address>0x4346</load_address>
         <run_address>0x4346</run_address>
         <size>0x54</size>
         <input_file_ref idref="fl-db"/>
      </object_component>
      <object_component id="oc-2a9">
         <name>.text:_ecpy</name>
         <load_address>0x439a</load_address>
         <run_address>0x439a</run_address>
         <size>0x52</size>
         <input_file_ref idref="fl-c3"/>
      </object_component>
      <object_component id="oc-301">
         <name>.text:__TI_doflush</name>
         <load_address>0x43ec</load_address>
         <run_address>0x43ec</run_address>
         <size>0x4c</size>
         <input_file_ref idref="fl-eb"/>
      </object_component>
      <object_component id="oc-1e9">
         <name>.text:atoi</name>
         <load_address>0x4438</load_address>
         <run_address>0x4438</run_address>
         <size>0x4c</size>
         <input_file_ref idref="fl-d8"/>
      </object_component>
      <object_component id="oc-11c">
         <name>.text:exit</name>
         <load_address>0x4484</load_address>
         <run_address>0x4484</run_address>
         <size>0x48</size>
         <input_file_ref idref="fl-d6"/>
      </object_component>
      <object_component id="oc-10d">
         <name>.text</name>
         <load_address>0x44cc</load_address>
         <run_address>0x44cc</run_address>
         <size>0x48</size>
         <input_file_ref idref="fl-cc"/>
      </object_component>
      <object_component id="oc-3ea">
         <name>.text:HOSTclose</name>
         <load_address>0x4514</load_address>
         <run_address>0x4514</run_address>
         <size>0x44</size>
         <input_file_ref idref="fl-f3"/>
      </object_component>
      <object_component id="oc-402">
         <name>.text:HOSTunlink</name>
         <load_address>0x4558</load_address>
         <run_address>0x4558</run_address>
         <size>0x44</size>
         <input_file_ref idref="fl-f8"/>
      </object_component>
      <object_component id="oc-122">
         <name>.text:__TI_auto_init_nobinit_nopinit:__TI_auto_init_nobinit_nopinit</name>
         <load_address>0x459c</load_address>
         <run_address>0x459c</run_address>
         <size>0x44</size>
         <input_file_ref idref="fl-ef"/>
      </object_component>
      <object_component id="oc-458">
         <name>.text:getdevice</name>
         <load_address>0x45e0</load_address>
         <run_address>0x45e0</run_address>
         <size>0x44</size>
         <input_file_ref idref="fl-ff"/>
      </object_component>
      <object_component id="oc-2bc">
         <name>.text:_fcpy</name>
         <load_address>0x4624</load_address>
         <run_address>0x4624</run_address>
         <size>0x3e</size>
         <input_file_ref idref="fl-c3"/>
      </object_component>
      <object_component id="oc-431">
         <name>.text:__TI_writemsg</name>
         <load_address>0x4664</load_address>
         <run_address>0x4664</run_address>
         <size>0x38</size>
         <input_file_ref idref="fl-fa"/>
      </object_component>
      <object_component id="oc-47a">
         <name>.text:strncpy</name>
         <load_address>0x469c</load_address>
         <run_address>0x469c</run_address>
         <size>0x36</size>
         <input_file_ref idref="fl-102"/>
      </object_component>
      <object_component id="oc-39b">
         <name>.text:__TI_cleanup</name>
         <load_address>0x46d4</load_address>
         <run_address>0x46d4</run_address>
         <size>0x34</size>
         <input_file_ref idref="fl-ec"/>
      </object_component>
      <object_component id="oc-437">
         <name>.text:__TI_readmsg</name>
         <load_address>0x4708</load_address>
         <run_address>0x4708</run_address>
         <size>0x34</size>
         <input_file_ref idref="fl-fa"/>
      </object_component>
      <object_component id="oc-55">
         <name>.text:_c_int00_noargs:_c_int00_noargs</name>
         <load_address>0x473c</load_address>
         <run_address>0x473c</run_address>
         <size>0x34</size>
         <input_file_ref idref="fl-e3"/>
      </object_component>
      <object_component id="oc-480">
         <name>.text:finddevice</name>
         <load_address>0x4770</load_address>
         <run_address>0x4770</run_address>
         <size>0x30</size>
         <input_file_ref idref="fl-ff"/>
      </object_component>
      <object_component id="oc-1a2">
         <name>.text</name>
         <load_address>0x47a0</load_address>
         <run_address>0x47a0</run_address>
         <size>0x2e</size>
         <input_file_ref idref="fl-cd"/>
      </object_component>
      <object_component id="oc-426">
         <name>.text:unlink</name>
         <load_address>0x47d0</load_address>
         <run_address>0x47d0</run_address>
         <size>0x2c</size>
         <input_file_ref idref="fl-105"/>
      </object_component>
      <object_component id="oc-3ca">
         <name>.text:free_list_insert</name>
         <load_address>0x47fc</load_address>
         <run_address>0x47fc</run_address>
         <size>0x28</size>
         <input_file_ref idref="fl-de"/>
      </object_component>
      <object_component id="oc-387">
         <name>.text:lseek</name>
         <load_address>0x4824</load_address>
         <run_address>0x4824</run_address>
         <size>0x28</size>
         <input_file_ref idref="fl-fc"/>
      </object_component>
      <object_component id="oc-307">
         <name>.text:write</name>
         <load_address>0x484c</load_address>
         <run_address>0x484c</run_address>
         <size>0x28</size>
         <input_file_ref idref="fl-e1"/>
      </object_component>
      <object_component id="oc-2fb">
         <name>.text:memchr</name>
         <load_address>0x4874</load_address>
         <run_address>0x4874</run_address>
         <size>0x20</size>
         <input_file_ref idref="fl-dd"/>
      </object_component>
      <object_component id="oc-f3">
         <name>.text</name>
         <load_address>0x4894</load_address>
         <run_address>0x4894</run_address>
         <size>0x20</size>
         <input_file_ref idref="fl-cf"/>
      </object_component>
      <object_component id="oc-43">
         <name>.text:decompress:ZI:__TI_zero_init_nomemset:__TI_zero_init_nomemset</name>
         <load_address>0x48b4</load_address>
         <run_address>0x48b4</run_address>
         <size>0x1c</size>
         <input_file_ref idref="fl-d2"/>
      </object_component>
      <object_component id="oc-3c4">
         <name>.text:free_list_remove</name>
         <load_address>0x48d0</load_address>
         <run_address>0x48d0</run_address>
         <size>0x1c</size>
         <input_file_ref idref="fl-de"/>
      </object_component>
      <object_component id="oc-20d">
         <name>.text:memccpy</name>
         <load_address>0x48ec</load_address>
         <run_address>0x48ec</run_address>
         <size>0x1c</size>
         <input_file_ref idref="fl-dc"/>
      </object_component>
      <object_component id="oc-313">
         <name>.text:copysign</name>
         <load_address>0x4908</load_address>
         <run_address>0x4908</run_address>
         <size>0x1a</size>
         <input_file_ref idref="fl-fd"/>
      </object_component>
      <object_component id="oc-497">
         <name>.text:strcmp</name>
         <load_address>0x4922</load_address>
         <run_address>0x4922</run_address>
         <size>0x18</size>
         <input_file_ref idref="fl-100"/>
      </object_component>
      <object_component id="oc-2ca">
         <name>.text:strchr</name>
         <load_address>0x493a</load_address>
         <run_address>0x493a</run_address>
         <size>0x16</size>
         <input_file_ref idref="fl-df"/>
      </object_component>
      <object_component id="oc-44b">
         <name>.text:strcpy</name>
         <load_address>0x4950</load_address>
         <run_address>0x4950</run_address>
         <size>0x14</size>
         <input_file_ref idref="fl-101"/>
      </object_component>
      <object_component id="oc-1e3">
         <name>.text:strlen</name>
         <load_address>0x4964</load_address>
         <run_address>0x4964</run_address>
         <size>0x14</size>
         <input_file_ref idref="fl-e0"/>
      </object_component>
      <object_component id="oc-213">
         <name>.text:wcslen</name>
         <load_address>0x4978</load_address>
         <run_address>0x4978</run_address>
         <size>0x12</size>
         <input_file_ref idref="fl-e5"/>
      </object_component>
      <object_component id="oc-1a">
         <name>.text:decompress:none:__TI_decompress_none</name>
         <load_address>0x498a</load_address>
         <run_address>0x498a</run_address>
         <size>0xe</size>
         <input_file_ref idref="fl-d3"/>
      </object_component>
      <object_component id="oc-67">
         <name>.text</name>
         <load_address>0x4998</load_address>
         <run_address>0x4998</run_address>
         <size>0xe</size>
         <input_file_ref idref="fl-6"/>
      </object_component>
      <object_component id="oc-219">
         <name>.text:__aeabi_errno_addr</name>
         <load_address>0x49a8</load_address>
         <run_address>0x49a8</run_address>
         <size>0x8</size>
         <input_file_ref idref="fl-e4"/>
      </object_component>
      <object_component id="oc-395">
         <name>.text:malloc</name>
         <load_address>0x49b0</load_address>
         <run_address>0x49b0</run_address>
         <size>0x8</size>
         <input_file_ref idref="fl-de"/>
      </object_component>
      <object_component id="oc-16a">
         <name>.text:_outc</name>
         <load_address>0x49b8</load_address>
         <run_address>0x49b8</run_address>
         <size>0x4</size>
         <input_file_ref idref="fl-c2"/>
      </object_component>
      <object_component id="oc-164">
         <name>.text:_outs</name>
         <load_address>0x49bc</load_address>
         <run_address>0x49bc</run_address>
         <size>0x4</size>
         <input_file_ref idref="fl-c2"/>
      </object_component>
      <object_component id="oc-9d">
         <name>.text:_system_pre_init</name>
         <load_address>0x49c0</load_address>
         <run_address>0x49c0</run_address>
         <size>0x4</size>
         <input_file_ref idref="fl-f0"/>
      </object_component>
      <object_component id="oc-116">
         <name>.text:abort:abort</name>
         <load_address>0x49c4</load_address>
         <run_address>0x49c4</run_address>
         <size>0x4</size>
         <input_file_ref idref="fl-d6"/>
      </object_component>
      <object_component id="oc-c2">
         <name>.const:.string:lucidaConsole_8ptBitmaps_narrow</name>
         <load_address>0x49c8</load_address>
         <run_address>0x49c8</run_address>
         <size>0x415</size>
         <input_file_ref idref="fl-2"/>
      </object_component>
      <object_component id="oc-269">
         <name>.const:$O1$$</name>
         <load_address>0x4de0</load_address>
         <run_address>0x4de0</run_address>
         <size>0x158</size>
         <input_file_ref idref="fl-d5"/>
      </object_component>
      <object_component id="oc-298">
         <name>.const:.string:_ctypes_</name>
         <load_address>0x4f38</load_address>
         <run_address>0x4f38</run_address>
         <size>0x101</size>
         <input_file_ref idref="fl-d9"/>
      </object_component>
      <object_component id="oc-4d5">
         <name>.cinit..data.load</name>
         <load_address>0x5040</load_address>
         <run_address>0x5040</run_address>
         <size>0x6d</size>
      </object_component>
      <object_component id="oc-4d3">
         <name>__TI_handler_table</name>
         <load_address>0x50b0</load_address>
         <run_address>0x50b0</run_address>
         <size>0xc</size>
      </object_component>
      <object_component id="oc-4d6">
         <name>.cinit..bss.load</name>
         <load_address>0x50c0</load_address>
         <run_address>0x50c0</run_address>
         <size>0x8</size>
      </object_component>
      <object_component id="oc-4d4">
         <name>__TI_cinit_table</name>
         <load_address>0x50c8</load_address>
         <run_address>0x50c8</run_address>
         <size>0x10</size>
      </object_component>
      <object_component id="oc-4a8">
         <name>.binit</name>
         <load_address>0x0</load_address>
         <run_address>0x0</run_address>
         <size>0x0</size>
      </object_component>
      <object_component id="oc-cc">
         <name>.data</name>
         <load_address>0x200041b8</load_address>
         <run_address>0x200041b8</run_address>
         <size>0x10</size>
         <input_file_ref idref="fl-4"/>
      </object_component>
      <object_component id="oc-112">
         <name>.data:testArray</name>
         <load_address>0x20000000</load_address>
         <run_address>0x20000000</run_address>
         <size>0x4000</size>
         <input_file_ref idref="fl-5"/>
      </object_component>
      <object_component id="oc-154">
         <name>.data</name>
         <load_address>0x200041f8</load_address>
         <run_address>0x200041f8</run_address>
         <size>0x4</size>
         <input_file_ref idref="fl-7"/>
      </object_component>
      <object_component id="oc-1c5">
         <name>.data:$O1$$</name>
         <load_address>0x200041d8</load_address>
         <run_address>0x200041d8</run_address>
         <size>0xc</size>
         <input_file_ref idref="fl-d6"/>
      </object_component>
      <object_component id="oc-15e">
         <name>.data:$O1$$</name>
         <load_address>0x200041e4</load_address>
         <run_address>0x200041e4</run_address>
         <size>0x8</size>
         <input_file_ref idref="fl-d7"/>
      </object_component>
      <object_component id="oc-161">
         <name>.data:_ftable</name>
         <load_address>0x20004000</load_address>
         <run_address>0x20004000</run_address>
         <size>0xf0</size>
         <input_file_ref idref="fl-da"/>
      </object_component>
      <object_component id="oc-3de">
         <name>.data</name>
         <load_address>0x200041c8</load_address>
         <run_address>0x200041c8</run_address>
         <size>0x10</size>
         <input_file_ref idref="fl-da"/>
      </object_component>
      <object_component id="oc-414">
         <name>.data:$O1$$</name>
         <load_address>0x200041ec</load_address>
         <run_address>0x200041ec</run_address>
         <size>0x8</size>
         <input_file_ref idref="fl-de"/>
      </object_component>
      <object_component id="oc-3ae">
         <name>.data:_device</name>
         <load_address>0x200040f0</load_address>
         <run_address>0x200040f0</run_address>
         <size>0x78</size>
         <input_file_ref idref="fl-e2"/>
      </object_component>
      <object_component id="oc-370">
         <name>.data:_stream</name>
         <load_address>0x20004168</load_address>
         <run_address>0x20004168</run_address>
         <size>0x50</size>
         <input_file_ref idref="fl-e2"/>
      </object_component>
      <object_component id="oc-2da">
         <name>.data</name>
         <load_address>0x200041f4</load_address>
         <run_address>0x200041f4</run_address>
         <size>0x4</size>
         <input_file_ref idref="fl-e4"/>
      </object_component>
      <object_component id="oc-462">
         <name>.bss:_CIOBUF_</name>
         <uninitialized>true</uninitialized>
         <run_address>0x20004600</run_address>
         <size>0x120</size>
         <input_file_ref idref="fl-fa"/>
      </object_component>
      <object_component id="oc-42c">
         <name>.common:__TI_tmpnams</name>
         <uninitialized>true</uninitialized>
         <run_address>0x20004720</run_address>
         <size>0xa0</size>
      </object_component>
      <object_component id="oc-43d">
         <name>.common:parmbuf</name>
         <uninitialized>true</uninitialized>
         <run_address>0x200047c0</run_address>
         <size>0x8</size>
      </object_component>
      <object_component id="oc-26">
         <name>.sysmem</name>
         <uninitialized>true</uninitialized>
         <run_address>0x20004200</run_address>
         <size>0x10</size>
         <input_file_ref idref="fl-de"/>
      </object_component>
      <object_component id="oc-4d8">
         <name>.sysmem</name>
         <uninitialized>true</uninitialized>
         <run_address>0x20004200</run_address>
         <size>0x0</size>
      </object_component>
      <object_component id="oc-29">
         <name>.stack</name>
         <uninitialized>true</uninitialized>
         <run_address>0x2000fe00</run_address>
         <size>0x4</size>
         <input_file_ref idref="fl-e3"/>
      </object_component>
      <object_component id="oc-4d7">
         <name>.stack</name>
         <uninitialized>true</uninitialized>
         <run_address>0x2000fe00</run_address>
         <size>0x0</size>
      </object_component>
      <object_component id="oc-198">
         <name>.debug_info</name>
         <load_address>0x0</load_address>
         <run_address>0x0</run_address>
         <size>0x10e</size>
         <input_file_ref idref="fl-1"/>
      </object_component>
      <object_component id="oc-186">
         <name>.debug_info</name>
         <load_address>0x10e</load_address>
         <run_address>0x10e</run_address>
         <size>0xed</size>
         <input_file_ref idref="fl-1"/>
      </object_component>
      <object_component id="oc-d2">
         <name>.debug_info</name>
         <load_address>0x1fb</load_address>
         <run_address>0x1fb</run_address>
         <size>0x26b</size>
         <input_file_ref idref="fl-1"/>
      </object_component>
      <object_component id="oc-32">
         <name>.debug_info</name>
         <load_address>0x466</load_address>
         <run_address>0x466</run_address>
         <size>0x84</size>
         <input_file_ref idref="fl-1"/>
      </object_component>
      <object_component id="oc-17a">
         <name>.debug_info</name>
         <load_address>0x4ea</load_address>
         <run_address>0x4ea</run_address>
         <size>0x297</size>
         <input_file_ref idref="fl-1"/>
      </object_component>
      <object_component id="oc-c6">
         <name>.debug_info</name>
         <load_address>0x781</load_address>
         <run_address>0x781</run_address>
         <size>0xbb</size>
         <input_file_ref idref="fl-1"/>
      </object_component>
      <object_component id="oc-179">
         <name>.debug_info</name>
         <load_address>0x83c</load_address>
         <run_address>0x83c</run_address>
         <size>0x1ad</size>
         <input_file_ref idref="fl-2"/>
      </object_component>
      <object_component id="oc-c3">
         <name>.debug_info</name>
         <load_address>0x9e9</load_address>
         <run_address>0x9e9</run_address>
         <size>0x113</size>
         <input_file_ref idref="fl-2"/>
      </object_component>
      <object_component id="oc-cb">
         <name>.debug_info</name>
         <load_address>0xafc</load_address>
         <run_address>0xafc</run_address>
         <size>0x5dc</size>
         <input_file_ref idref="fl-3"/>
      </object_component>
      <object_component id="oc-6e">
         <name>.debug_info</name>
         <load_address>0x10d8</load_address>
         <run_address>0x10d8</run_address>
         <size>0x128c</size>
         <input_file_ref idref="fl-3"/>
      </object_component>
      <object_component id="oc-181">
         <name>.debug_info</name>
         <load_address>0x2364</load_address>
         <run_address>0x2364</run_address>
         <size>0x37e2</size>
         <input_file_ref idref="fl-3"/>
      </object_component>
      <object_component id="oc-18b">
         <name>.debug_info</name>
         <load_address>0x5b46</load_address>
         <run_address>0x5b46</run_address>
         <size>0x1055</size>
         <input_file_ref idref="fl-3"/>
      </object_component>
      <object_component id="oc-172">
         <name>.debug_info</name>
         <load_address>0x6b9b</load_address>
         <run_address>0x6b9b</run_address>
         <size>0x2c</size>
         <input_file_ref idref="fl-3"/>
      </object_component>
      <object_component id="oc-192">
         <name>.debug_info</name>
         <load_address>0x6bc7</load_address>
         <run_address>0x6bc7</run_address>
         <size>0x58b</size>
         <input_file_ref idref="fl-4"/>
      </object_component>
      <object_component id="oc-cd">
         <name>.debug_info</name>
         <load_address>0x7152</load_address>
         <run_address>0x7152</run_address>
         <size>0x141</size>
         <input_file_ref idref="fl-4"/>
      </object_component>
      <object_component id="oc-74">
         <name>.debug_info</name>
         <load_address>0x7293</load_address>
         <run_address>0x7293</run_address>
         <size>0x235</size>
         <input_file_ref idref="fl-4"/>
      </object_component>
      <object_component id="oc-193">
         <name>.debug_info</name>
         <load_address>0x74c8</load_address>
         <run_address>0x74c8</run_address>
         <size>0x8b</size>
         <input_file_ref idref="fl-4"/>
      </object_component>
      <object_component id="oc-1c3">
         <name>.debug_info</name>
         <load_address>0x7553</load_address>
         <run_address>0x7553</run_address>
         <size>0x68c</size>
         <input_file_ref idref="fl-5"/>
      </object_component>
      <object_component id="oc-113">
         <name>.debug_info</name>
         <load_address>0x7bdf</load_address>
         <run_address>0x7bdf</run_address>
         <size>0xd1</size>
         <input_file_ref idref="fl-5"/>
      </object_component>
      <object_component id="oc-a4">
         <name>.debug_info</name>
         <load_address>0x7cb0</load_address>
         <run_address>0x7cb0</run_address>
         <size>0x36a</size>
         <input_file_ref idref="fl-5"/>
      </object_component>
      <object_component id="oc-7b">
         <name>.debug_info</name>
         <load_address>0x801a</load_address>
         <run_address>0x801a</run_address>
         <size>0x2c6</size>
         <input_file_ref idref="fl-6"/>
      </object_component>
      <object_component id="oc-24">
         <name>.debug_info</name>
         <load_address>0x82e0</load_address>
         <run_address>0x82e0</run_address>
         <size>0xf2</size>
         <input_file_ref idref="fl-6"/>
      </object_component>
      <object_component id="oc-68">
         <name>.debug_info</name>
         <load_address>0x83d2</load_address>
         <run_address>0x83d2</run_address>
         <size>0x1b9</size>
         <input_file_ref idref="fl-6"/>
      </object_component>
      <object_component id="oc-155">
         <name>.debug_info</name>
         <load_address>0x858b</load_address>
         <run_address>0x858b</run_address>
         <size>0xeb</size>
         <input_file_ref idref="fl-7"/>
      </object_component>
      <object_component id="oc-b6">
         <name>.debug_info</name>
         <load_address>0x8676</load_address>
         <run_address>0x8676</run_address>
         <size>0x25d</size>
         <input_file_ref idref="fl-7"/>
      </object_component>
      <object_component id="oc-1b9">
         <name>.debug_info</name>
         <load_address>0x88d3</load_address>
         <run_address>0x88d3</run_address>
         <size>0x365</size>
         <input_file_ref idref="fl-c1"/>
      </object_component>
      <object_component id="oc-103">
         <name>.debug_info</name>
         <load_address>0x8c38</load_address>
         <run_address>0x8c38</run_address>
         <size>0x795</size>
         <input_file_ref idref="fl-c1"/>
      </object_component>
      <object_component id="oc-278">
         <name>.debug_info</name>
         <load_address>0x93cd</load_address>
         <run_address>0x93cd</run_address>
         <size>0x46</size>
         <input_file_ref idref="fl-c1"/>
      </object_component>
      <object_component id="oc-1ba">
         <name>.debug_info</name>
         <load_address>0x9413</load_address>
         <run_address>0x9413</run_address>
         <size>0x39</size>
         <input_file_ref idref="fl-c1"/>
      </object_component>
      <object_component id="oc-171">
         <name>.debug_info</name>
         <load_address>0x944c</load_address>
         <run_address>0x944c</run_address>
         <size>0x3e4</size>
         <input_file_ref idref="fl-c2"/>
      </object_component>
      <object_component id="oc-16b">
         <name>.debug_info</name>
         <load_address>0x9830</load_address>
         <run_address>0x9830</run_address>
         <size>0x156</size>
         <input_file_ref idref="fl-c2"/>
      </object_component>
      <object_component id="oc-165">
         <name>.debug_info</name>
         <load_address>0x9986</load_address>
         <run_address>0x9986</run_address>
         <size>0x165</size>
         <input_file_ref idref="fl-c2"/>
      </object_component>
      <object_component id="oc-bd">
         <name>.debug_info</name>
         <load_address>0x9aeb</load_address>
         <run_address>0x9aeb</run_address>
         <size>0x1ab</size>
         <input_file_ref idref="fl-c2"/>
      </object_component>
      <object_component id="oc-249">
         <name>.debug_info</name>
         <load_address>0x9c96</load_address>
         <run_address>0x9c96</run_address>
         <size>0xb2</size>
         <input_file_ref idref="fl-c2"/>
      </object_component>
      <object_component id="oc-220">
         <name>.debug_info</name>
         <load_address>0x9d48</load_address>
         <run_address>0x9d48</run_address>
         <size>0x57a</size>
         <input_file_ref idref="fl-c3"/>
      </object_component>
      <object_component id="oc-1f0">
         <name>.debug_info</name>
         <load_address>0xa2c2</load_address>
         <run_address>0xa2c2</run_address>
         <size>0x21d</size>
         <input_file_ref idref="fl-c3"/>
      </object_component>
      <object_component id="oc-2aa">
         <name>.debug_info</name>
         <load_address>0xa4df</load_address>
         <run_address>0xa4df</run_address>
         <size>0x1b2</size>
         <input_file_ref idref="fl-c3"/>
      </object_component>
      <object_component id="oc-2b0">
         <name>.debug_info</name>
         <load_address>0xa691</load_address>
         <run_address>0xa691</run_address>
         <size>0x21a</size>
         <input_file_ref idref="fl-c3"/>
      </object_component>
      <object_component id="oc-1f6">
         <name>.debug_info</name>
         <load_address>0xa8ab</load_address>
         <run_address>0xa8ab</run_address>
         <size>0x3ba</size>
         <input_file_ref idref="fl-c3"/>
      </object_component>
      <object_component id="oc-2b7">
         <name>.debug_info</name>
         <load_address>0xac65</load_address>
         <run_address>0xac65</run_address>
         <size>0x304</size>
         <input_file_ref idref="fl-c3"/>
      </object_component>
      <object_component id="oc-2bd">
         <name>.debug_info</name>
         <load_address>0xaf69</load_address>
         <run_address>0xaf69</run_address>
         <size>0x214</size>
         <input_file_ref idref="fl-c3"/>
      </object_component>
      <object_component id="oc-1fc">
         <name>.debug_info</name>
         <load_address>0xb17d</load_address>
         <run_address>0xb17d</run_address>
         <size>0x214</size>
         <input_file_ref idref="fl-c3"/>
      </object_component>
      <object_component id="oc-202">
         <name>.debug_info</name>
         <load_address>0xb391</load_address>
         <run_address>0xb391</run_address>
         <size>0x303</size>
         <input_file_ref idref="fl-c3"/>
      </object_component>
      <object_component id="oc-208">
         <name>.debug_info</name>
         <load_address>0xb694</load_address>
         <run_address>0xb694</run_address>
         <size>0x4af</size>
         <input_file_ref idref="fl-c3"/>
      </object_component>
      <object_component id="oc-159">
         <name>.debug_info</name>
         <load_address>0xbb43</load_address>
         <run_address>0xbb43</run_address>
         <size>0x5f3</size>
         <input_file_ref idref="fl-c3"/>
      </object_component>
      <object_component id="oc-221">
         <name>.debug_info</name>
         <load_address>0xc136</load_address>
         <run_address>0xc136</run_address>
         <size>0x86</size>
         <input_file_ref idref="fl-c3"/>
      </object_component>
      <object_component id="oc-2e6">
         <name>.debug_info</name>
         <load_address>0xc1bc</load_address>
         <run_address>0xc1bc</run_address>
         <size>0x39</size>
         <input_file_ref idref="fl-c3"/>
      </object_component>
      <object_component id="oc-359">
         <name>.debug_info</name>
         <load_address>0xc1f5</load_address>
         <run_address>0xc1f5</run_address>
         <size>0xb6</size>
         <input_file_ref idref="fl-c3"/>
      </object_component>
      <object_component id="oc-2eb">
         <name>.debug_info</name>
         <load_address>0xc2ab</load_address>
         <run_address>0xc2ab</run_address>
         <size>0x46</size>
         <input_file_ref idref="fl-c3"/>
      </object_component>
      <object_component id="oc-226">
         <name>.debug_info</name>
         <load_address>0xc2f1</load_address>
         <run_address>0xc2f1</run_address>
         <size>0x46</size>
         <input_file_ref idref="fl-c3"/>
      </object_component>
      <object_component id="oc-2e1">
         <name>.debug_info</name>
         <load_address>0xc337</load_address>
         <run_address>0xc337</run_address>
         <size>0x2c</size>
         <input_file_ref idref="fl-c3"/>
      </object_component>
      <object_component id="oc-310">
         <name>.debug_info</name>
         <load_address>0xc363</load_address>
         <run_address>0xc363</run_address>
         <size>0x382</size>
         <input_file_ref idref="fl-c4"/>
      </object_component>
      <object_component id="oc-243">
         <name>.debug_info</name>
         <load_address>0xc6e5</load_address>
         <run_address>0xc6e5</run_address>
         <size>0x1e9</size>
         <input_file_ref idref="fl-c4"/>
      </object_component>
      <object_component id="oc-30e">
         <name>.debug_info</name>
         <load_address>0xc8ce</load_address>
         <run_address>0xc8ce</run_address>
         <size>0x3fb</size>
         <input_file_ref idref="fl-c5"/>
      </object_component>
      <object_component id="oc-23b">
         <name>.debug_info</name>
         <load_address>0xccc9</load_address>
         <run_address>0xccc9</run_address>
         <size>0x2e1</size>
         <input_file_ref idref="fl-c5"/>
      </object_component>
      <object_component id="oc-ea">
         <name>.debug_info</name>
         <load_address>0xcfaa</load_address>
         <run_address>0xcfaa</run_address>
         <size>0x2c</size>
         <input_file_ref idref="fl-c5"/>
      </object_component>
      <object_component id="oc-36b">
         <name>.debug_info</name>
         <load_address>0xcfd6</load_address>
         <run_address>0xcfd6</run_address>
         <size>0x2ff</size>
         <input_file_ref idref="fl-c6"/>
      </object_component>
      <object_component id="oc-2f7">
         <name>.debug_info</name>
         <load_address>0xd2d5</load_address>
         <run_address>0xd2d5</run_address>
         <size>0x19b</size>
         <input_file_ref idref="fl-c6"/>
      </object_component>
      <object_component id="oc-3a3">
         <name>.debug_info</name>
         <load_address>0xd470</load_address>
         <run_address>0xd470</run_address>
         <size>0xbf</size>
         <input_file_ref idref="fl-c6"/>
      </object_component>
      <object_component id="oc-3a2">
         <name>.debug_info</name>
         <load_address>0xd52f</load_address>
         <run_address>0xd52f</run_address>
         <size>0x373</size>
         <input_file_ref idref="fl-c7"/>
      </object_component>
      <object_component id="oc-365">
         <name>.debug_info</name>
         <load_address>0xd8a2</load_address>
         <run_address>0xd8a2</run_address>
         <size>0x20a</size>
         <input_file_ref idref="fl-c7"/>
      </object_component>
      <object_component id="oc-10a">
         <name>.debug_info</name>
         <load_address>0xdaac</load_address>
         <run_address>0xdaac</run_address>
         <size>0x14b</size>
         <input_file_ref idref="fl-c8"/>
      </object_component>
      <object_component id="oc-1a8">
         <name>.debug_info</name>
         <load_address>0xdbf7</load_address>
         <run_address>0xdbf7</run_address>
         <size>0x127</size>
         <input_file_ref idref="fl-c9"/>
      </object_component>
      <object_component id="oc-265">
         <name>.debug_info</name>
         <load_address>0xdd1e</load_address>
         <run_address>0xdd1e</run_address>
         <size>0x129</size>
         <input_file_ref idref="fl-c9"/>
      </object_component>
      <object_component id="oc-f9">
         <name>.debug_info</name>
         <load_address>0xde47</load_address>
         <run_address>0xde47</run_address>
         <size>0x139</size>
         <input_file_ref idref="fl-ca"/>
      </object_component>
      <object_component id="oc-fe">
         <name>.debug_info</name>
         <load_address>0xdf80</load_address>
         <run_address>0xdf80</run_address>
         <size>0x139</size>
         <input_file_ref idref="fl-cb"/>
      </object_component>
      <object_component id="oc-10e">
         <name>.debug_info</name>
         <load_address>0xe0b9</load_address>
         <run_address>0xe0b9</run_address>
         <size>0x12d</size>
         <input_file_ref idref="fl-cc"/>
      </object_component>
      <object_component id="oc-1a3">
         <name>.debug_info</name>
         <load_address>0xe1e6</load_address>
         <run_address>0xe1e6</run_address>
         <size>0x12b</size>
         <input_file_ref idref="fl-cd"/>
      </object_component>
      <object_component id="oc-38">
         <name>.debug_info</name>
         <load_address>0xe311</load_address>
         <run_address>0xe311</run_address>
         <size>0x118</size>
         <input_file_ref idref="fl-ce"/>
      </object_component>
      <object_component id="oc-f4">
         <name>.debug_info</name>
         <load_address>0xe429</load_address>
         <run_address>0xe429</run_address>
         <size>0x12d</size>
         <input_file_ref idref="fl-cf"/>
      </object_component>
      <object_component id="oc-29e">
         <name>.debug_info</name>
         <load_address>0xe556</load_address>
         <run_address>0xe556</run_address>
         <size>0x133</size>
         <input_file_ref idref="fl-d0"/>
      </object_component>
      <object_component id="oc-99">
         <name>.debug_info</name>
         <load_address>0xe689</load_address>
         <run_address>0xe689</run_address>
         <size>0x146</size>
         <input_file_ref idref="fl-d1"/>
      </object_component>
      <object_component id="oc-96">
         <name>.debug_info</name>
         <load_address>0xe7cf</load_address>
         <run_address>0xe7cf</run_address>
         <size>0x2d3</size>
         <input_file_ref idref="fl-d2"/>
      </object_component>
      <object_component id="oc-44">
         <name>.debug_info</name>
         <load_address>0xeaa2</load_address>
         <run_address>0xeaa2</run_address>
         <size>0x1d1</size>
         <input_file_ref idref="fl-d2"/>
      </object_component>
      <object_component id="oc-91">
         <name>.debug_info</name>
         <load_address>0xec73</load_address>
         <run_address>0xec73</run_address>
         <size>0x46</size>
         <input_file_ref idref="fl-d2"/>
      </object_component>
      <object_component id="oc-42">
         <name>.debug_info</name>
         <load_address>0xecb9</load_address>
         <run_address>0xecb9</run_address>
         <size>0x2a7</size>
         <input_file_ref idref="fl-d3"/>
      </object_component>
      <object_component id="oc-1b">
         <name>.debug_info</name>
         <load_address>0xef60</load_address>
         <run_address>0xef60</run_address>
         <size>0x1e9</size>
         <input_file_ref idref="fl-d3"/>
      </object_component>
      <object_component id="oc-3d">
         <name>.debug_info</name>
         <load_address>0xf149</load_address>
         <run_address>0xf149</run_address>
         <size>0x46</size>
         <input_file_ref idref="fl-d3"/>
      </object_component>
      <object_component id="oc-89">
         <name>.debug_info</name>
         <load_address>0xf18f</load_address>
         <run_address>0xf18f</run_address>
         <size>0x2c</size>
         <input_file_ref idref="fl-d3"/>
      </object_component>
      <object_component id="oc-87">
         <name>.debug_info</name>
         <load_address>0xf1bb</load_address>
         <run_address>0xf1bb</run_address>
         <size>0x29d</size>
         <input_file_ref idref="fl-d4"/>
      </object_component>
      <object_component id="oc-15">
         <name>.debug_info</name>
         <load_address>0xf458</load_address>
         <run_address>0xf458</run_address>
         <size>0x24f</size>
         <input_file_ref idref="fl-d4"/>
      </object_component>
      <object_component id="oc-2d">
         <name>.debug_info</name>
         <load_address>0xf6a7</load_address>
         <run_address>0xf6a7</run_address>
         <size>0x60</size>
         <input_file_ref idref="fl-d4"/>
      </object_component>
      <object_component id="oc-e3">
         <name>.debug_info</name>
         <load_address>0xf707</load_address>
         <run_address>0xf707</run_address>
         <size>0x46</size>
         <input_file_ref idref="fl-d4"/>
      </object_component>
      <object_component id="oc-82">
         <name>.debug_info</name>
         <load_address>0xf74d</load_address>
         <run_address>0xf74d</run_address>
         <size>0x39</size>
         <input_file_ref idref="fl-d4"/>
      </object_component>
      <object_component id="oc-26d">
         <name>.debug_info</name>
         <load_address>0xf786</load_address>
         <run_address>0xf786</run_address>
         <size>0x3a9</size>
         <input_file_ref idref="fl-d5"/>
      </object_component>
      <object_component id="oc-26a">
         <name>.debug_info</name>
         <load_address>0xfb2f</load_address>
         <run_address>0xfb2f</run_address>
         <size>0x139</size>
         <input_file_ref idref="fl-d5"/>
      </object_component>
      <object_component id="oc-1ad">
         <name>.debug_info</name>
         <load_address>0xfc68</load_address>
         <run_address>0xfc68</run_address>
         <size>0x72e</size>
         <input_file_ref idref="fl-d5"/>
      </object_component>
      <object_component id="oc-322">
         <name>.debug_info</name>
         <load_address>0x10396</load_address>
         <run_address>0x10396</run_address>
         <size>0x39</size>
         <input_file_ref idref="fl-d5"/>
      </object_component>
      <object_component id="oc-26f">
         <name>.debug_info</name>
         <load_address>0x103cf</load_address>
         <run_address>0x103cf</run_address>
         <size>0x2c</size>
         <input_file_ref idref="fl-d5"/>
      </object_component>
      <object_component id="oc-1c9">
         <name>.debug_info</name>
         <load_address>0x103fb</load_address>
         <run_address>0x103fb</run_address>
         <size>0x3ac</size>
         <input_file_ref idref="fl-d6"/>
      </object_component>
      <object_component id="oc-1c6">
         <name>.debug_info</name>
         <load_address>0x107a7</load_address>
         <run_address>0x107a7</run_address>
         <size>0x18f</size>
         <input_file_ref idref="fl-d6"/>
      </object_component>
      <object_component id="oc-117">
         <name>.debug_info</name>
         <load_address>0x10936</load_address>
         <run_address>0x10936</run_address>
         <size>0x121</size>
         <input_file_ref idref="fl-d6"/>
      </object_component>
      <object_component id="oc-11d">
         <name>.debug_info</name>
         <load_address>0x10a57</load_address>
         <run_address>0x10a57</run_address>
         <size>0x183</size>
         <input_file_ref idref="fl-d6"/>
      </object_component>
      <object_component id="oc-233">
         <name>.debug_info</name>
         <load_address>0x10bda</load_address>
         <run_address>0x10bda</run_address>
         <size>0x2c8</size>
         <input_file_ref idref="fl-d7"/>
      </object_component>
      <object_component id="oc-15f">
         <name>.debug_info</name>
         <load_address>0x10ea2</load_address>
         <run_address>0x10ea2</run_address>
         <size>0x11d</size>
         <input_file_ref idref="fl-d7"/>
      </object_component>
      <object_component id="oc-22d">
         <name>.debug_info</name>
         <load_address>0x10fbf</load_address>
         <run_address>0x10fbf</run_address>
         <size>0x12d</size>
         <input_file_ref idref="fl-d7"/>
      </object_component>
      <object_component id="oc-29c">
         <name>.debug_info</name>
         <load_address>0x110ec</load_address>
         <run_address>0x110ec</run_address>
         <size>0x2b8</size>
         <input_file_ref idref="fl-d8"/>
      </object_component>
      <object_component id="oc-1ec">
         <name>.debug_info</name>
         <load_address>0x113a4</load_address>
         <run_address>0x113a4</run_address>
         <size>0x17b</size>
         <input_file_ref idref="fl-d8"/>
      </object_component>
      <object_component id="oc-339">
         <name>.debug_info</name>
         <load_address>0x1151f</load_address>
         <run_address>0x1151f</run_address>
         <size>0xf8</size>
         <input_file_ref idref="fl-d9"/>
      </object_component>
      <object_component id="oc-299">
         <name>.debug_info</name>
         <load_address>0x11617</load_address>
         <run_address>0x11617</run_address>
         <size>0x104</size>
         <input_file_ref idref="fl-d9"/>
      </object_component>
      <object_component id="oc-237">
         <name>.debug_info</name>
         <load_address>0x1171b</load_address>
         <run_address>0x1171b</run_address>
         <size>0x143</size>
         <input_file_ref idref="fl-da"/>
      </object_component>
      <object_component id="oc-162">
         <name>.debug_info</name>
         <load_address>0x1185e</load_address>
         <run_address>0x1185e</run_address>
         <size>0x101</size>
         <input_file_ref idref="fl-da"/>
      </object_component>
      <object_component id="oc-3df">
         <name>.debug_info</name>
         <load_address>0x1195f</load_address>
         <run_address>0x1195f</run_address>
         <size>0x18e</size>
         <input_file_ref idref="fl-da"/>
      </object_component>
      <object_component id="oc-343">
         <name>.debug_info</name>
         <load_address>0x11aed</load_address>
         <run_address>0x11aed</run_address>
         <size>0x29a</size>
         <input_file_ref idref="fl-db"/>
      </object_component>
      <object_component id="oc-2a4">
         <name>.debug_info</name>
         <load_address>0x11d87</load_address>
         <run_address>0x11d87</run_address>
         <size>0x1cc</size>
         <input_file_ref idref="fl-db"/>
      </object_component>
      <object_component id="oc-2d2">
         <name>.debug_info</name>
         <load_address>0x11f53</load_address>
         <run_address>0x11f53</run_address>
         <size>0x295</size>
         <input_file_ref idref="fl-dc"/>
      </object_component>
      <object_component id="oc-20e">
         <name>.debug_info</name>
         <load_address>0x121e8</load_address>
         <run_address>0x121e8</run_address>
         <size>0x1b5</size>
         <input_file_ref idref="fl-dc"/>
      </object_component>
      <object_component id="oc-36d">
         <name>.debug_info</name>
         <load_address>0x1239d</load_address>
         <run_address>0x1239d</run_address>
         <size>0x2a4</size>
         <input_file_ref idref="fl-dd"/>
      </object_component>
      <object_component id="oc-2fc">
         <name>.debug_info</name>
         <load_address>0x12641</load_address>
         <run_address>0x12641</run_address>
         <size>0x258</size>
         <input_file_ref idref="fl-dd"/>
      </object_component>
      <object_component id="oc-7e">
         <name>.debug_info</name>
         <load_address>0x12899</load_address>
         <run_address>0x12899</run_address>
         <size>0x3b1</size>
         <input_file_ref idref="fl-de"/>
      </object_component>
      <object_component id="oc-27">
         <name>.debug_info</name>
         <load_address>0x12c4a</load_address>
         <run_address>0x12c4a</run_address>
         <size>0x10b</size>
         <input_file_ref idref="fl-de"/>
      </object_component>
      <object_component id="oc-415">
         <name>.debug_info</name>
         <load_address>0x12d55</load_address>
         <run_address>0x12d55</run_address>
         <size>0x13e</size>
         <input_file_ref idref="fl-de"/>
      </object_component>
      <object_component id="oc-396">
         <name>.debug_info</name>
         <load_address>0x12e93</load_address>
         <run_address>0x12e93</run_address>
         <size>0x167</size>
         <input_file_ref idref="fl-de"/>
      </object_component>
      <object_component id="oc-3c5">
         <name>.debug_info</name>
         <load_address>0x12ffa</load_address>
         <run_address>0x12ffa</run_address>
         <size>0x18d</size>
         <input_file_ref idref="fl-de"/>
      </object_component>
      <object_component id="oc-3cb">
         <name>.debug_info</name>
         <load_address>0x13187</load_address>
         <run_address>0x13187</run_address>
         <size>0x19e</size>
         <input_file_ref idref="fl-de"/>
      </object_component>
      <object_component id="oc-390">
         <name>.debug_info</name>
         <load_address>0x13325</load_address>
         <run_address>0x13325</run_address>
         <size>0x202</size>
         <input_file_ref idref="fl-de"/>
      </object_component>
      <object_component id="oc-41a">
         <name>.debug_info</name>
         <load_address>0x13527</load_address>
         <run_address>0x13527</run_address>
         <size>0x1da</size>
         <input_file_ref idref="fl-de"/>
      </object_component>
      <object_component id="oc-3d2">
         <name>.debug_info</name>
         <load_address>0x13701</load_address>
         <run_address>0x13701</run_address>
         <size>0x298</size>
         <input_file_ref idref="fl-de"/>
      </object_component>
      <object_component id="oc-de">
         <name>.debug_info</name>
         <load_address>0x13999</load_address>
         <run_address>0x13999</run_address>
         <size>0xb2</size>
         <input_file_ref idref="fl-de"/>
      </object_component>
      <object_component id="oc-d9">
         <name>.debug_info</name>
         <load_address>0x13a4b</load_address>
         <run_address>0x13a4b</run_address>
         <size>0x2c</size>
         <input_file_ref idref="fl-de"/>
      </object_component>
      <object_component id="oc-34b">
         <name>.debug_info</name>
         <load_address>0x13a77</load_address>
         <run_address>0x13a77</run_address>
         <size>0x299</size>
         <input_file_ref idref="fl-df"/>
      </object_component>
      <object_component id="oc-2cb">
         <name>.debug_info</name>
         <load_address>0x13d10</load_address>
         <run_address>0x13d10</run_address>
         <size>0x25d</size>
         <input_file_ref idref="fl-df"/>
      </object_component>
      <object_component id="oc-297">
         <name>.debug_info</name>
[...]
      </symbol>
      <symbol id="sm-476">
         <name>__aeabi_memcpy4</name>
         <value>0x3a1b</value>
         <object_component_ref idref="oc-37"/>
      </symbol>
      <symbol id="sm-480">
         <name>__aeabi_ui2d</name>
         <value>0x4895</value>
         <object_component_ref idref="oc-f3"/>
      </symbol>
      <symbol id="sm-48d">
         <name>__aeabi_uldivmod</name>
         <value>0x3ab7</value>
         <object_component_ref idref="oc-29d"/>
      </symbol>
      <symbol id="sm-49c">
         <name>__aeabi_memset</name>
         <value>0x3ce7</value>
         <object_component_ref idref="oc-97"/>
      </symbol>
      <symbol id="sm-49d">
         <name>memset</name>
         <value>0x3ced</value>
         <object_component_ref idref="oc-97"/>
      </symbol>
      <symbol id="sm-49e">
         <name>__aeabi_memset8</name>
         <value>0x3ce7</value>
         <object_component_ref idref="oc-97"/>
      </symbol>
      <symbol id="sm-49f">
         <name>__aeabi_memset4</name>
         <value>0x3ce7</value>
         <object_component_ref idref="oc-97"/>
      </symbol>
      <symbol id="sm-4a0">
         <name>__aeabi_memclr8</name>
         <value>0x3ce5</value>
         <object_component_ref idref="oc-97"/>
      </symbol>
      <symbol id="sm-4a1">
         <name>__aeabi_memclr4</name>
         <value>0x3ce5</value>
         <object_component_ref idref="oc-97"/>
      </symbol>
      <symbol id="sm-4a2">
         <name>__aeabi_memclr</name>
         <value>0x3ce5</value>
         <object_component_ref idref="oc-97"/>
      </symbol>
      <symbol id="sm-4b6">
         <name>__TI_zero_init_nomemset</name>
         <value>0x48b5</value>
         <object_component_ref idref="oc-43"/>
      </symbol>
      <symbol id="sm-4cd">
         <name>__TI_decompress_none</name>
         <value>0x498b</value>
         <object_component_ref idref="oc-1a"/>
      </symbol>
      <symbol id="sm-4f0">
         <name>__TI_decompress_lzss</name>
         <value>0x3f89</value>
         <object_component_ref idref="oc-14"/>
      </symbol>
      <symbol id="sm-560">
         <name>__kernel_rem_pio2</name>
         <value>0xb35</value>
         <object_component_ref idref="oc-1ac"/>
      </symbol>
      <symbol id="sm-586">
         <name>C$$EXIT</name>
         <value>0x49c5</value>
         <object_component_ref idref="oc-116"/>
      </symbol>
      <symbol id="sm-587">
         <name>abort</name>
         <value>0x49c5</value>
         <object_component_ref idref="oc-116"/>
      </symbol>
      <symbol id="sm-588">
         <name>__TI_dtors_ptr</name>
         <value>0x200041dc</value>
         <object_component_ref idref="oc-1c5"/>
      </symbol>
      <symbol id="sm-589">
         <name>__TI_cleanup_ptr</name>
         <value>0x200041d8</value>
         <object_component_ref idref="oc-1c5"/>
      </symbol>
      <symbol id="sm-58a">
         <name>__TI_enable_exit_profile_output</name>
         <value>0x200041e0</value>
         <object_component_ref idref="oc-1c5"/>
      </symbol>
      <symbol id="sm-58b">
         <name>exit</name>
         <value>0x4485</value>
         <object_component_ref idref="oc-11c"/>
      </symbol>
      <symbol id="sm-5a0">
         <name>_nop</name>
         <value>0xb33</value>
         <object_component_ref idref="oc-22b"/>
      </symbol>
      <symbol id="sm-5a1">
         <name>_lock</name>
         <value>0x200041e4</value>
         <object_component_ref idref="oc-15e"/>
      </symbol>
      <symbol id="sm-5a2">
         <name>_unlock</name>
         <value>0x200041e8</value>
         <object_component_ref idref="oc-15e"/>
      </symbol>
      <symbol id="sm-5b8">
         <name>atoi</name>
         <value>0x4439</value>
         <object_component_ref idref="oc-1e9"/>
      </symbol>
      <symbol id="sm-5c3">
         <name>_ctypes_</name>
         <value>0x4f38</value>
         <object_component_ref idref="oc-298"/>
      </symbol>
      <symbol id="sm-5d8">
         <name>__TI_tmpnams</name>
         <value>0x20004720</value>
      </symbol>
      <symbol id="sm-5d9">
         <name>__aeabi_stdout</name>
         <value>0x200041d0</value>
         <object_component_ref idref="oc-3de"/>
      </symbol>
      <symbol id="sm-5da">
         <name>__aeabi_stderr</name>
         <value>0x200041d4</value>
         <object_component_ref idref="oc-3de"/>
      </symbol>
      <symbol id="sm-5db">
         <name>__aeabi_stdin</name>
         <value>0x200041cc</value>
         <object_component_ref idref="oc-3de"/>
      </symbol>
      <symbol id="sm-5dc">
         <name>_ftable</name>
         <value>0x20004000</value>
         <object_component_ref idref="oc-161"/>
      </symbol>
      <symbol id="sm-5dd">
         <name>__TI_ft_end</name>
         <value>0x200041c8</value>
         <object_component_ref idref="oc-3de"/>
      </symbol>
      <symbol id="sm-5ec">
         <name>ltoa</name>
         <value>0x4347</value>
         <object_component_ref idref="oc-2a3"/>
      </symbol>
      <symbol id="sm-5fc">
         <name>memccpy</name>
         <value>0x48ed</value>
         <object_component_ref idref="oc-20d"/>
      </symbol>
      <symbol id="sm-60c">
         <name>memchr</name>
         <value>0x4875</value>
         <object_component_ref idref="oc-2fb"/>
      </symbol>
      <symbol id="sm-695">
         <name>_sys_memory</name>
         <value>0x20004200</value>
         <object_component_ref idref="oc-26"/>
      </symbol>
      <symbol id="sm-696">
         <name>free</name>
         <value>0x37a9</value>
         <object_component_ref idref="oc-38f"/>
      </symbol>
      <symbol id="sm-697">
         <name>memalign</name>
         <value>0x3279</value>
         <object_component_ref idref="oc-3d1"/>
      </symbol>
      <symbol id="sm-698">
         <name>malloc</name>
         <value>0x49b1</value>
         <object_component_ref idref="oc-395"/>
      </symbol>
      <symbol id="sm-699">
         <name>aligned_alloc</name>
         <value>0x3279</value>
         <object_component_ref idref="oc-3d1"/>
      </symbol>
      <symbol id="sm-6a9">
         <name>strchr</name>
         <value>0x493b</value>
         <object_component_ref idref="oc-2ca"/>
      </symbol>
      <symbol id="sm-6b7">
         <name>strlen</name>
         <value>0x4965</value>
         <object_component_ref idref="oc-1e3"/>
      </symbol>
      <symbol id="sm-6d1">
         <name>write</name>
         <value>0x484d</value>
         <object_component_ref idref="oc-307"/>
      </symbol>
      <symbol id="sm-6e2">
         <name>_stream</name>
         <value>0x20004168</value>
         <object_component_ref idref="oc-370"/>
      </symbol>
      <symbol id="sm-6e3">
         <name>_device</name>
         <value>0x200040f0</value>
         <object_component_ref idref="oc-3ae"/>
      </symbol>
      <symbol id="sm-6f6">
         <name>__stack</name>
         <value>0x2000fe00</value>
         <object_component_ref idref="oc-29"/>
      </symbol>
      <symbol id="sm-6f7">
         <name>_c_int00_noargs</name>
         <value>0x473d</value>
         <object_component_ref idref="oc-55"/>
      </symbol>
      <symbol id="sm-70d">
         <name>__aeabi_errno_addr</name>
         <value>0x49a9</value>
         <object_component_ref idref="oc-219"/>
      </symbol>
      <symbol id="sm-70e">
         <name>errno</name>
         <value>0x200041f4</value>
         <object_component_ref idref="oc-2da"/>
      </symbol>
      <symbol id="sm-727">
         <name>wcslen</name>
         <value>0x4979</value>
         <object_component_ref idref="oc-213"/>
      </symbol>
      <symbol id="sm-73d">
         <name>__kernel_cos</name>
         <value>0x2d75</value>
         <object_component_ref idref="oc-1b2"/>
      </symbol>
      <symbol id="sm-754">
         <name>__kernel_sin</name>
         <value>0x2c01</value>
         <object_component_ref idref="oc-19c"/>
      </symbol>
      <symbol id="sm-771">
         <name>floorl</name>
         <value>0x36b1</value>
         <object_component_ref idref="oc-25e"/>
      </symbol>
      <symbol id="sm-772">
         <name>floor</name>
         <value>0x36b1</value>
         <object_component_ref idref="oc-25e"/>
      </symbol>
      <symbol id="sm-788">
         <name>frexpl</name>
         <value>0x4059</value>
         <object_component_ref idref="oc-2c4"/>
      </symbol>
      <symbol id="sm-789">
         <name>frexp</name>
         <value>0x4059</value>
         <object_component_ref idref="oc-2c4"/>
      </symbol>
      <symbol id="sm-7a6">
         <name>scalbn</name>
         <value>0x34a5</value>
         <object_component_ref idref="oc-258"/>
      </symbol>
      <symbol id="sm-7a7">
         <name>scalbnl</name>
         <value>0x34a5</value>
         <object_component_ref idref="oc-258"/>
      </symbol>
      <symbol id="sm-7a8">
         <name>ldexpl</name>
         <value>0x34a5</value>
         <object_component_ref idref="oc-258"/>
      </symbol>
      <symbol id="sm-7a9">
         <name>ldexp</name>
         <value>0x34a5</value>
         <object_component_ref idref="oc-258"/>
      </symbol>
      <symbol id="sm-7b9">
         <name>__TI_doflush</name>
         <value>0x43ed</value>
         <object_component_ref idref="oc-301"/>
      </symbol>
      <symbol id="sm-7c9">
         <name>__TI_cleanup</name>
         <value>0x46d5</value>
         <object_component_ref idref="oc-39b"/>
      </symbol>
      <symbol id="sm-7db">
         <name>fseek</name>
         <value>0x40bd</value>
         <object_component_ref idref="oc-35e"/>
      </symbol>
      <symbol id="sm-7e5">
         <name>__aeabi_idiv0</name>
         <value>0x2bff</value>
         <object_component_ref idref="oc-33c"/>
      </symbol>
      <symbol id="sm-7e6">
         <name>__aeabi_ldiv0</name>
         <value>0x2bff</value>
         <object_component_ref idref="oc-33c"/>
      </symbol>
      <symbol id="sm-80e">
         <name>__TI_auto_init_nobinit_nopinit</name>
         <value>0x459d</value>
         <object_component_ref idref="oc-122"/>
      </symbol>
      <symbol id="sm-818">
         <name>_system_pre_init</name>
         <value>0x49c1</value>
         <object_component_ref idref="oc-9d"/>
      </symbol>
      <symbol id="sm-82b">
         <name>HOSTclose</name>
         <value>0x4515</value>
         <object_component_ref idref="oc-3ea"/>
      </symbol>
      <symbol id="sm-83c">
         <name>HOSTlseek</name>
         <value>0x3f21</value>
         <object_component_ref idref="oc-3fc"/>
      </symbol>
      <symbol id="sm-84e">
         <name>parmbuf</name>
         <value>0x200047c0</value>
      </symbol>
      <symbol id="sm-84f">
         <name>HOSTopen</name>
         <value>0x4185</value>
         <object_component_ref idref="oc-3e4"/>
      </symbol>
      <symbol id="sm-860">
         <name>HOSTread</name>
         <value>0x4241</value>
         <object_component_ref idref="oc-3f0"/>
      </symbol>
      <symbol id="sm-871">
         <name>HOSTrename</name>
         <value>0x3eb5</value>
         <object_component_ref idref="oc-408"/>
      </symbol>
      <symbol id="sm-882">
         <name>HOSTunlink</name>
         <value>0x4559</value>
         <object_component_ref idref="oc-402"/>
      </symbol>
      <symbol id="sm-893">
         <name>HOSTwrite</name>
         <value>0x4299</value>
         <object_component_ref idref="oc-3f6"/>
      </symbol>
      <symbol id="sm-8b7">
         <name>__TI_readmsg</name>
         <value>0x4709</value>
         <object_component_ref idref="oc-437"/>
      </symbol>
      <symbol id="sm-8b8">
         <name>C$$IO$$</name>
         <value>0x4693</value>
         <object_component_ref idref="oc-431"/>
      </symbol>
      <symbol id="sm-8b9">
         <name>__CIOBUF_</name>
         <value>0x20004600</value>
         <object_component_ref idref="oc-462"/>
      </symbol>
      <symbol id="sm-8ba">
         <name>__TI_writemsg</name>
         <value>0x4665</value>
         <object_component_ref idref="oc-431"/>
      </symbol>
      <symbol id="sm-8cb">
         <name>lseek</name>
         <value>0x4825</value>
         <object_component_ref idref="oc-387"/>
      </symbol>
      <symbol id="sm-8d5">
         <name>copysign</name>
         <value>0x4909</value>
         <object_component_ref idref="oc-313"/>
      </symbol>
      <symbol id="sm-8d6">
         <name>copysignl</name>
         <value>0x4909</value>
         <object_component_ref idref="oc-313"/>
      </symbol>
      <symbol id="sm-8eb">
         <name>__TI_closefile</name>
         <value>0x3d61</value>
         <object_component_ref idref="oc-3d8"/>
      </symbol>
      <symbol id="sm-90e">
         <name>finddevice</name>
         <value>0x4771</value>
         <object_component_ref idref="oc-480"/>
      </symbol>
      <symbol id="sm-90f">
         <name>getdevice</name>
         <value>0x45e1</value>
         <object_component_ref idref="oc-458"/>
      </symbol>
      <symbol id="sm-91e">
         <name>strcmp</name>
         <value>0x4923</value>
         <object_component_ref idref="oc-497"/>
      </symbol>
      <symbol id="sm-92c">
         <name>strcpy</name>
         <value>0x4951</value>
         <object_component_ref idref="oc-44b"/>
      </symbol>
      <symbol id="sm-93c">
         <name>strncpy</name>
         <value>0x469d</value>
         <object_component_ref idref="oc-47a"/>
      </symbol>
      <symbol id="sm-951">
         <name>close</name>
         <value>0x41e5</value>
         <object_component_ref idref="oc-420"/>
      </symbol>
      <symbol id="sm-961">
         <name>unlink</name>
         <value>0x47d1</value>
         <object_component_ref idref="oc-426"/>
      </symbol>
      <symbol id="sm-962">
         <name>__TI_static_base__</name>
         <value>0x0</value>
      </symbol>
      <symbol id="sm-965">
         <name>__mpu_init</name>
         <value>0x0</value>
      </symbol>
      <symbol id="sm-966">
         <name>_system_post_cinit</name>
         <value>0x0</value>
      </symbol>
      <symbol id="sm-967">
         <name>NMI_Handler</name>
         <value>0x49a5</value>
      </symbol>
      <symbol id="sm-968">
         <name>HardFault_Handler</name>
         <value>0x49a5</value>
      </symbol>
      <symbol id="sm-969">
         <name>MemManage_Handler</name>
         <value>0x49a5</value>
      </symbol>
      <symbol id="sm-96a">
         <name>BusFault_Handler</name>
         <value>0x49a5</value>
      </symbol>
      <symbol id="sm-96b">
         <name>UsageFault_Handler</name>
         <value>0x49a5</value>
      </symbol>
      <symbol id="sm-96c">
         <name>SVC_Handler</name>
         <value>0x49a5</value>
      </symbol>
      <symbol id="sm-96d">
         <name>DebugMon_Handler</name>
         <value>0x49a5</value>
      </symbol>
      <symbol id="sm-96e">
         <name>PendSV_Handler</name>
         <value>0x49a5</value>
      </symbol>
      <symbol id="sm-96f">
         <name>SysTick_Handler</name>
         <value>0x49a5</value>
      </symbol>
      <symbol id="sm-970">
         <name>PSS_IRQHandler</name>
         <value>0x49a5</value>
      </symbol>
      <symbol id="sm-971">
         <name>CS_IRQHandler</name>
         <value>0x49a5</value>
      </symbol>
      <symbol id="sm-972">
         <name>PCM_IRQHandler</name>
         <value>0x49a5</value>
      </symbol>
      <symbol id="sm-973">
         <name>WDT_A_IRQHandler</name>
         <value>0x49a5</value>
      </symbol>
      <symbol id="sm-974">
         <name>FPU_IRQHandler</name>
         <value>0x49a5</value>
      </symbol>
      <symbol id="sm-975">
         <name>FLCTL_IRQHandler</name>
         <value>0x49a5</value>
      </symbol>
      <symbol id="sm-976">
         <name>COMP_E0_IRQHandler</name>
         <value>0x49a5</value>
      </symbol>
      <symbol id="sm-977">
         <name>COMP_E1_IRQHandler</name>
         <value>0x49a5</value>
      </symbol>
      <symbol id="sm-978">
         <name>TA0_0_IRQHandler</name>
         <value>0x49a5</value>
      </symbol>
      <symbol id="sm-979">
         <name>TA0_N_IRQHandler</name>
         <value>0x49a5</value>
      </symbol>
      <symbol id="sm-97a">
         <name>TA1_0_IRQHandler</name>
         <value>0x49a5</value>
      </symbol>
      <symbol id="sm-97b">
         <name>TA1_N_IRQHandler</name>
         <value>0x49a5</value>
      </symbol>
      <symbol id="sm-97c">
         <name>TA2_0_IRQHandler</name>
         <value>0x49a5</value>
      </symbol>
      <symbol id="sm-97d">
         <name>TA2_N_IRQHandler</name>
         <value>0x49a5</value>
      </symbol>
      <symbol id="sm-97e">
         <name>TA3_0_IRQHandler</name>
         <value>0x49a5</value>
      </symbol>
      <symbol id="sm-97f">
         <name>TA3_N_IRQHandler</name>
         <value>0x49a5</value>
      </symbol>
      <symbol id="sm-980">
         <name>EUSCIA0_IRQHandler</name>
         <value>0x49a5</value>
      </symbol>
      <symbol id="sm-981">
         <name>EUSCIA1_IRQHandler</name>
         <value>0x49a5</value>
      </symbol>
      <symbol id="sm-982">
         <name>EUSCIA2_IRQHandler</name>
         <value>0x49a5</value>
      </symbol>
      <symbol id="sm-983">
         <name>EUSCIA3_IRQHandler</name>
         <value>0x49a5</value>
      </symbol>
      <symbol id="sm-984">
         <name>EUSCIB0_IRQHandler</name>
         <value>0x1beb</value>
      </symbol>
      <symbol id="sm-985">
         <name>EUSCIB1_IRQHandler</name>
         <value>0x49a5</value>
      </symbol>
      <symbol id="sm-986">
         <name>EUSCIB2_IRQHandler</name>
         <value>0x49a5</value>
      </symbol>
      <symbol id="sm-987">
         <name>EUSCIB3_IRQHandler</name>
         <value>0x49a5</value>
      </symbol>
      <symbol id="sm-988">
         <name>ADC14_IRQHandler</name>
         <value>0x26f3</value>
      </symbol>
      <symbol id="sm-989">
         <name>T32_INT1_IRQHandler</name>
         <value>0x49a5</value>
      </symbol>
      <symbol id="sm-98a">
         <name>T32_INT2_IRQHandler</name>
         <value>0x49a5</value>
      </symbol>
      <symbol id="sm-98b">
         <name>T32_INTC_IRQHandler</name>
         <value>0x49a5</value>
      </symbol>
      <symbol id="sm-98c">
         <name>AES256_IRQHandler</name>
         <value>0x49a5</value>
      </symbol>
      <symbol id="sm-98d">
         <name>RTC_C_IRQHandler</name>
         <value>0x49a5</value>
      </symbol>
      <symbol id="sm-98e">
         <name>DMA_ERR_IRQHandler</name>
         <value>0x49a5</value>
      </symbol>
      <symbol id="sm-98f">
         <name>DMA_INT3_IRQHandler</name>
         <value>0x49a5</value>
      </symbol>
      <symbol id="sm-990">
         <name>DMA_INT2_IRQHandler</name>
         <value>0x49a5</value>
      </symbol>
      <symbol id="sm-991">
         <name>DMA_INT1_IRQHandler</name>
         <value>0x49a5</value>
      </symbol>
      <symbol id="sm-992">
         <name>DMA_INT0_IRQHandler</name>
         <value>0x49a5</value>
      </symbol>
      <symbol id="sm-993">
         <name>PORT1_IRQHandler</name>
         <value>0x49a5</value>
      </symbol>
      <symbol id="sm-994">
         <name>PORT2_IRQHandler</name>
         <value>0x49a5</value>
      </symbol>
      <symbol id="sm-995">
         <name>PORT3_IRQHandler</name>
         <value>0x49a5</value>
      </symbol>
      <symbol id="sm-996">
         <name>PORT4_IRQHandler</name>
         <value>0x49a5</value>
      </symbol>
      <symbol id="sm-997">
         <name>PORT5_IRQHandler</name>
         <value>0x49a5</value>
      </symbol>
      <symbol id="sm-998">
         <name>PORT6_IRQHandler</name>
         <value>0x49a5</value>
      </symbol>
      <symbol id="sm-999">
         <name>remove</name>
         <value>0x47d1</value>
      </symbol>
   </symbol_table>
   <title>Link successful</title>
</link_info>
