<?xml version="1.0" encoding="ISO-8859-1" ?>
<link_info>
   <banner>TI ARM Linker Unix v18.12.4.LTS</banner>
   <copyright>Copyright (c) 1996-2018 Texas Instruments Incorporated</copyright>
   <link_time>0x5de7af15</link_time>
   <link_errors>0x0</link_errors>
   <output_file>esd_project.out</output_file>
   <entry_point>
      <name>_c_int00_noargs</name>
      <address>0x364d</address>
   </entry_point>
   <input_file_list>
      <input_file id="fl-1">
         <path>./</path>
         <kind>object</kind>
         <file>Lucida_Console_8pts.obj</file>
         <name>Lucida_Console_8pts.obj</name>
      </input_file>
      <input_file id="fl-2">
         <path>./</path>
         <kind>object</kind>
         <file>Lucida_Console_8pts_narrow.obj</file>
         <name>Lucida_Console_8pts_narrow.obj</name>
      </input_file>
      <input_file id="fl-3">
         <path>./</path>
         <kind>object</kind>
         <file>lcd_driver.obj</file>
         <name>lcd_driver.obj</name>
      </input_file>
      <input_file id="fl-4">
         <path>./</path>
         <kind>object</kind>
         <file>lcd_touch_driver.obj</file>
         <name>lcd_touch_driver.obj</name>
      </input_file>
      <input_file id="fl-5">
         <path>./</path>
         <kind>object</kind>
         <file>main.obj</file>
         <name>main.obj</name>
      </input_file>
      <input_file id="fl-6">
         <path>./</path>
         <kind>object</kind>
         <file>startup_msp432p401r_ccs.obj</file>
         <name>startup_msp432p401r_ccs.obj</name>
      </input_file>
      <input_file id="fl-7">
         <path>./</path>
         <kind>object</kind>
         <file>system_msp432p401r.obj</file>
         <name>system_msp432p401r.obj</name>
      </input_file>
      <input_file id="fl-b">
         <kind>object</kind>
         <file>&lt;internal&gt;</file>
         <name>&lt;internal&gt;</name>
      </input_file>
      <input_file id="fl-c1">
         <path>/Applications/ti/ccs910/ccs/tools/compiler/ti-cgt-arm_18.12.4.LTS/lib/</path>
         <kind>archive</kind>
         <file>rtsv7M4_T_le_v4SPD16_eabi.lib</file>
         <name>printf.c.obj</name>
      </input_file>
      <input_file id="fl-c2">
         <path>/Applications/ti/ccs910/ccs/tools/compiler/ti-cgt-arm_18.12.4.LTS/lib/</path>
         <kind>archive</kind>
         <file>rtsv7M4_T_le_v4SPD16_eabi.lib</file>
         <name>_printfi.c.obj</name>
      </input_file>
      <input_file id="fl-c3">
         <path>/Applications/ti/ccs910/ccs/tools/compiler/ti-cgt-arm_18.12.4.LTS/lib/</path>
         <kind>archive</kind>
         <file>rtsv7M4_T_le_v4SPD16_eabi.lib</file>
         <name>fputc.c.obj</name>
      </input_file>
      <input_file id="fl-c4">
         <path>/Applications/ti/ccs910/ccs/tools/compiler/ti-cgt-arm_18.12.4.LTS/lib/</path>
         <kind>archive</kind>
         <file>rtsv7M4_T_le_v4SPD16_eabi.lib</file>
         <name>fputs.c.obj</name>
      </input_file>
      <input_file id="fl-c5">
         <path>/Applications/ti/ccs910/ccs/tools/compiler/ti-cgt-arm_18.12.4.LTS/lib/</path>
         <kind>archive</kind>
         <file>rtsv7M4_T_le_v4SPD16_eabi.lib</file>
         <name>_io_perm.c.obj</name>
      </input_file>
      <input_file id="fl-c6">
         <path>/Applications/ti/ccs910/ccs/tools/compiler/ti-cgt-arm_18.12.4.LTS/lib/</path>
         <kind>archive</kind>
         <file>rtsv7M4_T_le_v4SPD16_eabi.lib</file>
         <name>setvbuf.c.obj</name>
      </input_file>
      <input_file id="fl-c7">
         <path>/Applications/ti/ccs910/ccs/tools/compiler/ti-cgt-arm_18.12.4.LTS/lib/</path>
         <kind>archive</kind>
         <file>rtsv7M4_T_le_v4SPD16_eabi.lib</file>
         <name>fd_add_t2.asm.obj</name>
      </input_file>
      <input_file id="fl-c8">
         <path>/Applications/ti/ccs910/ccs/tools/compiler/ti-cgt-arm_18.12.4.LTS/lib/</path>
         <kind>archive</kind>
         <file>rtsv7M4_T_le_v4SPD16_eabi.lib</file>
         <name>fd_cmp_t2.asm.obj</name>
      </input_file>
      <input_file id="fl-c9">
         <path>/Applications/ti/ccs910/ccs/tools/compiler/ti-cgt-arm_18.12.4.LTS/lib/</path>
         <kind>archive</kind>
         <file>rtsv7M4_T_le_v4SPD16_eabi.lib</file>
         <name>fd_div_t2.asm.obj</name>
      </input_file>
      <input_file id="fl-ca">
         <path>/Applications/ti/ccs910/ccs/tools/compiler/ti-cgt-arm_18.12.4.LTS/lib/</path>
         <kind>archive</kind>
         <file>rtsv7M4_T_le_v4SPD16_eabi.lib</file>
         <name>fd_mul_t2.asm.obj</name>
      </input_file>
      <input_file id="fl-cb">
         <path>/Applications/ti/ccs910/ccs/tools/compiler/ti-cgt-arm_18.12.4.LTS/lib/</path>
         <kind>archive</kind>
         <file>rtsv7M4_T_le_v4SPD16_eabi.lib</file>
         <name>fd_toi_t2.asm.obj</name>
      </input_file>
      <input_file id="fl-cc">
         <path>/Applications/ti/ccs910/ccs/tools/compiler/ti-cgt-arm_18.12.4.LTS/lib/</path>
         <kind>archive</kind>
         <file>rtsv7M4_T_le_v4SPD16_eabi.lib</file>
         <name>i_tofd_t2.asm.obj</name>
      </input_file>
      <input_file id="fl-cd">
         <path>/Applications/ti/ccs910/ccs/tools/compiler/ti-cgt-arm_18.12.4.LTS/lib/</path>
         <kind>archive</kind>
         <file>rtsv7M4_T_le_v4SPD16_eabi.lib</file>
         <name>memcpy_t2.asm.obj</name>
      </input_file>
      <input_file id="fl-ce">
         <path>/Applications/ti/ccs910/ccs/tools/compiler/ti-cgt-arm_18.12.4.LTS/lib/</path>
         <kind>archive</kind>
         <file>rtsv7M4_T_le_v4SPD16_eabi.lib</file>
         <name>ull_div_t2.asm.obj</name>
      </input_file>
      <input_file id="fl-cf">
         <path>/Applications/ti/ccs910/ccs/tools/compiler/ti-cgt-arm_18.12.4.LTS/lib/</path>
         <kind>archive</kind>
         <file>rtsv7M4_T_le_v4SPD16_eabi.lib</file>
         <name>memset_t2.asm.obj</name>
      </input_file>
      <input_file id="fl-d0">
         <path>/Applications/ti/ccs910/ccs/tools/compiler/ti-cgt-arm_18.12.4.LTS/lib/</path>
         <kind>archive</kind>
         <file>rtsv7M4_T_le_v4SPD16_eabi.lib</file>
         <name>copy_zero_init.c.obj</name>
      </input_file>
      <input_file id="fl-d1">
         <path>/Applications/ti/ccs910/ccs/tools/compiler/ti-cgt-arm_18.12.4.LTS/lib/</path>
         <kind>archive</kind>
         <file>rtsv7M4_T_le_v4SPD16_eabi.lib</file>
         <name>copy_decompress_none.c.obj</name>
      </input_file>
      <input_file id="fl-d2">
         <path>/Applications/ti/ccs910/ccs/tools/compiler/ti-cgt-arm_18.12.4.LTS/lib/</path>
         <kind>archive</kind>
         <file>rtsv7M4_T_le_v4SPD16_eabi.lib</file>
         <name>copy_decompress_lzss.c.obj</name>
      </input_file>
      <input_file id="fl-d3">
         <path>/Applications/ti/ccs910/ccs/tools/compiler/ti-cgt-arm_18.12.4.LTS/lib/</path>
         <kind>archive</kind>
         <file>rtsv7M4_T_le_v4SPD16_eabi.lib</file>
         <name>exit.c.obj</name>
      </input_file>
      <input_file id="fl-d4">
         <path>/Applications/ti/ccs910/ccs/tools/compiler/ti-cgt-arm_18.12.4.LTS/lib/</path>
         <kind>archive</kind>
         <file>rtsv7M4_T_le_v4SPD16_eabi.lib</file>
         <name>_lock.c.obj</name>
      </input_file>
      <input_file id="fl-d5">
         <path>/Applications/ti/ccs910/ccs/tools/compiler/ti-cgt-arm_18.12.4.LTS/lib/</path>
         <kind>archive</kind>
         <file>rtsv7M4_T_le_v4SPD16_eabi.lib</file>
         <name>atoi.c.obj</name>
      </input_file>
      <input_file id="fl-d6">
         <path>/Applications/ti/ccs910/ccs/tools/compiler/ti-cgt-arm_18.12.4.LTS/lib/</path>
         <kind>archive</kind>
         <file>rtsv7M4_T_le_v4SPD16_eabi.lib</file>
         <name>ctype.c.obj</name>
      </input_file>
      <input_file id="fl-d7">
         <path>/Applications/ti/ccs910/ccs/tools/compiler/ti-cgt-arm_18.12.4.LTS/lib/</path>
         <kind>archive</kind>
         <file>rtsv7M4_T_le_v4SPD16_eabi.lib</file>
         <name>defs.c.obj</name>
      </input_file>
      <input_file id="fl-d8">
         <path>/Applications/ti/ccs910/ccs/tools/compiler/ti-cgt-arm_18.12.4.LTS/lib/</path>
         <kind>archive</kind>
         <file>rtsv7M4_T_le_v4SPD16_eabi.lib</file>
         <name>ltoa.c.obj</name>
      </input_file>
      <input_file id="fl-d9">
         <path>/Applications/ti/ccs910/ccs/tools/compiler/ti-cgt-arm_18.12.4.LTS/lib/</path>
         <kind>archive</kind>
         <file>rtsv7M4_T_le_v4SPD16_eabi.lib</file>
         <name>memccpy.c.obj</name>
      </input_file>
      <input_file id="fl-da">
         <path>/Applications/ti/ccs910/ccs/tools/compiler/ti-cgt-arm_18.12.4.LTS/lib/</path>
         <kind>archive</kind>
         <file>rtsv7M4_T_le_v4SPD16_eabi.lib</file>
         <name>memchr.c.obj</name>
      </input_file>
      <input_file id="fl-db">
         <path>/Applications/ti/ccs910/ccs/tools/compiler/ti-cgt-arm_18.12.4.LTS/lib/</path>
         <kind>archive</kind>
         <file>rtsv7M4_T_le_v4SPD16_eabi.lib</file>
         <name>memory.c.obj</name>
      </input_file>
      <input_file id="fl-dc">
         <path>/Applications/ti/ccs910/ccs/tools/compiler/ti-cgt-arm_18.12.4.LTS/lib/</path>
         <kind>archive</kind>
         <file>rtsv7M4_T_le_v4SPD16_eabi.lib</file>
         <name>strchr.c.obj</name>
      </input_file>
      <input_file id="fl-dd">
         <path>/Applications/ti/ccs910/ccs/tools/compiler/ti-cgt-arm_18.12.4.LTS/lib/</path>
         <kind>archive</kind>
         <file>rtsv7M4_T_le_v4SPD16_eabi.lib</file>
         <name>strlen.c.obj</name>
      </input_file>
      <input_file id="fl-de">
         <path>/Applications/ti/ccs910/ccs/tools/compiler/ti-cgt-arm_18.12.4.LTS/lib/</path>
         <kind>archive</kind>
         <file>rtsv7M4_T_le_v4SPD16_eabi.lib</file>
         <name>write.c.obj</name>
      </input_file>
      <input_file id="fl-df">
         <path>/Applications/ti/ccs910/ccs/tools/compiler/ti-cgt-arm_18.12.4.LTS/lib/</path>
         <kind>archive</kind>
         <file>rtsv7M4_T_le_v4SPD16_eabi.lib</file>
         <name>host_device.c.obj</name>
      </input_file>
      <input_file id="fl-e0">
         <path>/Applications/ti/ccs910/ccs/tools/compiler/ti-cgt-arm_18.12.4.LTS/lib/</path>
         <kind>archive</kind>
         <file>rtsv7M4_T_le_v4SPD16_eabi.lib</file>
         <name>boot_cortex_m.c.obj</name>
      </input_file>
      <input_file id="fl-e1">
         <path>/Applications/ti/ccs910/ccs/tools/compiler/ti-cgt-arm_18.12.4.LTS/lib/</path>
         <kind>archive</kind>
         <file>rtsv7M4_T_le_v4SPD16_eabi.lib</file>
         <name>errno.c.obj</name>
      </input_file>
      <input_file id="fl-e2">
         <path>/Applications/ti/ccs910/ccs/tools/compiler/ti-cgt-arm_18.12.4.LTS/lib/</path>
         <kind>archive</kind>
         <file>rtsv7M4_T_le_v4SPD16_eabi.lib</file>
         <name>wcslen.c.obj</name>
      </input_file>
      <input_file id="fl-e3">
         <path>/Applications/ti/ccs910/ccs/tools/compiler/ti-cgt-arm_18.12.4.LTS/lib/</path>
         <kind>archive</kind>
         <file>rtsv7M4_T_le_v4SPD16_eabi.lib</file>
         <name>s_frexp.c.obj</name>
      </input_file>
      <input_file id="fl-e4">
         <path>/Applications/ti/ccs910/ccs/tools/compiler/ti-cgt-arm_18.12.4.LTS/lib/</path>
         <kind>archive</kind>
         <file>rtsv7M4_T_le_v4SPD16_eabi.lib</file>
         <name>s_scalbn.c.obj</name>
      </input_file>
      <input_file id="fl-e5">
         <path>/Applications/ti/ccs910/ccs/tools/compiler/ti-cgt-arm_18.12.4.LTS/lib/</path>
         <kind>archive</kind>
         <file>rtsv7M4_T_le_v4SPD16_eabi.lib</file>
         <name>fflush.c.obj</name>
      </input_file>
      <input_file id="fl-e6">
         <path>/Applications/ti/ccs910/ccs/tools/compiler/ti-cgt-arm_18.12.4.LTS/lib/</path>
         <kind>archive</kind>
         <file>rtsv7M4_T_le_v4SPD16_eabi.lib</file>
         <name>fopen.c.obj</name>
      </input_file>
      <input_file id="fl-e7">
         <path>/Applications/ti/ccs910/ccs/tools/compiler/ti-cgt-arm_18.12.4.LTS/lib/</path>
         <kind>archive</kind>
         <file>rtsv7M4_T_le_v4SPD16_eabi.lib</file>
         <name>fseek.c.obj</name>
      </input_file>
      <input_file id="fl-e8">
         <path>/Applications/ti/ccs910/ccs/tools/compiler/ti-cgt-arm_18.12.4.LTS/lib/</path>
         <kind>archive</kind>
         <file>rtsv7M4_T_le_v4SPD16_eabi.lib</file>
         <name>div0.asm.obj</name>
      </input_file>
      <input_file id="fl-e9">
         <path>/Applications/ti/ccs910/ccs/tools/compiler/ti-cgt-arm_18.12.4.LTS/lib/</path>
         <kind>archive</kind>
         <file>rtsv7M4_T_le_v4SPD16_eabi.lib</file>
         <name>autoinit.c.obj</name>
      </input_file>
      <input_file id="fl-ea">
         <path>/Applications/ti/ccs910/ccs/tools/compiler/ti-cgt-arm_18.12.4.LTS/lib/</path>
         <kind>archive</kind>
         <file>rtsv7M4_T_le_v4SPD16_eabi.lib</file>
         <name>pre_init.c.obj</name>
      </input_file>
      <input_file id="fl-eb">
         <path>/Applications/ti/ccs910/ccs/tools/compiler/ti-cgt-arm_18.12.4.LTS/lib/</path>
         <kind>archive</kind>
         <file>rtsv7M4_T_le_v4SPD16_eabi.lib</file>
         <name>cpy_tbl.c.obj</name>
      </input_file>
      <input_file id="fl-ec">
         <path>/Applications/ti/ccs910/ccs/tools/compiler/ti-cgt-arm_18.12.4.LTS/lib/</path>
         <kind>archive</kind>
         <file>rtsv7M4_T_le_v4SPD16_eabi.lib</file>
         <name>args_main.c.obj</name>
      </input_file>
      <input_file id="fl-ed">
         <path>/Applications/ti/ccs910/ccs/tools/compiler/ti-cgt-arm_18.12.4.LTS/lib/</path>
         <kind>archive</kind>
         <file>rtsv7M4_T_le_v4SPD16_eabi.lib</file>
         <name>hostclose.c.obj</name>
      </input_file>
      <input_file id="fl-ee">
         <path>/Applications/ti/ccs910/ccs/tools/compiler/ti-cgt-arm_18.12.4.LTS/lib/</path>
         <kind>archive</kind>
         <file>rtsv7M4_T_le_v4SPD16_eabi.lib</file>
         <name>hostlseek.c.obj</name>
      </input_file>
      <input_file id="fl-ef">
         <path>/Applications/ti/ccs910/ccs/tools/compiler/ti-cgt-arm_18.12.4.LTS/lib/</path>
         <kind>archive</kind>
         <file>rtsv7M4_T_le_v4SPD16_eabi.lib</file>
         <name>hostopen.c.obj</name>
      </input_file>
      <input_file id="fl-f0">
         <path>/Applications/ti/ccs910/ccs/tools/compiler/ti-cgt-arm_18.12.4.LTS/lib/</path>
         <kind>archive</kind>
         <file>rtsv7M4_T_le_v4SPD16_eabi.lib</file>
         <name>hostread.c.obj</name>
      </input_file>
      <input_file id="fl-f1">
         <path>/Applications/ti/ccs910/ccs/tools/compiler/ti-cgt-arm_18.12.4.LTS/lib/</path>
         <kind>archive</kind>
         <file>rtsv7M4_T_le_v4SPD16_eabi.lib</file>
         <name>hostrename.c.obj</name>
      </input_file>
      <input_file id="fl-f2">
         <path>/Applications/ti/ccs910/ccs/tools/compiler/ti-cgt-arm_18.12.4.LTS/lib/</path>
         <kind>archive</kind>
         <file>rtsv7M4_T_le_v4SPD16_eabi.lib</file>
         <name>hostunlink.c.obj</name>
      </input_file>
      <input_file id="fl-f3">
         <path>/Applications/ti/ccs910/ccs/tools/compiler/ti-cgt-arm_18.12.4.LTS/lib/</path>
         <kind>archive</kind>
         <file>rtsv7M4_T_le_v4SPD16_eabi.lib</file>
         <name>hostwrite.c.obj</name>
      </input_file>
      <input_file id="fl-f4">
         <path>/Applications/ti/ccs910/ccs/tools/compiler/ti-cgt-arm_18.12.4.LTS/lib/</path>
         <kind>archive</kind>
         <file>rtsv7M4_T_le_v4SPD16_eabi.lib</file>
         <name>trgmsg.c.obj</name>
      </input_file>
      <input_file id="fl-f5">
         <path>/Applications/ti/ccs910/ccs/tools/compiler/ti-cgt-arm_18.12.4.LTS/lib/</path>
         <kind>archive</kind>
         <file>rtsv7M4_T_le_v4SPD16_eabi.lib</file>
         <name>open.c.obj</name>
      </input_file>
      <input_file id="fl-f6">
         <path>/Applications/ti/ccs910/ccs/tools/compiler/ti-cgt-arm_18.12.4.LTS/lib/</path>
         <kind>archive</kind>
         <file>rtsv7M4_T_le_v4SPD16_eabi.lib</file>
         <name>lseek.c.obj</name>
      </input_file>
      <input_file id="fl-f7">
         <path>/Applications/ti/ccs910/ccs/tools/compiler/ti-cgt-arm_18.12.4.LTS/lib/</path>
         <kind>archive</kind>
         <file>rtsv7M4_T_le_v4SPD16_eabi.lib</file>
         <name>s_copysign.c.obj</name>
      </input_file>
      <input_file id="fl-f8">
         <path>/Applications/ti/ccs910/ccs/tools/compiler/ti-cgt-arm_18.12.4.LTS/lib/</path>
         <kind>archive</kind>
         <file>rtsv7M4_T_le_v4SPD16_eabi.lib</file>
         <name>fclose.c.obj</name>
      </input_file>
      <input_file id="fl-f9">
         <path>/Applications/ti/ccs910/ccs/tools/compiler/ti-cgt-arm_18.12.4.LTS/lib/</path>
         <kind>archive</kind>
         <file>rtsv7M4_T_le_v4SPD16_eabi.lib</file>
         <name>getdevice.c.obj</name>
      </input_file>
      <input_file id="fl-fa">
         <path>/Applications/ti/ccs910/ccs/tools/compiler/ti-cgt-arm_18.12.4.LTS/lib/</path>
         <kind>archive</kind>
         <file>rtsv7M4_T_le_v4SPD16_eabi.lib</file>
         <name>strcmp.c.obj</name>
      </input_file>
      <input_file id="fl-fb">
         <path>/Applications/ti/ccs910/ccs/tools/compiler/ti-cgt-arm_18.12.4.LTS/lib/</path>
         <kind>archive</kind>
         <file>rtsv7M4_T_le_v4SPD16_eabi.lib</file>
         <name>strcpy.c.obj</name>
      </input_file>
      <input_file id="fl-fc">
         <path>/Applications/ti/ccs910/ccs/tools/compiler/ti-cgt-arm_18.12.4.LTS/lib/</path>
         <kind>archive</kind>
         <file>rtsv7M4_T_le_v4SPD16_eabi.lib</file>
         <name>strncpy.c.obj</name>
      </input_file>
      <input_file id="fl-fd">
         <path>/Applications/ti/ccs910/ccs/tools/compiler/ti-cgt-arm_18.12.4.LTS/lib/</path>
         <kind>archive</kind>
         <file>rtsv7M4_T_le_v4SPD16_eabi.lib</file>
         <name>remove.c.obj</name>
      </input_file>
      <input_file id="fl-fe">
         <path>/Applications/ti/ccs910/ccs/tools/compiler/ti-cgt-arm_18.12.4.LTS/lib/</path>
         <kind>archive</kind>
         <file>rtsv7M4_T_le_v4SPD16_eabi.lib</file>
         <name>close.c.obj</name>
      </input_file>
      <input_file id="fl-ff">
         <path>/Applications/ti/ccs910/ccs/tools/compiler/ti-cgt-arm_18.12.4.LTS/lib/</path>
         <kind>archive</kind>
         <file>rtsv7M4_T_le_v4SPD16_eabi.lib</file>
         <name>unlink.c.obj</name>
      </input_file>
   </input_file_list>
   <object_component_list>
      <object_component id="oc-23">
         <name>.intvecs:retain</name>
         <load_address>0x0</load_address>
         <run_address>0x0</run_address>
         <size>0xe4</size>
         <input_file_ref idref="fl-6"/>
      </object_component>
      <object_component id="oc-136">
         <name>.text:__TI_printfi</name>
         <load_address>0xe4</load_address>
         <run_address>0xe4</run_address>
         <size>0xa4e</size>
         <input_file_ref idref="fl-c2"/>
      </object_component>
      <object_component id="oc-1e3">
         <name>.text:_nop</name>
         <load_address>0xb32</load_address>
         <run_address>0xb32</run_address>
         <size>0x2</size>
         <input_file_ref idref="fl-d4"/>
      </object_component>
      <object_component id="oc-6d">
         <name>.text</name>
         <load_address>0xb34</load_address>
         <run_address>0xb34</run_address>
         <size>0x5bc</size>
         <input_file_ref idref="fl-3"/>
      </object_component>
      <object_component id="oc-b5">
         <name>.text</name>
         <load_address>0x10f0</load_address>
         <run_address>0x10f0</run_address>
         <size>0x334</size>
         <input_file_ref idref="fl-7"/>
      </object_component>
      <object_component id="oc-a3">
         <name>.text</name>
         <load_address>0x1424</load_address>
         <run_address>0x1424</run_address>
         <size>0x288</size>
         <input_file_ref idref="fl-5"/>
      </object_component>
      <object_component id="oc-1bf">
         <name>.text:_pconv_a</name>
         <load_address>0x16ac</load_address>
         <run_address>0x16ac</run_address>
         <size>0x270</size>
         <input_file_ref idref="fl-c2"/>
      </object_component>
      <object_component id="oc-73">
         <name>.text</name>
         <load_address>0x191c</load_address>
         <run_address>0x191c</run_address>
         <size>0x244</size>
         <input_file_ref idref="fl-4"/>
      </object_component>
      <object_component id="oc-1ad">
         <name>.text:_pconv_g</name>
         <load_address>0x1b60</load_address>
         <run_address>0x1b60</run_address>
         <size>0x1d0</size>
         <input_file_ref idref="fl-c2"/>
      </object_component>
      <object_component id="oc-250">
         <name>.text</name>
         <load_address>0x1d30</load_address>
         <run_address>0x1d30</run_address>
         <size>0x1b6</size>
         <input_file_ref idref="fl-c7"/>
      </object_component>
      <object_component id="oc-2d6">
         <name>.text</name>
         <load_address>0x1ee6</load_address>
         <run_address>0x1ee6</run_address>
         <size>0x2</size>
         <input_file_ref idref="fl-e8"/>
      </object_component>
      <object_component id="oc-1b9">
         <name>.text:_pconv_e</name>
         <load_address>0x1ee8</load_address>
         <run_address>0x1ee8</run_address>
         <size>0x13c</size>
         <input_file_ref idref="fl-c2"/>
      </object_component>
      <object_component id="oc-236">
         <name>.text</name>
         <load_address>0x2024</load_address>
         <run_address>0x2024</run_address>
         <size>0x136</size>
         <input_file_ref idref="fl-c9"/>
      </object_component>
      <object_component id="oc-262">
         <name>.text:fcvt</name>
         <load_address>0x215c</load_address>
         <run_address>0x215c</run_address>
         <size>0x124</size>
         <input_file_ref idref="fl-c2"/>
      </object_component>
      <object_component id="oc-381">
         <name>.text:aligned_alloc</name>
         <load_address>0x2280</load_address>
         <run_address>0x2280</run_address>
         <size>0x118</size>
         <input_file_ref idref="fl-db"/>
      </object_component>
      <object_component id="oc-1f1">
         <name>.text:fputs</name>
         <load_address>0x2398</load_address>
         <run_address>0x2398</run_address>
         <size>0x114</size>
         <input_file_ref idref="fl-c4"/>
      </object_component>
      <object_component id="oc-276">
         <name>.text:scalbn</name>
         <load_address>0x24ac</load_address>
         <run_address>0x24ac</run_address>
         <size>0x110</size>
         <input_file_ref idref="fl-e4"/>
      </object_component>
      <object_component id="oc-231">
         <name>.text</name>
         <load_address>0x25bc</load_address>
         <run_address>0x25bc</run_address>
         <size>0xfc</size>
         <input_file_ref idref="fl-ca"/>
      </object_component>
      <object_component id="oc-33f">
         <name>.text:free</name>
         <load_address>0x26b8</load_address>
         <run_address>0x26b8</run_address>
         <size>0xe4</size>
         <input_file_ref idref="fl-db"/>
      </object_component>
      <object_component id="oc-311">
         <name>.text:setvbuf</name>
         <load_address>0x279c</load_address>
         <run_address>0x279c</run_address>
         <size>0xdc</size>
         <input_file_ref idref="fl-c6"/>
      </object_component>
      <object_component id="oc-1a2">
         <name>.text:_ltostr</name>
         <load_address>0x2878</load_address>
         <run_address>0x2878</run_address>
         <size>0xb1</size>
         <input_file_ref idref="fl-c2"/>
      </object_component>
      <object_component id="oc-37">
         <name>.text</name>
         <load_address>0x292a</load_address>
         <run_address>0x292a</run_address>
         <size>0x9c</size>
         <input_file_ref idref="fl-cd"/>
      </object_component>
      <object_component id="oc-22a">
         <name>.text</name>
         <load_address>0x29c6</load_address>
         <run_address>0x29c6</run_address>
         <size>0x96</size>
         <input_file_ref idref="fl-ce"/>
      </object_component>
      <object_component id="oc-1f8">
         <name>.text:fputc</name>
         <load_address>0x2a5c</load_address>
         <run_address>0x2a5c</run_address>
         <size>0x8c</size>
         <input_file_ref idref="fl-c3"/>
      </object_component>
      <object_component id="oc-1a8">
         <name>.text:__aeabi_cdcmple</name>
         <load_address>0x2ae8</load_address>
         <run_address>0x2ae8</run_address>
         <size>0x86</size>
         <input_file_ref idref="fl-c8"/>
      </object_component>
      <object_component id="oc-23b">
         <name>.text:__aeabi_cdrcmple</name>
         <load_address>0x2b6e</load_address>
         <run_address>0x2b6e</run_address>
         <size>0x86</size>
         <input_file_ref idref="fl-c8"/>
      </object_component>
      <object_component id="oc-97">
         <name>.text</name>
         <load_address>0x2bf4</load_address>
         <run_address>0x2bf4</run_address>
         <size>0x7a</size>
         <input_file_ref idref="fl-cf"/>
      </object_component>
      <object_component id="oc-388">
         <name>.text:__TI_closefile</name>
         <load_address>0x2c70</load_address>
         <run_address>0x2c70</run_address>
         <size>0x74</size>
         <input_file_ref idref="fl-f8"/>
      </object_component>
      <object_component id="oc-3c9">
         <name>.text:split</name>
         <load_address>0x2ce4</load_address>
         <run_address>0x2ce4</run_address>
         <size>0x70</size>
         <input_file_ref idref="fl-db"/>
      </object_component>
      <object_component id="oc-25b">
         <name>.text:_mcpy</name>
         <load_address>0x2d54</load_address>
         <run_address>0x2d54</run_address>
         <size>0x6e</size>
         <input_file_ref idref="fl-c2"/>
      </object_component>
      <object_component id="oc-3b8">
         <name>.text:HOSTrename</name>
         <load_address>0x2dc4</load_address>
         <run_address>0x2dc4</run_address>
         <size>0x6c</size>
         <input_file_ref idref="fl-f1"/>
      </object_component>
      <object_component id="oc-3ac">
         <name>.text:HOSTlseek</name>
         <load_address>0x2e30</load_address>
         <run_address>0x2e30</run_address>
         <size>0x68</size>
         <input_file_ref idref="fl-ee"/>
      </object_component>
      <object_component id="oc-14">
         <name>.text:decompress:lzss:__TI_decompress_lzss</name>
         <load_address>0x2e98</load_address>
         <run_address>0x2e98</run_address>
         <size>0x68</size>
         <input_file_ref idref="fl-d2"/>
      </object_component>
      <object_component id="oc-bc">
         <name>.text:printf</name>
         <load_address>0x2f00</load_address>
         <run_address>0x2f00</run_address>
         <size>0x68</size>
         <input_file_ref idref="fl-c1"/>
      </object_component>
      <object_component id="oc-270">
         <name>.text:frexp</name>
         <load_address>0x2f68</load_address>
         <run_address>0x2f68</run_address>
         <size>0x64</size>
         <input_file_ref idref="fl-e3"/>
      </object_component>
      <object_component id="oc-30b">
         <name>.text:fseek</name>
         <load_address>0x2fcc</load_address>
         <run_address>0x2fcc</run_address>
         <size>0x64</size>
         <input_file_ref idref="fl-e7"/>
      </object_component>
      <object_component id="oc-2a7">
         <name>.text:__TI_wrt_ok</name>
         <load_address>0x3030</load_address>
         <run_address>0x3030</run_address>
         <size>0x62</size>
         <input_file_ref idref="fl-c5"/>
      </object_component>
      <object_component id="oc-394">
         <name>.text:HOSTopen</name>
         <load_address>0x3094</load_address>
         <run_address>0x3094</run_address>
         <size>0x60</size>
         <input_file_ref idref="fl-ef"/>
      </object_component>
      <object_component id="oc-3d0">
         <name>.text:close</name>
         <load_address>0x30f4</load_address>
         <run_address>0x30f4</run_address>
         <size>0x5c</size>
         <input_file_ref idref="fl-fe"/>
      </object_component>
      <object_component id="oc-3a0">
         <name>.text:HOSTread</name>
         <load_address>0x3150</load_address>
         <run_address>0x3150</run_address>
         <size>0x58</size>
         <input_file_ref idref="fl-f0"/>
      </object_component>
      <object_component id="oc-3a6">
         <name>.text:HOSTwrite</name>
         <load_address>0x31a8</load_address>
         <run_address>0x31a8</run_address>
         <size>0x58</size>
         <input_file_ref idref="fl-f3"/>
      </object_component>
      <object_component id="oc-1b3">
         <name>.text:_pconv_f</name>
         <load_address>0x3200</load_address>
         <run_address>0x3200</run_address>
         <size>0x56</size>
         <input_file_ref idref="fl-c2"/>
      </object_component>
      <object_component id="oc-245">
         <name>.text:ltoa</name>
         <load_address>0x3256</load_address>
         <run_address>0x3256</run_address>
         <size>0x54</size>
         <input_file_ref idref="fl-d8"/>
      </object_component>
      <object_component id="oc-255">
         <name>.text:_ecpy</name>
         <load_address>0x32aa</load_address>
         <run_address>0x32aa</run_address>
         <size>0x52</size>
         <input_file_ref idref="fl-c2"/>
      </object_component>
      <object_component id="oc-2b3">
         <name>.text:__TI_doflush</name>
         <load_address>0x32fc</load_address>
         <run_address>0x32fc</run_address>
         <size>0x4c</size>
         <input_file_ref idref="fl-e5"/>
      </object_component>
      <object_component id="oc-19c">
         <name>.text:atoi</name>
         <load_address>0x3348</load_address>
         <run_address>0x3348</run_address>
         <size>0x4c</size>
         <input_file_ref idref="fl-d5"/>
      </object_component>
      <object_component id="oc-fa">
         <name>.text:exit</name>
         <load_address>0x3394</load_address>
         <run_address>0x3394</run_address>
         <size>0x48</size>
         <input_file_ref idref="fl-d3"/>
      </object_component>
      <object_component id="oc-240">
         <name>.text</name>
         <load_address>0x33dc</load_address>
         <run_address>0x33dc</run_address>
         <size>0x48</size>
         <input_file_ref idref="fl-cb"/>
      </object_component>
      <object_component id="oc-39a">
         <name>.text:HOSTclose</name>
         <load_address>0x3424</load_address>
         <run_address>0x3424</run_address>
         <size>0x44</size>
         <input_file_ref idref="fl-ed"/>
      </object_component>
      <object_component id="oc-3b2">
         <name>.text:HOSTunlink</name>
         <load_address>0x3468</load_address>
         <run_address>0x3468</run_address>
         <size>0x44</size>
         <input_file_ref idref="fl-f2"/>
      </object_component>
      <object_component id="oc-100">
         <name>.text:__TI_auto_init_nobinit_nopinit:__TI_auto_init_nobinit_nopinit</name>
         <load_address>0x34ac</load_address>
         <run_address>0x34ac</run_address>
         <size>0x44</size>
         <input_file_ref idref="fl-e9"/>
      </object_component>
      <object_component id="oc-408">
         <name>.text:getdevice</name>
         <load_address>0x34f0</load_address>
         <run_address>0x34f0</run_address>
         <size>0x44</size>
         <input_file_ref idref="fl-f9"/>
      </object_component>
      <object_component id="oc-268">
         <name>.text:_fcpy</name>
         <load_address>0x3534</load_address>
         <run_address>0x3534</run_address>
         <size>0x3e</size>
         <input_file_ref idref="fl-c2"/>
      </object_component>
      <object_component id="oc-3e1">
         <name>.text:__TI_writemsg</name>
         <load_address>0x3574</load_address>
         <run_address>0x3574</run_address>
         <size>0x38</size>
         <input_file_ref idref="fl-f4"/>
      </object_component>
      <object_component id="oc-42a">
         <name>.text:strncpy</name>
         <load_address>0x35ac</load_address>
         <run_address>0x35ac</run_address>
         <size>0x36</size>
         <input_file_ref idref="fl-fc"/>
      </object_component>
      <object_component id="oc-34b">
         <name>.text:__TI_cleanup</name>
         <load_address>0x35e4</load_address>
         <run_address>0x35e4</run_address>
         <size>0x34</size>
         <input_file_ref idref="fl-e6"/>
      </object_component>
      <object_component id="oc-3e7">
         <name>.text:__TI_readmsg</name>
         <load_address>0x3618</load_address>
         <run_address>0x3618</run_address>
         <size>0x34</size>
         <input_file_ref idref="fl-f4"/>
      </object_component>
      <object_component id="oc-55">
         <name>.text:_c_int00_noargs:_c_int00_noargs</name>
         <load_address>0x364c</load_address>
         <run_address>0x364c</run_address>
         <size>0x34</size>
         <input_file_ref idref="fl-e0"/>
      </object_component>
      <object_component id="oc-430">
         <name>.text:finddevice</name>
         <load_address>0x3680</load_address>
         <run_address>0x3680</run_address>
         <size>0x30</size>
         <input_file_ref idref="fl-f9"/>
      </object_component>
      <object_component id="oc-24b">
         <name>.text</name>
         <load_address>0x36b0</load_address>
         <run_address>0x36b0</run_address>
         <size>0x2e</size>
         <input_file_ref idref="fl-cc"/>
      </object_component>
      <object_component id="oc-3d6">
         <name>.text:unlink</name>
         <load_address>0x36e0</load_address>
         <run_address>0x36e0</run_address>
         <size>0x2c</size>
         <input_file_ref idref="fl-ff"/>
      </object_component>
      <object_component id="oc-37a">
         <name>.text:free_list_insert</name>
         <load_address>0x370c</load_address>
         <run_address>0x370c</run_address>
         <size>0x28</size>
         <input_file_ref idref="fl-db"/>
      </object_component>
      <object_component id="oc-337">
         <name>.text:lseek</name>
         <load_address>0x3734</load_address>
         <run_address>0x3734</run_address>
         <size>0x28</size>
         <input_file_ref idref="fl-f6"/>
      </object_component>
      <object_component id="oc-2b9">
         <name>.text:write</name>
         <load_address>0x375c</load_address>
         <run_address>0x375c</run_address>
         <size>0x28</size>
         <input_file_ref idref="fl-de"/>
      </object_component>
      <object_component id="oc-2ad">
         <name>.text:memchr</name>
         <load_address>0x3784</load_address>
         <run_address>0x3784</run_address>
         <size>0x20</size>
         <input_file_ref idref="fl-da"/>
      </object_component>
      <object_component id="oc-43">
         <name>.text:decompress:ZI:__TI_zero_init_nomemset:__TI_zero_init_nomemset</name>
         <load_address>0x37a4</load_address>
         <run_address>0x37a4</run_address>
         <size>0x1c</size>
         <input_file_ref idref="fl-d0"/>
      </object_component>
      <object_component id="oc-374">
         <name>.text:free_list_remove</name>
         <load_address>0x37c0</load_address>
         <run_address>0x37c0</run_address>
         <size>0x1c</size>
         <input_file_ref idref="fl-db"/>
      </object_component>
      <object_component id="oc-1c5">
         <name>.text:memccpy</name>
         <load_address>0x37dc</load_address>
         <run_address>0x37dc</run_address>
         <size>0x1c</size>
         <input_file_ref idref="fl-d9"/>
      </object_component>
      <object_component id="oc-2ef">
         <name>.text:copysign</name>
         <load_address>0x37f8</load_address>
         <run_address>0x37f8</run_address>
         <size>0x1a</size>
         <input_file_ref idref="fl-f7"/>
      </object_component>
      <object_component id="oc-447">
         <name>.text:strcmp</name>
         <load_address>0x3812</load_address>
         <run_address>0x3812</run_address>
         <size>0x18</size>
         <input_file_ref idref="fl-fa"/>
      </object_component>
      <object_component id="oc-27c">
         <name>.text:strchr</name>
         <load_address>0x382a</load_address>
         <run_address>0x382a</run_address>
         <size>0x16</size>
         <input_file_ref idref="fl-dc"/>
      </object_component>
      <object_component id="oc-3fb">
         <name>.text:strcpy</name>
         <load_address>0x3840</load_address>
         <run_address>0x3840</run_address>
         <size>0x14</size>
         <input_file_ref idref="fl-fb"/>
      </object_component>
      <object_component id="oc-196">
         <name>.text:strlen</name>
         <load_address>0x3854</load_address>
         <run_address>0x3854</run_address>
         <size>0x14</size>
         <input_file_ref idref="fl-dd"/>
      </object_component>
      <object_component id="oc-1cb">
         <name>.text:wcslen</name>
         <load_address>0x3868</load_address>
         <run_address>0x3868</run_address>
         <size>0x12</size>
         <input_file_ref idref="fl-e2"/>
      </object_component>
      <object_component id="oc-1a">
         <name>.text:decompress:none:__TI_decompress_none</name>
         <load_address>0x387a</load_address>
         <run_address>0x387a</run_address>
         <size>0xe</size>
         <input_file_ref idref="fl-d1"/>
      </object_component>
      <object_component id="oc-67">
         <name>.text</name>
         <load_address>0x3888</load_address>
         <run_address>0x3888</run_address>
         <size>0xe</size>
         <input_file_ref idref="fl-6"/>
      </object_component>
      <object_component id="oc-1d1">
         <name>.text:__aeabi_errno_addr</name>
         <load_address>0x3898</load_address>
         <run_address>0x3898</run_address>
         <size>0x8</size>
         <input_file_ref idref="fl-e1"/>
      </object_component>
      <object_component id="oc-345">
         <name>.text:malloc</name>
         <load_address>0x38a0</load_address>
         <run_address>0x38a0</run_address>
         <size>0x8</size>
         <input_file_ref idref="fl-db"/>
      </object_component>
      <object_component id="oc-148">
         <name>.text:_outc</name>
         <load_address>0x38a8</load_address>
         <run_address>0x38a8</run_address>
         <size>0x4</size>
         <input_file_ref idref="fl-c1"/>
      </object_component>
      <object_component id="oc-142">
         <name>.text:_outs</name>
         <load_address>0x38ac</load_address>
         <run_address>0x38ac</run_address>
         <size>0x4</size>
         <input_file_ref idref="fl-c1"/>
      </object_component>
      <object_component id="oc-9d">
         <name>.text:_system_pre_init</name>
         <load_address>0x38b0</load_address>
         <run_address>0x38b0</run_address>
         <size>0x4</size>
         <input_file_ref idref="fl-ea"/>
      </object_component>
      <object_component id="oc-f4">
         <name>.text:abort:abort</name>
         <load_address>0x38b4</load_address>
         <run_address>0x38b4</run_address>
         <size>0x4</size>
         <input_file_ref idref="fl-d3"/>
      </object_component>
      <object_component id="oc-c2">
         <name>.const:.string:lucidaConsole_8ptBitmaps_narrow</name>
         <load_address>0x38b8</load_address>
         <run_address>0x38b8</run_address>
         <size>0x415</size>
         <input_file_ref idref="fl-2"/>
      </object_component>
      <object_component id="oc-225">
         <name>.const:.string:_ctypes_</name>
         <load_address>0x3ccd</load_address>
         <run_address>0x3ccd</run_address>
         <size>0x101</size>
         <input_file_ref idref="fl-d6"/>
      </object_component>
      <object_component id="oc-485">
         <name>.cinit..data.load</name>
         <load_address>0x3dd0</load_address>
         <run_address>0x3dd0</run_address>
         <size>0x6f</size>
      </object_component>
      <object_component id="oc-483">
         <name>__TI_handler_table</name>
         <load_address>0x3e40</load_address>
         <run_address>0x3e40</run_address>
         <size>0xc</size>
      </object_component>
      <object_component id="oc-486">
         <name>.cinit..bss.load</name>
         <load_address>0x3e50</load_address>
         <run_address>0x3e50</run_address>
         <size>0x8</size>
      </object_component>
      <object_component id="oc-484">
         <name>__TI_cinit_table</name>
         <load_address>0x3e58</load_address>
         <run_address>0x3e58</run_address>
         <size>0x10</size>
      </object_component>
      <object_component id="oc-458">
         <name>.binit</name>
         <load_address>0x0</load_address>
         <run_address>0x0</run_address>
         <size>0x0</size>
      </object_component>
      <object_component id="oc-cc">
         <name>.data</name>
         <load_address>0x200005b8</load_address>
         <run_address>0x200005b8</run_address>
         <size>0x10</size>
         <input_file_ref idref="fl-4"/>
      </object_component>
      <object_component id="oc-132">
         <name>.data</name>
         <load_address>0x200005f8</load_address>
         <run_address>0x200005f8</run_address>
         <size>0x4</size>
         <input_file_ref idref="fl-7"/>
      </object_component>
      <object_component id="oc-178">
         <name>.data:$O1$$</name>
         <load_address>0x200005d8</load_address>
         <run_address>0x200005d8</run_address>
         <size>0xc</size>
         <input_file_ref idref="fl-d3"/>
      </object_component>
      <object_component id="oc-13c">
         <name>.data:$O1$$</name>
         <load_address>0x200005e4</load_address>
         <run_address>0x200005e4</run_address>
         <size>0x8</size>
         <input_file_ref idref="fl-d4"/>
      </object_component>
      <object_component id="oc-13f">
         <name>.data:_ftable</name>
         <load_address>0x20000400</load_address>
         <run_address>0x20000400</run_address>
         <size>0xf0</size>
         <input_file_ref idref="fl-d7"/>
      </object_component>
      <object_component id="oc-38e">
         <name>.data</name>
         <load_address>0x200005c8</load_address>
         <run_address>0x200005c8</run_address>
         <size>0x10</size>
         <input_file_ref idref="fl-d7"/>
      </object_component>
      <object_component id="oc-3c4">
         <name>.data:$O1$$</name>
         <load_address>0x200005ec</load_address>
         <run_address>0x200005ec</run_address>
         <size>0x8</size>
         <input_file_ref idref="fl-db"/>
      </object_component>
      <object_component id="oc-35e">
         <name>.data:_device</name>
         <load_address>0x200004f0</load_address>
         <run_address>0x200004f0</run_address>
         <size>0x78</size>
         <input_file_ref idref="fl-df"/>
      </object_component>
      <object_component id="oc-31d">
         <name>.data:_stream</name>
         <load_address>0x20000568</load_address>
         <run_address>0x20000568</run_address>
         <size>0x50</size>
         <input_file_ref idref="fl-df"/>
      </object_component>
      <object_component id="oc-28c">
         <name>.data</name>
         <load_address>0x200005f4</load_address>
         <run_address>0x200005f4</run_address>
         <size>0x4</size>
         <input_file_ref idref="fl-e1"/>
      </object_component>
      <object_component id="oc-412">
         <name>.bss:_CIOBUF_</name>
         <uninitialized>true</uninitialized>
         <run_address>0x200005fc</run_address>
         <size>0x120</size>
         <input_file_ref idref="fl-f4"/>
      </object_component>
      <object_component id="oc-3dc">
         <name>.common:__TI_tmpnams</name>
         <uninitialized>true</uninitialized>
         <run_address>0x2000071c</run_address>
         <size>0xa0</size>
      </object_component>
      <object_component id="oc-3ed">
         <name>.common:parmbuf</name>
         <uninitialized>true</uninitialized>
         <run_address>0x200007bc</run_address>
         <size>0x8</size>
      </object_component>
      <object_component id="oc-26">
         <name>.sysmem</name>
         <uninitialized>true</uninitialized>
         <run_address>0x20000000</run_address>
         <size>0x10</size>
         <input_file_ref idref="fl-db"/>
      </object_component>
      <object_component id="oc-488">
         <name>.sysmem</name>
         <uninitialized>true</uninitialized>
         <run_address>0x20000000</run_address>
         <size>0x0</size>
      </object_component>
      <object_component id="oc-29">
         <name>.stack</name>
         <uninitialized>true</uninitialized>
         <run_address>0x2000fe00</run_address>
         <size>0x4</size>
         <input_file_ref idref="fl-e0"/>
      </object_component>
      <object_component id="oc-487">
         <name>.stack</name>
         <uninitialized>true</uninitialized>
         <run_address>0x2000fe00</run_address>
         <size>0x0</size>
      </object_component>
      <object_component id="oc-176">
         <name>.debug_info</name>
         <load_address>0x0</load_address>
         <run_address>0x0</run_address>
         <size>0x10e</size>
         <input_file_ref idref="fl-1"/>
      </object_component>
      <object_component id="oc-164">
         <name>.debug_info</name>
         <load_address>0x10e</load_address>
         <run_address>0x10e</run_address>
         <size>0xed</size>
         <input_file_ref idref="fl-1"/>
      </object_component>
      <object_component id="oc-d2">
         <name>.debug_info</name>
         <load_address>0x1fb</load_address>
         <run_address>0x1fb</run_address>
         <size>0x26b</size>
         <input_file_ref idref="fl-1"/>
      </object_component>
      <object_component id="oc-32">
         <name>.debug_info</name>
         <load_address>0x466</load_address>
         <run_address>0x466</run_address>
         <size>0x84</size>
         <input_file_ref idref="fl-1"/>
      </object_component>
      <object_component id="oc-158">
         <name>.debug_info</name>
         <load_address>0x4ea</load_address>
         <run_address>0x4ea</run_address>
         <size>0x297</size>
         <input_file_ref idref="fl-1"/>
      </object_component>
      <object_component id="oc-c6">
         <name>.debug_info</name>
         <load_address>0x781</load_address>
         <run_address>0x781</run_address>
         <size>0xbb</size>
         <input_file_ref idref="fl-1"/>
      </object_component>
      <object_component id="oc-157">
         <name>.debug_info</name>
         <load_address>0x83c</load_address>
         <run_address>0x83c</run_address>
         <size>0x1ad</size>
         <input_file_ref idref="fl-2"/>
      </object_component>
      <object_component id="oc-c3">
         <name>.debug_info</name>
         <load_address>0x9e9</load_address>
         <run_address>0x9e9</run_address>
         <size>0x113</size>
         <input_file_ref idref="fl-2"/>
      </object_component>
      <object_component id="oc-cb">
         <name>.debug_info</name>
         <load_address>0xafc</load_address>
         <run_address>0xafc</run_address>
         <size>0x5dc</size>
         <input_file_ref idref="fl-3"/>
      </object_component>
      <object_component id="oc-6e">
         <name>.debug_info</name>
         <load_address>0x10d8</load_address>
         <run_address>0x10d8</run_address>
         <size>0x11b8</size>
         <input_file_ref idref="fl-3"/>
      </object_component>
      <object_component id="oc-15f">
         <name>.debug_info</name>
         <load_address>0x2290</load_address>
         <run_address>0x2290</run_address>
         <size>0x37e2</size>
         <input_file_ref idref="fl-3"/>
      </object_component>
      <object_component id="oc-169">
         <name>.debug_info</name>
         <load_address>0x5a72</load_address>
         <run_address>0x5a72</run_address>
         <size>0x1055</size>
         <input_file_ref idref="fl-3"/>
      </object_component>
      <object_component id="oc-150">
         <name>.debug_info</name>
         <load_address>0x6ac7</load_address>
         <run_address>0x6ac7</run_address>
         <size>0x2c</size>
         <input_file_ref idref="fl-3"/>
      </object_component>
      <object_component id="oc-170">
         <name>.debug_info</name>
         <load_address>0x6af3</load_address>
         <run_address>0x6af3</run_address>
         <size>0x58b</size>
         <input_file_ref idref="fl-4"/>
      </object_component>
      <object_component id="oc-cd">
         <name>.debug_info</name>
         <load_address>0x707e</load_address>
         <run_address>0x707e</run_address>
         <size>0x141</size>
         <input_file_ref idref="fl-4"/>
      </object_component>
      <object_component id="oc-74">
         <name>.debug_info</name>
         <load_address>0x71bf</load_address>
         <run_address>0x71bf</run_address>
         <size>0x235</size>
         <input_file_ref idref="fl-4"/>
      </object_component>
      <object_component id="oc-171">
         <name>.debug_info</name>
         <load_address>0x73f4</load_address>
         <run_address>0x73f4</run_address>
         <size>0x8b</size>
         <input_file_ref idref="fl-4"/>
      </object_component>
      <object_component id="oc-a4">
         <name>.debug_info</name>
         <load_address>0x747f</load_address>
         <run_address>0x747f</run_address>
         <size>0x2d8</size>
         <input_file_ref idref="fl-5"/>
      </object_component>
      <object_component id="oc-7b">
         <name>.debug_info</name>
         <load_address>0x7757</load_address>
         <run_address>0x7757</run_address>
         <size>0x2c6</size>
         <input_file_ref idref="fl-6"/>
      </object_component>
      <object_component id="oc-24">
         <name>.debug_info</name>
         <load_address>0x7a1d</load_address>
         <run_address>0x7a1d</run_address>
         <size>0xf2</size>
         <input_file_ref idref="fl-6"/>
      </object_component>
      <object_component id="oc-68">
         <name>.debug_info</name>
         <load_address>0x7b0f</load_address>
         <run_address>0x7b0f</run_address>
         <size>0x1b9</size>
         <input_file_ref idref="fl-6"/>
      </object_component>
      <object_component id="oc-133">
         <name>.debug_info</name>
         <load_address>0x7cc8</load_address>
         <run_address>0x7cc8</run_address>
         <size>0xeb</size>
         <input_file_ref idref="fl-7"/>
      </object_component>
      <object_component id="oc-b6">
         <name>.debug_info</name>
         <load_address>0x7db3</load_address>
         <run_address>0x7db3</run_address>
         <size>0x25d</size>
         <input_file_ref idref="fl-7"/>
      </object_component>
      <object_component id="oc-14f">
         <name>.debug_info</name>
         <load_address>0x8010</load_address>
         <run_address>0x8010</run_address>
         <size>0x3e4</size>
         <input_file_ref idref="fl-c1"/>
      </object_component>
      <object_component id="oc-149">
         <name>.debug_info</name>
         <load_address>0x83f4</load_address>
         <run_address>0x83f4</run_address>
         <size>0x156</size>
         <input_file_ref idref="fl-c1"/>
      </object_component>
      <object_component id="oc-143">
         <name>.debug_info</name>
         <load_address>0x854a</load_address>
         <run_address>0x854a</run_address>
         <size>0x165</size>
         <input_file_ref idref="fl-c1"/>
      </object_component>
      <object_component id="oc-bd">
         <name>.debug_info</name>
         <load_address>0x86af</load_address>
         <run_address>0x86af</run_address>
         <size>0x1ab</size>
         <input_file_ref idref="fl-c1"/>
      </object_component>
      <object_component id="oc-201">
         <name>.debug_info</name>
         <load_address>0x885a</load_address>
         <run_address>0x885a</run_address>
         <size>0xb2</size>
         <input_file_ref idref="fl-c1"/>
      </object_component>
      <object_component id="oc-1d8">
         <name>.debug_info</name>
         <load_address>0x890c</load_address>
         <run_address>0x890c</run_address>
         <size>0x57a</size>
         <input_file_ref idref="fl-c2"/>
      </object_component>
      <object_component id="oc-1a3">
         <name>.debug_info</name>
         <load_address>0x8e86</load_address>
         <run_address>0x8e86</run_address>
         <size>0x21d</size>
         <input_file_ref idref="fl-c2"/>
      </object_component>
      <object_component id="oc-256">
         <name>.debug_info</name>
         <load_address>0x90a3</load_address>
         <run_address>0x90a3</run_address>
         <size>0x1b2</size>
         <input_file_ref idref="fl-c2"/>
      </object_component>
      <object_component id="oc-25c">
         <name>.debug_info</name>
         <load_address>0x9255</load_address>
         <run_address>0x9255</run_address>
         <size>0x21a</size>
         <input_file_ref idref="fl-c2"/>
      </object_component>
      <object_component id="oc-1ae">
         <name>.debug_info</name>
         <load_address>0x946f</load_address>
         <run_address>0x946f</run_address>
         <size>0x3ba</size>
         <input_file_ref idref="fl-c2"/>
      </object_component>
      <object_component id="oc-263">
         <name>.debug_info</name>
         <load_address>0x9829</load_address>
         <run_address>0x9829</run_address>
         <size>0x304</size>
         <input_file_ref idref="fl-c2"/>
      </object_component>
      <object_component id="oc-269">
         <name>.debug_info</name>
         <load_address>0x9b2d</load_address>
         <run_address>0x9b2d</run_address>
         <size>0x214</size>
         <input_file_ref idref="fl-c2"/>
      </object_component>
      <object_component id="oc-1b4">
         <name>.debug_info</name>
         <load_address>0x9d41</load_address>
         <run_address>0x9d41</run_address>
         <size>0x214</size>
         <input_file_ref idref="fl-c2"/>
      </object_component>
      <object_component id="oc-1ba">
         <name>.debug_info</name>
         <load_address>0x9f55</load_address>
         <run_address>0x9f55</run_address>
         <size>0x303</size>
         <input_file_ref idref="fl-c2"/>
      </object_component>
      <object_component id="oc-1c0">
         <name>.debug_info</name>
         <load_address>0xa258</load_address>
         <run_address>0xa258</run_address>
         <size>0x4af</size>
         <input_file_ref idref="fl-c2"/>
      </object_component>
      <object_component id="oc-137">
         <name>.debug_info</name>
         <load_address>0xa707</load_address>
         <run_address>0xa707</run_address>
         <size>0x5f3</size>
         <input_file_ref idref="fl-c2"/>
      </object_component>
      <object_component id="oc-1d9">
         <name>.debug_info</name>
         <load_address>0xacfa</load_address>
         <run_address>0xacfa</run_address>
         <size>0x86</size>
         <input_file_ref idref="fl-c2"/>
      </object_component>
      <object_component id="oc-298">
         <name>.debug_info</name>
         <load_address>0xad80</load_address>
         <run_address>0xad80</run_address>
         <size>0x39</size>
         <input_file_ref idref="fl-c2"/>
      </object_component>
      <object_component id="oc-306">
         <name>.debug_info</name>
         <load_address>0xadb9</load_address>
         <run_address>0xadb9</run_address>
         <size>0xb6</size>
         <input_file_ref idref="fl-c2"/>
      </object_component>
      <object_component id="oc-29d">
         <name>.debug_info</name>
         <load_address>0xae6f</load_address>
         <run_address>0xae6f</run_address>
         <size>0x46</size>
         <input_file_ref idref="fl-c2"/>
      </object_component>
      <object_component id="oc-1de">
         <name>.debug_info</name>
         <load_address>0xaeb5</load_address>
         <run_address>0xaeb5</run_address>
         <size>0x46</size>
         <input_file_ref idref="fl-c2"/>
      </object_component>
      <object_component id="oc-293">
         <name>.debug_info</name>
         <load_address>0xaefb</load_address>
         <run_address>0xaefb</run_address>
         <size>0x2c</size>
         <input_file_ref idref="fl-c2"/>
      </object_component>
      <object_component id="oc-2c2">
         <name>.debug_info</name>
         <load_address>0xaf27</load_address>
         <run_address>0xaf27</run_address>
         <size>0x382</size>
         <input_file_ref idref="fl-c3"/>
      </object_component>
      <object_component id="oc-1f9">
         <name>.debug_info</name>
         <load_address>0xb2a9</load_address>
         <run_address>0xb2a9</run_address>
         <size>0x1e9</size>
         <input_file_ref idref="fl-c3"/>
      </object_component>
      <object_component id="oc-2c0">
         <name>.debug_info</name>
         <load_address>0xb492</load_address>
         <run_address>0xb492</run_address>
         <size>0x3fb</size>
         <input_file_ref idref="fl-c4"/>
      </object_component>
      <object_component id="oc-1f2">
         <name>.debug_info</name>
         <load_address>0xb88d</load_address>
         <run_address>0xb88d</run_address>
         <size>0x2e1</size>
         <input_file_ref idref="fl-c4"/>
      </object_component>
      <object_component id="oc-ea">
         <name>.debug_info</name>
         <load_address>0xbb6e</load_address>
         <run_address>0xbb6e</run_address>
         <size>0x2c</size>
         <input_file_ref idref="fl-c4"/>
      </object_component>
      <object_component id="oc-318">
         <name>.debug_info</name>
         <load_address>0xbb9a</load_address>
         <run_address>0xbb9a</run_address>
         <size>0x2ff</size>
         <input_file_ref idref="fl-c5"/>
      </object_component>
      <object_component id="oc-2a8">
         <name>.debug_info</name>
         <load_address>0xbe99</load_address>
         <run_address>0xbe99</run_address>
         <size>0x19b</size>
         <input_file_ref idref="fl-c5"/>
      </object_component>
      <object_component id="oc-353">
         <name>.debug_info</name>
         <load_address>0xc034</load_address>
         <run_address>0xc034</run_address>
         <size>0xbf</size>
         <input_file_ref idref="fl-c5"/>
      </object_component>
      <object_component id="oc-352">
         <name>.debug_info</name>
         <load_address>0xc0f3</load_address>
         <run_address>0xc0f3</run_address>
         <size>0x373</size>
         <input_file_ref idref="fl-c6"/>
      </object_component>
      <object_component id="oc-312">
         <name>.debug_info</name>
         <load_address>0xc466</load_address>
         <run_address>0xc466</run_address>
         <size>0x20a</size>
         <input_file_ref idref="fl-c6"/>
      </object_component>
      <object_component id="oc-251">
         <name>.debug_info</name>
         <load_address>0xc670</load_address>
         <run_address>0xc670</run_address>
         <size>0x14b</size>
         <input_file_ref idref="fl-c7"/>
      </object_component>
      <object_component id="oc-1a9">
         <name>.debug_info</name>
         <load_address>0xc7bb</load_address>
         <run_address>0xc7bb</run_address>
         <size>0x127</size>
         <input_file_ref idref="fl-c8"/>
      </object_component>
      <object_component id="oc-23c">
         <name>.debug_info</name>
         <load_address>0xc8e2</load_address>
         <run_address>0xc8e2</run_address>
         <size>0x129</size>
         <input_file_ref idref="fl-c8"/>
      </object_component>
      <object_component id="oc-237">
         <name>.debug_info</name>
         <load_address>0xca0b</load_address>
         <run_address>0xca0b</run_address>
         <size>0x139</size>
         <input_file_ref idref="fl-c9"/>
      </object_component>
      <object_component id="oc-232">
         <name>.debug_info</name>
         <load_address>0xcb44</load_address>
         <run_address>0xcb44</run_address>
         <size>0x139</size>
         <input_file_ref idref="fl-ca"/>
      </object_component>
      <object_component id="oc-241">
         <name>.debug_info</name>
         <load_address>0xcc7d</load_address>
         <run_address>0xcc7d</run_address>
         <size>0x12d</size>
         <input_file_ref idref="fl-cb"/>
      </object_component>
      <object_component id="oc-24c">
         <name>.debug_info</name>
         <load_address>0xcdaa</load_address>
         <run_address>0xcdaa</run_address>
         <size>0x12b</size>
         <input_file_ref idref="fl-cc"/>
      </object_component>
      <object_component id="oc-38">
         <name>.debug_info</name>
         <load_address>0xced5</load_address>
         <run_address>0xced5</run_address>
         <size>0x118</size>
         <input_file_ref idref="fl-cd"/>
      </object_component>
      <object_component id="oc-22b">
         <name>.debug_info</name>
         <load_address>0xcfed</load_address>
         <run_address>0xcfed</run_address>
         <size>0x133</size>
         <input_file_ref idref="fl-ce"/>
      </object_component>
      <object_component id="oc-98">
         <name>.debug_info</name>
         <load_address>0xd120</load_address>
         <run_address>0xd120</run_address>
         <size>0x146</size>
         <input_file_ref idref="fl-cf"/>
      </object_component>
      <object_component id="oc-96">
         <name>.debug_info</name>
         <load_address>0xd266</load_address>
         <run_address>0xd266</run_address>
         <size>0x2d3</size>
         <input_file_ref idref="fl-d0"/>
      </object_component>
      <object_component id="oc-44">
         <name>.debug_info</name>
         <load_address>0xd539</load_address>
         <run_address>0xd539</run_address>
         <size>0x1d1</size>
         <input_file_ref idref="fl-d0"/>
      </object_component>
      <object_component id="oc-91">
         <name>.debug_info</name>
         <load_address>0xd70a</load_address>
         <run_address>0xd70a</run_address>
         <size>0x46</size>
         <input_file_ref idref="fl-d0"/>
      </object_component>
      <object_component id="oc-42">
         <name>.debug_info</name>
         <load_address>0xd750</load_address>
         <run_address>0xd750</run_address>
         <size>0x2a7</size>
         <input_file_ref idref="fl-d1"/>
      </object_component>
      <object_component id="oc-1b">
         <name>.debug_info</name>
         <load_address>0xd9f7</load_address>
         <run_address>0xd9f7</run_address>
         <size>0x1e9</size>
         <input_file_ref idref="fl-d1"/>
      </object_component>
      <object_component id="oc-3d">
         <name>.debug_info</name>
         <load_address>0xdbe0</load_address>
         <run_address>0xdbe0</run_address>
         <size>0x46</size>
         <input_file_ref idref="fl-d1"/>
      </object_component>
      <object_component id="oc-89">
         <name>.debug_info</name>
         <load_address>0xdc26</load_address>
         <run_address>0xdc26</run_address>
         <size>0x2c</size>
         <input_file_ref idref="fl-d1"/>
      </object_component>
      <object_component id="oc-87">
         <name>.debug_info</name>
         <load_address>0xdc52</load_address>
         <run_address>0xdc52</run_address>
         <size>0x29d</size>
         <input_file_ref idref="fl-d2"/>
      </object_component>
      <object_component id="oc-15">
         <name>.debug_info</name>
         <load_address>0xdeef</load_address>
         <run_address>0xdeef</run_address>
         <size>0x24f</size>
         <input_file_ref idref="fl-d2"/>
      </object_component>
      <object_component id="oc-2d">
         <name>.debug_info</name>
         <load_address>0xe13e</load_address>
         <run_address>0xe13e</run_address>
         <size>0x60</size>
         <input_file_ref idref="fl-d2"/>
      </object_component>
      <object_component id="oc-e3">
         <name>.debug_info</name>
         <load_address>0xe19e</load_address>
         <run_address>0xe19e</run_address>
         <size>0x46</size>
         <input_file_ref idref="fl-d2"/>
      </object_component>
      <object_component id="oc-82">
         <name>.debug_info</name>
         <load_address>0xe1e4</load_address>
         <run_address>0xe1e4</run_address>
         <size>0x39</size>
         <input_file_ref idref="fl-d2"/>
      </object_component>
      <object_component id="oc-17c">
         <name>.debug_info</name>
         <load_address>0xe21d</load_address>
         <run_address>0xe21d</run_address>
         <size>0x3ac</size>
         <input_file_ref idref="fl-d3"/>
      </object_component>
      <object_component id="oc-179">
         <name>.debug_info</name>
         <load_address>0xe5c9</load_address>
         <run_address>0xe5c9</run_address>
         <size>0x18f</size>
         <input_file_ref idref="fl-d3"/>
      </object_component>
      <object_component id="oc-f5">
         <name>.debug_info</name>
         <load_address>0xe758</load_address>
         <run_address>0xe758</run_address>
         <size>0x121</size>
         <input_file_ref idref="fl-d3"/>
      </object_component>
      <object_component id="oc-fb">
         <name>.debug_info</name>
         <load_address>0xe879</load_address>
         <run_address>0xe879</run_address>
         <size>0x183</size>
         <input_file_ref idref="fl-d3"/>
      </object_component>
      <object_component id="oc-1eb">
         <name>.debug_info</name>
         <load_address>0xe9fc</load_address>
         <run_address>0xe9fc</run_address>
         <size>0x2c8</size>
         <input_file_ref idref="fl-d4"/>
      </object_component>
      <object_component id="oc-13d">
         <name>.debug_info</name>
         <load_address>0xecc4</load_address>
         <run_address>0xecc4</run_address>
         <size>0x11d</size>
         <input_file_ref idref="fl-d4"/>
      </object_component>
      <object_component id="oc-1e4">
         <name>.debug_info</name>
         <load_address>0xede1</load_address>
         <run_address>0xede1</run_address>
         <size>0x12d</size>
         <input_file_ref idref="fl-d4"/>
      </object_component>
      <object_component id="oc-229">
         <name>.debug_info</name>
         <load_address>0xef0e</load_address>
         <run_address>0xef0e</run_address>
         <size>0x2b8</size>
         <input_file_ref idref="fl-d5"/>
      </object_component>
      <object_component id="oc-19d">
         <name>.debug_info</name>
         <load_address>0xf1c6</load_address>
         <run_address>0xf1c6</run_address>
         <size>0x17b</size>
         <input_file_ref idref="fl-d5"/>
      </object_component>
      <object_component id="oc-2d3">
         <name>.debug_info</name>
         <load_address>0xf341</load_address>
         <run_address>0xf341</run_address>
         <size>0xf8</size>
         <input_file_ref idref="fl-d6"/>
      </object_component>
      <object_component id="oc-226">
         <name>.debug_info</name>
         <load_address>0xf439</load_address>
         <run_address>0xf439</run_address>
         <size>0x104</size>
         <input_file_ref idref="fl-d6"/>
      </object_component>
      <object_component id="oc-1ef">
         <name>.debug_info</name>
         <load_address>0xf53d</load_address>
         <run_address>0xf53d</run_address>
         <size>0x143</size>
         <input_file_ref idref="fl-d7"/>
      </object_component>
      <object_component id="oc-140">
         <name>.debug_info</name>
         <load_address>0xf680</load_address>
         <run_address>0xf680</run_address>
         <size>0x101</size>
         <input_file_ref idref="fl-d7"/>
      </object_component>
      <object_component id="oc-38f">
         <name>.debug_info</name>
         <load_address>0xf781</load_address>
         <run_address>0xf781</run_address>
         <size>0x18e</size>
         <input_file_ref idref="fl-d7"/>
      </object_component>
      <object_component id="oc-2e1">
         <name>.debug_info</name>
         <load_address>0xf90f</load_address>
         <run_address>0xf90f</run_address>
         <size>0x29a</size>
         <input_file_ref idref="fl-d8"/>
      </object_component>
      <object_component id="oc-246">
         <name>.debug_info</name>
         <load_address>0xfba9</load_address>
         <run_address>0xfba9</run_address>
         <size>0x1cc</size>
         <input_file_ref idref="fl-d8"/>
      </object_component>
      <object_component id="oc-284">
         <name>.debug_info</name>
         <load_address>0xfd75</load_address>
         <run_address>0xfd75</run_address>
         <size>0x295</size>
         <input_file_ref idref="fl-d9"/>
      </object_component>
      <object_component id="oc-1c6">
         <name>.debug_info</name>
         <load_address>0x1000a</load_address>
         <run_address>0x1000a</run_address>
         <size>0x1b5</size>
         <input_file_ref idref="fl-d9"/>
      </object_component>
      <object_component id="oc-31a">
         <name>.debug_info</name>
         <load_address>0x101bf</load_address>
         <run_address>0x101bf</run_address>
         <size>0x2a4</size>
         <input_file_ref idref="fl-da"/>
      </object_component>
      <object_component id="oc-2ae">
         <name>.debug_info</name>
         <load_address>0x10463</load_address>
         <run_address>0x10463</run_address>
         <size>0x258</size>
         <input_file_ref idref="fl-da"/>
      </object_component>
      <object_component id="oc-7e">
         <name>.debug_info</name>
         <load_address>0x106bb</load_address>
         <run_address>0x106bb</run_address>
         <size>0x3b1</size>
         <input_file_ref idref="fl-db"/>
      </object_component>
      <object_component id="oc-27">
         <name>.debug_info</name>
         <load_address>0x10a6c</load_address>
         <run_address>0x10a6c</run_address>
         <size>0x10b</size>
         <input_file_ref idref="fl-db"/>
      </object_component>
      <object_component id="oc-3c5">
         <name>.debug_info</name>
         <load_address>0x10b77</load_address>
         <run_address>0x10b77</run_address>
         <size>0x13e</size>
         <input_file_ref idref="fl-db"/>
      </object_component>
      <object_component id="oc-346">
         <name>.debug_info</name>
         <load_address>0x10cb5</load_address>
         <run_address>0x10cb5</run_address>
         <size>0x167</size>
         <input_file_ref idref="fl-db"/>
      </object_component>
      <object_component id="oc-375">
         <name>.debug_info</name>
         <load_address>0x10e1c</load_address>
         <run_address>0x10e1c</run_address>
         <size>0x18d</size>
         <input_file_ref idref="fl-db"/>
      </object_component>
      <object_component id="oc-37b">
         <name>.debug_info</name>
         <load_address>0x10fa9</load_address>
         <run_address>0x10fa9</run_address>
         <size>0x19e</size>
         <input_file_ref idref="fl-db"/>
      </object_component>
      <object_component id="oc-340">
         <name>.debug_info</name>
         <load_address>0x11147</load_address>
         <run_address>0x11147</run_address>
         <size>0x202</size>
         <input_file_ref idref="fl-db"/>
      </object_component>
      <object_component id="oc-3ca">
         <name>.debug_info</name>
         <load_address>0x11349</load_address>
         <run_address>0x11349</run_address>
         <size>0x1da</size>
         <input_file_ref idref="fl-db"/>
      </object_component>
      <object_component id="oc-382">
         <name>.debug_info</name>
         <load_address>0x11523</load_address>
         <run_address>0x11523</run_address>
         <size>0x298</size>
         <input_file_ref idref="fl-db"/>
      </object_component>
      <object_component id="oc-de">
         <name>.debug_info</name>
         <load_address>0x117bb</load_address>
         <run_address>0x117bb</run_address>
         <size>0xb2</size>
         <input_file_ref idref="fl-db"/>
      </object_component>
      <object_component id="oc-d9">
         <name>.debug_info</name>
         <load_address>0x1186d</load_address>
         <run_address>0x1186d</run_address>
         <size>0x2c</size>
         <input_file_ref idref="fl-db"/>
      </object_component>
      <object_component id="oc-2f8">
         <name>.debug_info</name>
         <load_address>0x11899</load_address>
         <run_address>0x11899</run_address>
         <size>0x299</size>
         <input_file_ref idref="fl-dc"/>
      </object_component>
      <object_component id="oc-27d">
         <name>.debug_info</name>
         <load_address>0x11b32</load_address>
         <run_address>0x11b32</run_address>
         <size>0x25d</size>
         <input_file_ref idref="fl-dc"/>
      </object_component>
      <object_component id="oc-224">
         <name>.debug_info</name>
         <load_address>0x11d8f</load_address>
         <run_address>0x11d8f</run_address>
         <size>0x28e</size>
         <input_file_ref idref="fl-dd"/>
      </object_component>
      <object_component id="oc-197">
         <name>.debug_info</name>
         <load_address>0x1201d</load_address>
         <run_address>0x1201d</run_address>
         <size>0x240</size>
         <input_file_ref idref="fl-dd"/>
      </object_component>
      <object_component id="oc-321">
         <name>.debug_info</name>
         <load_address>0x1225d</load_address>
         <run_address>0x1225d</run_address>
         <size>0x396</size>
         <input_file_ref idref="fl-de"/>
      </object_component>
      <object_component id="oc-2ba">
         <name>.debug_info</name>
         <load_address>0x125f3</load_address>
         <run_address>0x125f3</run_address>
         <size>0x18e</size>
         <input_file_ref idref="fl-de"/>
      </object_component>
      <object_component id="oc-366">
         <name>.debug_info</name>
         <load_address>0x12781</load_address>
         <run_address>0x12781</run_address>
         <size>0x120</size>
         <input_file_ref idref="fl-de"/>
      </object_component>
      <object_component id="oc-36b">
         <name>.debug_info</name>
         <load_address>0x128a1</load_address>
         <run_address>0x128a1</run_address>
         <size>0x2c</size>
         <input_file_ref idref="fl-de"/>
      </object_component>
      <object_component id="oc-363">
         <name>.debug_info</name>
         <load_address>0x128cd</load_address>
         <run_address>0x128cd</run_address>
         <size>0x336</size>
         <input_file_ref idref="fl-df"/>
      </object_component>
      <object_component id="oc-35f">
         <name>.debug_info</name>
         <load_address>0x12c03</load_address>
         <run_address>0x12c03</run_address>
         <size>0x108</size>
         <input_file_ref idref="fl-df"/>
      </object_component>
      <object_component id="oc-31e">
         <name>.debug_info</name>
         <load_address>0x12d0b</load_address>
         <run_address>0x12d0b</run_address>
         <size>0x108</size>
         <input_file_ref idref="fl-df"/>
      </object_component>
      <object_component id="oc-2a">
         <name>.debug_info</name>
         <load_address>0x12e13</load_address>
         <run_address>0x12e13</run_address>
         <size>0x10a</size>
         <input_file_ref idref="fl-e0"/>
      </object_component>
      <object_component id="oc-56">
         <name>.debug_info</name>
         <load_address>0x12f1d</load_address>
         <run_address>0x12f1d</run_address>
         <size>0x1a8</size>
         <input_file_ref idref="fl-e0"/>
      </object_component>
      <object_component id="oc-290">
         <name>.debug_info</name>
         <load_address>0x130c5</load_address>
         <run_address>0x130c5</run_address>
         <size>0x288</size>
         <input_file_ref idref="fl-e1"/>
      </object_component>
      <object_component id="oc-28d">
         <name>.debug_info</name>
         <load_address>0x1334d</load_address>
         <run_address>0x1334d</run_address>
         <size>0x10d</size>
         <input_file_ref idref="fl-e1"/>
      </object_component>
      <object_component id="oc-1d2">
         <name>.debug_info</name>
         <load_address>0x1345a</load_address>
         <run_address>0x1345a</run_address>
         <size>0x14d</size>
         <input_file_ref idref="fl-e1"/>
      </object_component>
      <object_component id="oc-28b">
         <name>.debug_info</name>
         <load_address>0x135a7</load_address>
         <run_address>0x135a7</run_address>
         <size>0x28e</size>
         <input_file_ref idref="fl-e2"/>
      </object_component>
      <object_component id="oc-1cc">
         <name>.debug_info</name>
         <load_address>0x13835</load_address>
         <run_address>0x13835</run_address>
         <size>0x159</size>
         <input_file_ref idref="fl-e2"/>
      </object_component>
      <object_component id="oc-2fb">
         <name>.debug_info</name>
         <load_address>0x1398e</load_address>
         <run_address>0x1398e</run_address>
         <size>0x46</size>
         <input_file_ref idref="fl-e2"/>
      </object_component>
      <object_component id="oc-286">
         <name>.debug_info</name>
         <load_address>0x139d4</load_address>
         <run_address>0x139d4</run_address>
         <size>0x39</size>
         <input_file_ref idref="fl-e2"/>
      </object_component>
      <object_component id="oc-2e9">
         <name>.debug_info</name>
         <load_address>0x13a0d</load_address>
         <run_address>0x13a0d</run_address>
         <size>0x299</size>
         <input_file_ref idref="fl-e3"/>
      </object_component>
      <object_component id="oc-271">
         <name>.debug_info</name>
         <load_address>0x13ca6</load_address>
         <run_address>0x13ca6</run_address>
         <size>0x194</size>
         <input_file_ref idref="fl-e3"/>
      </object_component>
      <object_component id="oc-32d">
         <name>.debug_info</name>
         <load_address>0x13e3a</load_address>
         <run_address>0x13e3a</run_address>
         <size>0x39</size>
         <input_file_ref idref="fl-e3"/>
      </object_component>
      <object_component id="oc-2ea">
         <name>.debug_info</name>
         <load_address>0x13e73</load_address>
         <run_address>0x13e73</run_address>
         <size>0x2c</size>
         <input_file_ref idref="fl-e3"/>
      </object_component>
      <object_component id="oc-2f6">
         <name>.debug_info</name>
         <load_address>0x13e9f</load_address>
         <run_address>0x13e9f</run_address>
         <size>0x2fc</size>
         <input_file_ref idref="fl-e4"/>
      </object_component>
      <object_component id="oc-27a">
         <name>.debug_info</name>
         <load_address>0x1419b</load_address>
         <run_address>0x1419b</run_address>
         <size>0x224</size>
         <input_file_ref idref="fl-e4"/>
      </object_component>
      <object_component id="oc-31c">
         <name>.debug_info</name>
         <load_address>0x143bf</load_address>
         <run_address>0x143bf</run_address>
         <size>0x346</size>
         <input_file_ref idref="fl-e5"/>
      </object_component>
      <object_component id="oc-2b4">
         <name>.debug_info</name>
         <load_address>0x14705</load_address>
         <run_address>0x14705</run_address>
         <size>0x189</size>
         <input_file_ref idref="fl-e5"/>
      </object_component>
      <object_component id="oc-34d">
         <name>.debug_info</name>
         <load_address>0x1488e</load_address>
[...]
      </symbol>
      <symbol id="sm-3e0">
         <name>__aeabi_dmul</name>
         <value>0x25bd</value>
         <object_component_ref idref="oc-231"/>
      </symbol>
      <symbol id="sm-3ea">
         <name>__aeabi_d2iz</name>
         <value>0x33dd</value>
         <object_component_ref idref="oc-240"/>
      </symbol>
      <symbol id="sm-3f4">
         <name>__aeabi_i2d</name>
         <value>0x36b1</value>
         <object_component_ref idref="oc-24b"/>
      </symbol>
      <symbol id="sm-40f">
         <name>memcpy</name>
         <value>0x292b</value>
         <object_component_ref idref="oc-37"/>
      </symbol>
      <symbol id="sm-410">
         <name>__aeabi_memcpy</name>
         <value>0x292b</value>
         <object_component_ref idref="oc-37"/>
      </symbol>
      <symbol id="sm-411">
         <name>__aeabi_memcpy8</name>
         <value>0x292b</value>
         <object_component_ref idref="oc-37"/>
      </symbol>
      <symbol id="sm-412">
         <name>__aeabi_memcpy4</name>
         <value>0x292b</value>
         <object_component_ref idref="oc-37"/>
      </symbol>
      <symbol id="sm-41f">
         <name>__aeabi_uldivmod</name>
         <value>0x29c7</value>
         <object_component_ref idref="oc-22a"/>
      </symbol>
      <symbol id="sm-42e">
         <name>__aeabi_memset</name>
         <value>0x2bf7</value>
         <object_component_ref idref="oc-97"/>
      </symbol>
      <symbol id="sm-42f">
         <name>memset</name>
         <value>0x2bfd</value>
         <object_component_ref idref="oc-97"/>
      </symbol>
      <symbol id="sm-430">
         <name>__aeabi_memset8</name>
         <value>0x2bf7</value>
         <object_component_ref idref="oc-97"/>
      </symbol>
      <symbol id="sm-431">
         <name>__aeabi_memset4</name>
         <value>0x2bf7</value>
         <object_component_ref idref="oc-97"/>
      </symbol>
      <symbol id="sm-432">
         <name>__aeabi_memclr8</name>
         <value>0x2bf5</value>
         <object_component_ref idref="oc-97"/>
      </symbol>
      <symbol id="sm-433">
         <name>__aeabi_memclr4</name>
         <value>0x2bf5</value>
         <object_component_ref idref="oc-97"/>
      </symbol>
      <symbol id="sm-434">
         <name>__aeabi_memclr</name>
         <value>0x2bf5</value>
         <object_component_ref idref="oc-97"/>
      </symbol>
      <symbol id="sm-448">
         <name>__TI_zero_init_nomemset</name>
         <value>0x37a5</value>
         <object_component_ref idref="oc-43"/>
      </symbol>
      <symbol id="sm-45f">
         <name>__TI_decompress_none</name>
         <value>0x387b</value>
         <object_component_ref idref="oc-1a"/>
      </symbol>
      <symbol id="sm-482">
         <name>__TI_decompress_lzss</name>
         <value>0x2e99</value>
         <object_component_ref idref="oc-14"/>
      </symbol>
      <symbol id="sm-4a8">
         <name>C$$EXIT</name>
         <value>0x38b5</value>
         <object_component_ref idref="oc-f4"/>
      </symbol>
      <symbol id="sm-4a9">
         <name>abort</name>
         <value>0x38b5</value>
         <object_component_ref idref="oc-f4"/>
      </symbol>
      <symbol id="sm-4aa">
         <name>__TI_dtors_ptr</name>
         <value>0x200005dc</value>
         <object_component_ref idref="oc-178"/>
      </symbol>
      <symbol id="sm-4ab">
         <name>__TI_cleanup_ptr</name>
         <value>0x200005d8</value>
         <object_component_ref idref="oc-178"/>
      </symbol>
      <symbol id="sm-4ac">
         <name>__TI_enable_exit_profile_output</name>
         <value>0x200005e0</value>
         <object_component_ref idref="oc-178"/>
      </symbol>
      <symbol id="sm-4ad">
         <name>exit</name>
         <value>0x3395</value>
         <object_component_ref idref="oc-fa"/>
      </symbol>
      <symbol id="sm-4c2">
         <name>_nop</name>
         <value>0xb33</value>
         <object_component_ref idref="oc-1e3"/>
      </symbol>
      <symbol id="sm-4c3">
         <name>_lock</name>
         <value>0x200005e4</value>
         <object_component_ref idref="oc-13c"/>
      </symbol>
      <symbol id="sm-4c4">
         <name>_unlock</name>
         <value>0x200005e8</value>
         <object_component_ref idref="oc-13c"/>
      </symbol>
      <symbol id="sm-4da">
         <name>atoi</name>
         <value>0x3349</value>
         <object_component_ref idref="oc-19c"/>
      </symbol>
      <symbol id="sm-4e5">
         <name>_ctypes_</name>
         <value>0x3ccd</value>
         <object_component_ref idref="oc-225"/>
      </symbol>
      <symbol id="sm-4fa">
         <name>__TI_tmpnams</name>
         <value>0x2000071c</value>
      </symbol>
      <symbol id="sm-4fb">
         <name>__aeabi_stdout</name>
         <value>0x200005d0</value>
         <object_component_ref idref="oc-38e"/>
      </symbol>
      <symbol id="sm-4fc">
         <name>__aeabi_stderr</name>
         <value>0x200005d4</value>
         <object_component_ref idref="oc-38e"/>
      </symbol>
      <symbol id="sm-4fd">
         <name>__aeabi_stdin</name>
         <value>0x200005cc</value>
         <object_component_ref idref="oc-38e"/>
      </symbol>
      <symbol id="sm-4fe">
         <name>_ftable</name>
         <value>0x20000400</value>
         <object_component_ref idref="oc-13f"/>
      </symbol>
      <symbol id="sm-4ff">
         <name>__TI_ft_end</name>
         <value>0x200005c8</value>
         <object_component_ref idref="oc-38e"/>
      </symbol>
      <symbol id="sm-50e">
         <name>ltoa</name>
         <value>0x3257</value>
         <object_component_ref idref="oc-245"/>
      </symbol>
      <symbol id="sm-51e">
         <name>memccpy</name>
         <value>0x37dd</value>
         <object_component_ref idref="oc-1c5"/>
      </symbol>
      <symbol id="sm-52e">
         <name>memchr</name>
         <value>0x3785</value>
         <object_component_ref idref="oc-2ad"/>
      </symbol>
      <symbol id="sm-5b7">
         <name>_sys_memory</name>
         <value>0x20000000</value>
         <object_component_ref idref="oc-26"/>
      </symbol>
      <symbol id="sm-5b8">
         <name>free</name>
         <value>0x26b9</value>
         <object_component_ref idref="oc-33f"/>
      </symbol>
      <symbol id="sm-5b9">
         <name>memalign</name>
         <value>0x2281</value>
         <object_component_ref idref="oc-381"/>
      </symbol>
      <symbol id="sm-5ba">
         <name>malloc</name>
         <value>0x38a1</value>
         <object_component_ref idref="oc-345"/>
      </symbol>
      <symbol id="sm-5bb">
         <name>aligned_alloc</name>
         <value>0x2281</value>
         <object_component_ref idref="oc-381"/>
      </symbol>
      <symbol id="sm-5cb">
         <name>strchr</name>
         <value>0x382b</value>
         <object_component_ref idref="oc-27c"/>
      </symbol>
      <symbol id="sm-5d9">
         <name>strlen</name>
         <value>0x3855</value>
         <object_component_ref idref="oc-196"/>
      </symbol>
      <symbol id="sm-5f3">
         <name>write</name>
         <value>0x375d</value>
         <object_component_ref idref="oc-2b9"/>
      </symbol>
      <symbol id="sm-604">
         <name>_stream</name>
         <value>0x20000568</value>
         <object_component_ref idref="oc-31d"/>
      </symbol>
      <symbol id="sm-605">
         <name>_device</name>
         <value>0x200004f0</value>
         <object_component_ref idref="oc-35e"/>
      </symbol>
      <symbol id="sm-618">
         <name>__stack</name>
         <value>0x2000fe00</value>
         <object_component_ref idref="oc-29"/>
      </symbol>
      <symbol id="sm-619">
         <name>_c_int00_noargs</name>
         <value>0x364d</value>
         <object_component_ref idref="oc-55"/>
      </symbol>
      <symbol id="sm-62f">
         <name>__aeabi_errno_addr</name>
         <value>0x3899</value>
         <object_component_ref idref="oc-1d1"/>
      </symbol>
      <symbol id="sm-630">
         <name>errno</name>
         <value>0x200005f4</value>
         <object_component_ref idref="oc-28c"/>
      </symbol>
      <symbol id="sm-649">
         <name>wcslen</name>
         <value>0x3869</value>
         <object_component_ref idref="oc-1cb"/>
      </symbol>
      <symbol id="sm-669">
         <name>frexpl</name>
         <value>0x2f69</value>
         <object_component_ref idref="oc-270"/>
      </symbol>
      <symbol id="sm-66a">
         <name>frexp</name>
         <value>0x2f69</value>
         <object_component_ref idref="oc-270"/>
      </symbol>
      <symbol id="sm-687">
         <name>scalbn</name>
         <value>0x24ad</value>
         <object_component_ref idref="oc-276"/>
      </symbol>
      <symbol id="sm-688">
         <name>scalbnl</name>
         <value>0x24ad</value>
         <object_component_ref idref="oc-276"/>
      </symbol>
      <symbol id="sm-689">
         <name>ldexpl</name>
         <value>0x24ad</value>
         <object_component_ref idref="oc-276"/>
      </symbol>
      <symbol id="sm-68a">
         <name>ldexp</name>
         <value>0x24ad</value>
         <object_component_ref idref="oc-276"/>
      </symbol>
      <symbol id="sm-69a">
         <name>__TI_doflush</name>
         <value>0x32fd</value>
         <object_component_ref idref="oc-2b3"/>
      </symbol>
      <symbol id="sm-6aa">
         <name>__TI_cleanup</name>
         <value>0x35e5</value>
         <object_component_ref idref="oc-34b"/>
      </symbol>
      <symbol id="sm-6bc">
         <name>fseek</name>
         <value>0x2fcd</value>
         <object_component_ref idref="oc-30b"/>
      </symbol>
      <symbol id="sm-6c6">
         <name>__aeabi_idiv0</name>
         <value>0x1ee7</value>
         <object_component_ref idref="oc-2d6"/>
      </symbol>
      <symbol id="sm-6c7">
         <name>__aeabi_ldiv0</name>
         <value>0x1ee7</value>
         <object_component_ref idref="oc-2d6"/>
      </symbol>
      <symbol id="sm-6ef">
         <name>__TI_auto_init_nobinit_nopinit</name>
         <value>0x34ad</value>
         <object_component_ref idref="oc-100"/>
      </symbol>
      <symbol id="sm-6f9">
         <name>_system_pre_init</name>
         <value>0x38b1</value>
         <object_component_ref idref="oc-9d"/>
      </symbol>
      <symbol id="sm-70c">
         <name>HOSTclose</name>
         <value>0x3425</value>
         <object_component_ref idref="oc-39a"/>
      </symbol>
      <symbol id="sm-71d">
         <name>HOSTlseek</name>
         <value>0x2e31</value>
         <object_component_ref idref="oc-3ac"/>
      </symbol>
      <symbol id="sm-72f">
         <name>parmbuf</name>
         <value>0x200007bc</value>
      </symbol>
      <symbol id="sm-730">
         <name>HOSTopen</name>
         <value>0x3095</value>
         <object_component_ref idref="oc-394"/>
      </symbol>
      <symbol id="sm-741">
         <name>HOSTread</name>
         <value>0x3151</value>
         <object_component_ref idref="oc-3a0"/>
      </symbol>
      <symbol id="sm-752">
         <name>HOSTrename</name>
         <value>0x2dc5</value>
         <object_component_ref idref="oc-3b8"/>
      </symbol>
      <symbol id="sm-763">
         <name>HOSTunlink</name>
         <value>0x3469</value>
         <object_component_ref idref="oc-3b2"/>
      </symbol>
      <symbol id="sm-774">
         <name>HOSTwrite</name>
         <value>0x31a9</value>
         <object_component_ref idref="oc-3a6"/>
      </symbol>
      <symbol id="sm-798">
         <name>__TI_readmsg</name>
         <value>0x3619</value>
         <object_component_ref idref="oc-3e7"/>
      </symbol>
      <symbol id="sm-799">
         <name>C$$IO$$</name>
         <value>0x35a3</value>
         <object_component_ref idref="oc-3e1"/>
      </symbol>
      <symbol id="sm-79a">
         <name>__CIOBUF_</name>
         <value>0x200005fc</value>
         <object_component_ref idref="oc-412"/>
      </symbol>
      <symbol id="sm-79b">
         <name>__TI_writemsg</name>
         <value>0x3575</value>
         <object_component_ref idref="oc-3e1"/>
      </symbol>
      <symbol id="sm-7ac">
         <name>lseek</name>
         <value>0x3735</value>
         <object_component_ref idref="oc-337"/>
      </symbol>
      <symbol id="sm-7b6">
         <name>copysign</name>
         <value>0x37f9</value>
         <object_component_ref idref="oc-2ef"/>
      </symbol>
      <symbol id="sm-7b7">
         <name>copysignl</name>
         <value>0x37f9</value>
         <object_component_ref idref="oc-2ef"/>
      </symbol>
      <symbol id="sm-7cc">
         <name>__TI_closefile</name>
         <value>0x2c71</value>
         <object_component_ref idref="oc-388"/>
      </symbol>
      <symbol id="sm-7ef">
         <name>finddevice</name>
         <value>0x3681</value>
         <object_component_ref idref="oc-430"/>
      </symbol>
      <symbol id="sm-7f0">
         <name>getdevice</name>
         <value>0x34f1</value>
         <object_component_ref idref="oc-408"/>
      </symbol>
      <symbol id="sm-7ff">
         <name>strcmp</name>
         <value>0x3813</value>
         <object_component_ref idref="oc-447"/>
      </symbol>
      <symbol id="sm-80d">
         <name>strcpy</name>
         <value>0x3841</value>
         <object_component_ref idref="oc-3fb"/>
      </symbol>
      <symbol id="sm-81d">
         <name>strncpy</name>
         <value>0x35ad</value>
         <object_component_ref idref="oc-42a"/>
      </symbol>
      <symbol id="sm-832">
         <name>close</name>
         <value>0x30f5</value>
         <object_component_ref idref="oc-3d0"/>
      </symbol>
      <symbol id="sm-842">
         <name>unlink</name>
         <value>0x36e1</value>
         <object_component_ref idref="oc-3d6"/>
      </symbol>
      <symbol id="sm-843">
         <name>__TI_static_base__</name>
         <value>0x0</value>
      </symbol>
      <symbol id="sm-846">
         <name>__mpu_init</name>
         <value>0x0</value>
      </symbol>
      <symbol id="sm-847">
         <name>_system_post_cinit</name>
         <value>0x0</value>
      </symbol>
      <symbol id="sm-848">
         <name>NMI_Handler</name>
         <value>0x3895</value>
      </symbol>
      <symbol id="sm-849">
         <name>HardFault_Handler</name>
         <value>0x3895</value>
      </symbol>
      <symbol id="sm-84a">
         <name>MemManage_Handler</name>
         <value>0x3895</value>
      </symbol>
      <symbol id="sm-84b">
         <name>BusFault_Handler</name>
         <value>0x3895</value>
      </symbol>
      <symbol id="sm-84c">
         <name>UsageFault_Handler</name>
         <value>0x3895</value>
      </symbol>
      <symbol id="sm-84d">
         <name>SVC_Handler</name>
         <value>0x3895</value>
      </symbol>
      <symbol id="sm-84e">
         <name>DebugMon_Handler</name>
         <value>0x3895</value>
      </symbol>
      <symbol id="sm-84f">
         <name>PendSV_Handler</name>
         <value>0x3895</value>
      </symbol>
      <symbol id="sm-850">
         <name>SysTick_Handler</name>
         <value>0x3895</value>
      </symbol>
      <symbol id="sm-851">
         <name>PSS_IRQHandler</name>
         <value>0x3895</value>
      </symbol>
      <symbol id="sm-852">
         <name>CS_IRQHandler</name>
         <value>0x3895</value>
      </symbol>
      <symbol id="sm-853">
         <name>PCM_IRQHandler</name>
         <value>0x3895</value>
      </symbol>
      <symbol id="sm-854">
         <name>WDT_A_IRQHandler</name>
         <value>0x3895</value>
      </symbol>
      <symbol id="sm-855">
         <name>FPU_IRQHandler</name>
         <value>0x3895</value>
      </symbol>
      <symbol id="sm-856">
         <name>FLCTL_IRQHandler</name>
         <value>0x3895</value>
      </symbol>
      <symbol id="sm-857">
         <name>COMP_E0_IRQHandler</name>
         <value>0x3895</value>
      </symbol>
      <symbol id="sm-858">
         <name>COMP_E1_IRQHandler</name>
         <value>0x3895</value>
      </symbol>
      <symbol id="sm-859">
         <name>TA0_0_IRQHandler</name>
         <value>0x3895</value>
      </symbol>
      <symbol id="sm-85a">
         <name>TA0_N_IRQHandler</name>
         <value>0x3895</value>
      </symbol>
      <symbol id="sm-85b">
         <name>TA1_0_IRQHandler</name>
         <value>0x3895</value>
      </symbol>
      <symbol id="sm-85c">
         <name>TA1_N_IRQHandler</name>
         <value>0x3895</value>
      </symbol>
      <symbol id="sm-85d">
         <name>TA2_0_IRQHandler</name>
         <value>0x3895</value>
      </symbol>
      <symbol id="sm-85e">
         <name>TA2_N_IRQHandler</name>
         <value>0x3895</value>
      </symbol>
      <symbol id="sm-85f">
         <name>TA3_0_IRQHandler</name>
         <value>0x3895</value>
      </symbol>
      <symbol id="sm-860">
         <name>TA3_N_IRQHandler</name>
         <value>0x3895</value>
      </symbol>
      <symbol id="sm-861">
         <name>EUSCIA0_IRQHandler</name>
         <value>0x3895</value>
      </symbol>
      <symbol id="sm-862">
         <name>EUSCIA1_IRQHandler</name>
         <value>0x3895</value>
      </symbol>
      <symbol id="sm-863">
         <name>EUSCIA2_IRQHandler</name>
         <value>0x3895</value>
      </symbol>
      <symbol id="sm-864">
         <name>EUSCIA3_IRQHandler</name>
         <value>0x3895</value>
      </symbol>
      <symbol id="sm-865">
         <name>EUSCIB0_IRQHandler</name>
         <value>0xe9d</value>
      </symbol>
      <symbol id="sm-866">
         <name>EUSCIB1_IRQHandler</name>
         <value>0x3895</value>
      </symbol>
      <symbol id="sm-867">
         <name>EUSCIB2_IRQHandler</name>
         <value>0x3895</value>
      </symbol>
      <symbol id="sm-868">
         <name>EUSCIB3_IRQHandler</name>
         <value>0x3895</value>
      </symbol>
      <symbol id="sm-869">
         <name>ADC14_IRQHandler</name>
         <value>0x19db</value>
      </symbol>
      <symbol id="sm-86a">
         <name>T32_INT1_IRQHandler</name>
         <value>0x3895</value>
      </symbol>
      <symbol id="sm-86b">
         <name>T32_INT2_IRQHandler</name>
         <value>0x3895</value>
      </symbol>
      <symbol id="sm-86c">
         <name>T32_INTC_IRQHandler</name>
         <value>0x3895</value>
      </symbol>
      <symbol id="sm-86d">
         <name>AES256_IRQHandler</name>
         <value>0x3895</value>
      </symbol>
      <symbol id="sm-86e">
         <name>RTC_C_IRQHandler</name>
         <value>0x3895</value>
      </symbol>
      <symbol id="sm-86f">
         <name>DMA_ERR_IRQHandler</name>
         <value>0x3895</value>
      </symbol>
      <symbol id="sm-870">
         <name>DMA_INT3_IRQHandler</name>
         <value>0x3895</value>
      </symbol>
      <symbol id="sm-871">
         <name>DMA_INT2_IRQHandler</name>
         <value>0x3895</value>
      </symbol>
      <symbol id="sm-872">
         <name>DMA_INT1_IRQHandler</name>
         <value>0x3895</value>
      </symbol>
      <symbol id="sm-873">
         <name>DMA_INT0_IRQHandler</name>
         <value>0x3895</value>
      </symbol>
      <symbol id="sm-874">
         <name>PORT1_IRQHandler</name>
         <value>0x3895</value>
      </symbol>
      <symbol id="sm-875">
         <name>PORT2_IRQHandler</name>
         <value>0x3895</value>
      </symbol>
      <symbol id="sm-876">
         <name>PORT3_IRQHandler</name>
         <value>0x3895</value>
      </symbol>
      <symbol id="sm-877">
         <name>PORT4_IRQHandler</name>
         <value>0x3895</value>
      </symbol>
      <symbol id="sm-878">
         <name>PORT5_IRQHandler</name>
         <value>0x3895</value>
      </symbol>
      <symbol id="sm-879">
         <name>PORT6_IRQHandler</name>
         <value>0x3895</value>
      </symbol>
      <symbol id="sm-87a">
         <name>remove</name>
         <value>0x36e1</value>
      </symbol>
   </symbol_table>
   <title>Link successful</title>
</link_info>
